Archive member included to satisfy reference by file (symbol)

ym/microbit/source/microbit.a(MicroBit.cpp.o)
                              source/CMakeFiles/microbit-samples.dir/C_/Users/peppe.ggu/Desktop/microbitprove/microbit-samples/source/main.cpp.o (MicroBit::MicroBit())
ym/microbit-dal/source/microbit-dal.a(MicroBitDevice.cpp.o)
                              ym/microbit/source/microbit.a(MicroBit.cpp.o) (microbit_serial_number())
ym/microbit-dal/source/microbit-dal.a(MicroBitFiber.cpp.o)
                              ym/microbit/source/microbit.a(MicroBit.cpp.o) (scheduler_init(EventModel&))
ym/microbit-dal/source/microbit-dal.a(MicroBitFont.cpp.o)
                              ym/microbit-dal/source/microbit-dal.a(MicroBitDevice.cpp.o) (MicroBitFont::defaultFont)
ym/microbit-dal/source/microbit-dal.a(MicroBitHeapAllocator.cpp.o)
                              ym/microbit/source/microbit.a(MicroBit.cpp.o) (microbit_create_heap(unsigned long, unsigned long))
ym/microbit-dal/source/microbit-dal.a(MicroBitListener.cpp.o)
                              source/CMakeFiles/microbit-samples.dir/C_/Users/peppe.ggu/Desktop/microbitprove/microbit-samples/source/main.cpp.o (MicroBitListener::MicroBitListener(unsigned short, unsigned short, void (*)(MicroBitEvent), unsigned short))
ym/microbit-dal/source/microbit-dal.a(MicroBitSystemTimer.cpp.o)
                              ym/microbit-dal/source/microbit-dal.a(MicroBitFiber.cpp.o) (system_timer_current_time())
ym/microbit-dal/source/microbit-dal.a(ManagedString.cpp.o)
                              source/CMakeFiles/microbit-samples.dir/C_/Users/peppe.ggu/Desktop/microbitprove/microbit-samples/source/main.cpp.o (ManagedString::~ManagedString())
ym/microbit-dal/source/microbit-dal.a(MicroBitEvent.cpp.o)
                              ym/microbit/source/microbit.a(MicroBit.cpp.o) (MicroBitEvent::MicroBitEvent())
ym/microbit-dal/source/microbit-dal.a(MicroBitImage.cpp.o)
                              source/CMakeFiles/microbit-samples.dir/C_/Users/peppe.ggu/Desktop/microbitprove/microbit-samples/source/main.cpp.o (MicroBitImage::~MicroBitImage())
ym/microbit-dal/source/microbit-dal.a(PacketBuffer.cpp.o)
                              ym/microbit-dal/source/microbit-dal.a(ManagedString.cpp.o) (PacketBuffer::getBytes())
ym/microbit-dal/source/microbit-dal.a(RefCounted.cpp.o)
                              ym/microbit-dal/source/microbit-dal.a(ManagedString.cpp.o) (RefCounted::init())
ym/microbit-dal/source/microbit-dal.a(MicroBitAccelerometer.cpp.o)
                              ym/microbit/source/microbit.a(MicroBit.cpp.o) (MicroBitAccelerometer::autoDetect(MicroBitI2C&))
ym/microbit-dal/source/microbit-dal.a(MicroBitButton.cpp.o)
                              source/CMakeFiles/microbit-samples.dir/C_/Users/peppe.ggu/Desktop/microbitprove/microbit-samples/source/main.cpp.o (MicroBitButton::~MicroBitButton())
ym/microbit-dal/source/microbit-dal.a(MicroBitCompass.cpp.o)
                              ym/microbit/source/microbit.a(MicroBit.cpp.o) (MicroBitCompass::autoDetect(MicroBitI2C&))
ym/microbit-dal/source/microbit-dal.a(MicroBitCompassCalibrator.cpp.o)
                              ym/microbit/source/microbit.a(MicroBit.cpp.o) (MicroBitCompassCalibrator::MicroBitCompassCalibrator(MicroBitCompass&, MicroBitAccelerometer&, MicroBitDisplay&, MicroBitStorage&))
ym/microbit-dal/source/microbit-dal.a(MicroBitDisplay.cpp.o)
                              source/CMakeFiles/microbit-samples.dir/C_/Users/peppe.ggu/Desktop/microbitprove/microbit-samples/source/main.cpp.o (MicroBitDisplay::~MicroBitDisplay())
ym/microbit-dal/source/microbit-dal.a(MicroBitI2C.cpp.o)
                              ym/microbit/source/microbit.a(MicroBit.cpp.o) (MicroBitI2C::MicroBitI2C(PinName, PinName))
ym/microbit-dal/source/microbit-dal.a(MicroBitIO.cpp.o)
                              ym/microbit/source/microbit.a(MicroBit.cpp.o) (MicroBitIO::MicroBitIO(int, int, int, int, int, int, int, int, int, int, int, int, int, int, int, int, int, int, int))
ym/microbit-dal/source/microbit-dal.a(MicroBitLightSensor.cpp.o)
                              ym/microbit-dal/source/microbit-dal.a(MicroBitDisplay.cpp.o) (MicroBitLightSensor::read())
ym/microbit-dal/source/microbit-dal.a(MicroBitMessageBus.cpp.o)
                              source/CMakeFiles/microbit-samples.dir/C_/Users/peppe.ggu/Desktop/microbitprove/microbit-samples/source/main.cpp.o (MicroBitMessageBus::add(MicroBitListener*))
ym/microbit-dal/source/microbit-dal.a(MicroBitMultiButton.cpp.o)
                              ym/microbit/source/microbit.a(MicroBit.cpp.o) (MicroBitMultiButton::setEventConfiguration(MicroBitButtonEventConfiguration))
ym/microbit-dal/source/microbit-dal.a(MicroBitPin.cpp.o)
                              ym/microbit-dal/source/microbit-dal.a(MicroBitAccelerometer.cpp.o) (MicroBitPin::MicroBitPin(int, PinName, PinCapability))
[...]
Memory Configuration

Name             Origin             Length             Attributes
FLASH            0x00018000         0x00028000         xr
RAM              0x20002000         0x00002000         xrw
*default*        0x00000000         0xffffffff

Linker script and memory map

LOAD c:/progra~2/gnuarm~1/92020-~1/bin/../lib/gcc/arm-none-eabi/9.3.1/thumb/v6-m/nofp/crti.o
LOAD c:/progra~2/gnuarm~1/92020-~1/bin/../lib/gcc/arm-none-eabi/9.3.1/thumb/v6-m/nofp/crtbegin.o
LOAD c:/progra~2/gnuarm~1/92020-~1/bin/../lib/gcc/arm-none-eabi/9.3.1/../../../../arm-none-eabi/lib/thumb/v6-m/nofp/crt0.o
START GROUP
LOAD source/CMakeFiles/microbit-samples.dir/C_/Users/peppe.ggu/Desktop/microbitprove/microbit-samples/source/Orologio.cpp.o
LOAD source/CMakeFiles/microbit-samples.dir/C_/Users/peppe.ggu/Desktop/microbitprove/microbit-samples/source/main.cpp.o
LOAD ym/microbit/source/microbit.a
LOAD ym/microbit-dal/source/microbit-dal.a
LOAD ym/ble/source/ble.a
LOAD ym/ble-nrf51822/source/ble-nrf51822.a
LOAD ym/ble/source/ble.a
LOAD ym/ble-nrf51822/source/ble-nrf51822.a
LOAD ym/nrf51-sdk/source/nrf51-sdk.a
LOAD ym/mbed-classic/existing/mbed-classic.a
LOAD c:/progra~2/gnuarm~1/92020-~1/bin/../lib/gcc/arm-none-eabi/9.3.1/../../../../arm-none-eabi/lib/thumb/v6-m/nofp\libnosys.a
LOAD c:/progra~2/gnuarm~1/92020-~1/bin/../lib/gcc/arm-none-eabi/9.3.1/../../../../arm-none-eabi/lib/thumb/v6-m/nofp\libstdc++_nano.a
LOAD c:/progra~2/gnuarm~1/92020-~1/bin/../lib/gcc/arm-none-eabi/9.3.1/../../../../arm-none-eabi/lib/thumb/v6-m/nofp\libsupc++_nano.a
LOAD c:/progra~2/gnuarm~1/92020-~1/bin/../lib/gcc/arm-none-eabi/9.3.1/thumb/v6-m/nofp\libgcc.a
LOAD c:/progra~2/gnuarm~1/92020-~1/bin/../lib/gcc/arm-none-eabi/9.3.1/../../../../arm-none-eabi/lib/thumb/v6-m/nofp\libstdc++_nano.a
LOAD c:/progra~2/gnuarm~1/92020-~1/bin/../lib/gcc/arm-none-eabi/9.3.1/../../../../arm-none-eabi/lib/thumb/v6-m/nofp\libsupc++_nano.a
LOAD c:/progra~2/gnuarm~1/92020-~1/bin/../lib/gcc/arm-none-eabi/9.3.1/../../../../arm-none-eabi/lib/thumb/v6-m/nofp\libm.a
LOAD c:/progra~2/gnuarm~1/92020-~1/bin/../lib/gcc/arm-none-eabi/9.3.1/../../../../arm-none-eabi/lib/thumb/v6-m/nofp\libc_nano.a
LOAD c:/progra~2/gnuarm~1/92020-~1/bin/../lib/gcc/arm-none-eabi/9.3.1/thumb/v6-m/nofp\libgcc.a
END GROUP
LOAD c:/progra~2/gnuarm~1/92020-~1/bin/../lib/gcc/arm-none-eabi/9.3.1/../../../../arm-none-eabi/lib/thumb/v6-m/nofp\libstdc++_nano.a
LOAD c:/progra~2/gnuarm~1/92020-~1/bin/../lib/gcc/arm-none-eabi/9.3.1/../../../../arm-none-eabi/lib/thumb/v6-m/nofp\libm.a
LOAD c:/progra~2/gnuarm~1/92020-~1/bin/../lib/gcc/arm-none-eabi/9.3.1/../../../../arm-none-eabi/lib/thumb/v6-m/nofp\libc_nano.a
START GROUP
LOAD c:/progra~2/gnuarm~1/92020-~1/bin/../lib/gcc/arm-none-eabi/9.3.1/thumb/v6-m/nofp\libgcc.a
LOAD c:/progra~2/gnuarm~1/92020-~1/bin/../lib/gcc/arm-none-eabi/9.3.1/../../../../arm-none-eabi/lib/thumb/v6-m/nofp\libc_nano.a
END GROUP
START GROUP
LOAD c:/progra~2/gnuarm~1/92020-~1/bin/../lib/gcc/arm-none-eabi/9.3.1/thumb/v6-m/nofp\libgcc.a
LOAD c:/progra~2/gnuarm~1/92020-~1/bin/../lib/gcc/arm-none-eabi/9.3.1/../../../../arm-none-eabi/lib/thumb/v6-m/nofp\libc_nano.a
END GROUP
LOAD c:/progra~2/gnuarm~1/92020-~1/bin/../lib/gcc/arm-none-eabi/9.3.1/thumb/v6-m/nofp/crtend.o
LOAD c:/progra~2/gnuarm~1/92020-~1/bin/../lib/gcc/arm-none-eabi/9.3.1/thumb/v6-m/nofp/crtn.o

.text           0x00018000    0x109c4
 *(SORT_BY_ALIGNMENT(.Vectors))
 .Vectors       0x00018000       0xc0 ym/mbed-classic/existing/mbed-classic.a(startup_NRF51822.S.obj)
                0x00018000                __Vectors
 *(SORT_BY_ALIGNMENT(.text*))
 .text          0x000180c0       0x48 c:/progra~2/gnuarm~1/92020-~1/bin/../lib/gcc/arm-none-eabi/9.3.1/thumb/v6-m/nofp/crtbegin.o
 .text          0x00018108       0x80 c:/progra~2/gnuarm~1/92020-~1/bin/../lib/gcc/arm-none-eabi/9.3.1/../../../../arm-none-eabi/lib/thumb/v6-m/nofp/crt0.o
                0x00018108                _stack_init
                0x00018114                _start
                0x00018114                _mainCRTStartup
 .text._ZN8Orologio10startClockEv
                0x00018188       0x74 source/CMakeFiles/microbit-samples.dir/C_/Users/peppe.ggu/Desktop/microbitprove/microbit-samples/source/Orologio.cpp.o
                0x00018188                Orologio::startClock()
 .text._ZN8Orologio4initE4data
                0x000181fc       0x50 source/CMakeFiles/microbit-samples.dir/C_/Users/peppe.ggu/Desktop/microbitprove/microbit-samples/source/Orologio.cpp.o
                0x000181fc                Orologio::init(data)
 .text._ZN8Orologio6isInitEv
                0x0001824c        0xc source/CMakeFiles/microbit-samples.dir/C_/Users/peppe.ggu/Desktop/microbitprove/microbit-samples/source/Orologio.cpp.o
                0x0001824c                Orologio::isInit()
 .text._ZN8Orologio7getDataEv
                0x00018258       0x14 source/CMakeFiles/microbit-samples.dir/C_/Users/peppe.ggu/Desktop/microbitprove/microbit-samples/source/Orologio.cpp.o
                0x00018258                Orologio::getData()
 .text._ZN8Orologio7setDataE4data
                0x0001826c       0x2c source/CMakeFiles/microbit-samples.dir/C_/Users/peppe.ggu/Desktop/microbitprove/microbit-samples/source/Orologio.cpp.o
                0x0001826c                Orologio::setData(data)
 .text._ZN14MicroBitSerialD2Ev
                0x00018298       0x18 source/CMakeFiles/microbit-samples.dir/C_/Users/peppe.ggu/Desktop/microbitprove/microbit-samples/source/main.cpp.o
                0x00018298                MicroBitSerial::~MicroBitSerial()
                0x00018298                MicroBitSerial::~MicroBitSerial()
 .text._Z11onConnected13MicroBitEvent
                0x000182b0      0x224 source/CMakeFiles/microbit-samples.dir/C_/Users/peppe.ggu/Desktop/microbitprove/microbit-samples/source/main.cpp.o
                0x000182b0                onConnected(MicroBitEvent)
 .text.startup._GLOBAL__sub_I_uBit
                0x000184d4       0x6c source/CMakeFiles/microbit-samples.dir/C_/Users/peppe.ggu/Desktop/microbitprove/microbit-samples/source/main.cpp.o
 .text._ZN8MicroBitD2Ev
                0x00018540       0x58 source/CMakeFiles/microbit-samples.dir/C_/Users/peppe.ggu/Desktop/microbitprove/microbit-samples/source/main.cpp.o
                0x00018540                MicroBit::~MicroBit()
                0x00018540                MicroBit::~MicroBit()
 .text.startup.main
                0x00018598      0x41c source/CMakeFiles/microbit-samples.dir/C_/Users/peppe.ggu/Desktop/microbitprove/microbit-samples/source/main.cpp.o
                0x00018598                main
 .text._ZN8MicroBitC2Ev
                0x000189b4      0x170 ym/microbit/source/microbit.a(MicroBit.cpp.o)
                0x000189b4                MicroBit::MicroBit()
                0x000189b4                MicroBit::MicroBit()
 .text._ZN8MicroBit4initEv
                0x00018b24      0x20c ym/microbit/source/microbit.a(MicroBit.cpp.o)
                0x00018b24                MicroBit::init()
 .text.NVIC_SystemReset
                0x00018d30       0x18 ym/microbit-dal/source/microbit-dal.a(MicroBitDevice.cpp.o)
 .text._Z22microbit_friendly_namev
                0x00018d48       0x6c ym/microbit-dal/source/microbit-dal.a(MicroBitDevice.cpp.o)
                0x00018d48                microbit_friendly_name()
 .text._Z14microbit_panici
                0x00018db4      0x154 ym/microbit-dal/source/microbit-dal.a(MicroBitDevice.cpp.o)
                0x00018db4                microbit_panic(int)
 .text._Z20microbit_seed_randomv
                0x00018f08       0x60 ym/microbit-dal/source/microbit-dal.a(MicroBitDevice.cpp.o)
                0x00018f08                microbit_seed_random()
 .text._ZN10EventModel6listenEiiPFv13MicroBitEventEt
                0x00018f68       0x5c ym/microbit-dal/source/microbit-dal.a(MicroBitFiber.cpp.o)
                0x00018f68                EventModel::listen(int, int, void (*)(MicroBitEvent), unsigned short)
 .text._Z14scheduler_tickv
                0x00018fc4       0x38 ym/microbit-dal/source/microbit-dal.a(MicroBitFiber.cpp.o)
                0x00018fc4                scheduler_tick()
 .text._Z15scheduler_event13MicroBitEvent
                0x00018ffc       0xcc ym/microbit-dal/source/microbit-dal.a(MicroBitFiber.cpp.o)
                0x00018ffc                scheduler_event(MicroBitEvent)
 .text._Z15getFiberContextv
                0x000190c8       0x3c ym/microbit-dal/source/microbit-dal.a(MicroBitFiber.cpp.o)
                0x000190c8                getFiberContext()
 .text._Z14scheduler_initR10EventModel
                0x00019104       0xac ym/microbit-dal/source/microbit-dal.a(MicroBitFiber.cpp.o)
                0x00019104                scheduler_init(EventModel&)
 .text._Z23fiber_scheduler_runningv
                0x000191b0       0x10 ym/microbit-dal/source/microbit-dal.a(MicroBitFiber.cpp.o)
                0x000191b0                fiber_scheduler_running()
 .text._Z14__create_fibermmmi
                0x000191c0       0x50 ym/microbit-dal/source/microbit-dal.a(MicroBitFiber.cpp.o)
                0x000191c0                __create_fiber(unsigned long, unsigned long, unsigned long, int)
 .text._Z12create_fiberPFvvES0_
                0x00019210       0x24 ym/microbit-dal/source/microbit-dal.a(MicroBitFiber.cpp.o)
                0x00019210                create_fiber(void (*)(), void (*)())
 .text._Z12create_fiberPFvPvES_S1_
                0x00019234       0x24 ym/microbit-dal/source/microbit-dal.a(MicroBitFiber.cpp.o)
                0x00019234                create_fiber(void (*)(void*), void*, void (*)(void*))
 .text._Z24scheduler_runqueue_emptyv
                0x00019258       0x10 ym/microbit-dal/source/microbit-dal.a(MicroBitFiber.cpp.o)
                0x00019258                scheduler_runqueue_empty()
 .text._Z24fiber_add_idle_componentP17MicroBitComponent
                0x00019268       0x1c ym/microbit-dal/source/microbit-dal.a(MicroBitFiber.cpp.o)
                0x00019268                fiber_add_idle_component(MicroBitComponent*)
 .text._Z27fiber_remove_idle_componentP17MicroBitComponent
                0x00019284       0x1c ym/microbit-dal/source/microbit-dal.a(MicroBitFiber.cpp.o)
                0x00019284                fiber_remove_idle_component(MicroBitComponent*)
 .text._Z4idlev
                0x000192a0       0x30 ym/microbit-dal/source/microbit-dal.a(MicroBitFiber.cpp.o)
                0x000192a0                idle()
 .text._Z8schedulev
                0x000192d0       0xd4 ym/microbit-dal/source/microbit-dal.a(MicroBitFiber.cpp.o)
                0x000192d0                schedule()
 .text._Z11fiber_sleepm
                0x000193a4       0x58 ym/microbit-dal/source/microbit-dal.a(MicroBitFiber.cpp.o)
                0x000193a4                fiber_sleep(unsigned long)
 .text._Z19fiber_wake_on_eventtt
                0x000193fc       0xa0 ym/microbit-dal/source/microbit-dal.a(MicroBitFiber.cpp.o)
                0x000193fc                fiber_wake_on_event(unsigned short, unsigned short)
 .text._Z13release_fiberv
                0x0001949c       0x2c ym/microbit-dal/source/microbit-dal.a(MicroBitFiber.cpp.o)
                0x0001949c                release_fiber()
 .text._Z13release_fiberPv
                0x000194c8       0x14 ym/microbit-dal/source/microbit-dal.a(MicroBitFiber.cpp.o)
                0x000194c8                release_fiber(void*)
 .text._Z6invokePFvPvES_
                0x000194dc       0x90 ym/microbit-dal/source/microbit-dal.a(MicroBitFiber.cpp.o)
                0x000194dc                invoke(void (*)(void*), void*)
 .text._ZN12MicroBitFont13getSystemFontEv
                0x0001956c       0x10 ym/microbit-dal/source/microbit-dal.a(MicroBitFont.cpp.o)
                0x0001956c                MicroBitFont::getSystemFont()
 .text.startup._GLOBAL__sub_I__ZN12MicroBitFont11defaultFontE
                0x0001957c       0x18 ym/microbit-dal/source/microbit-dal.a(MicroBitFont.cpp.o)
 .text._Z20microbit_create_heapmm
                0x00019594       0x5c ym/microbit-dal/source/microbit-dal.a(MicroBitHeapAllocator.cpp.o)
                0x00019594                microbit_create_heap(unsigned long, unsigned long)
 .text.malloc   0x000195f0       0x68 ym/microbit-dal/source/microbit-dal.a(MicroBitHeapAllocator.cpp.o)
                0x000195f0                malloc
 .text.free     0x00019658       0x50 ym/microbit-dal/source/microbit-dal.a(MicroBitHeapAllocator.cpp.o)
                0x00019658                free
 .text._Z23system_timer_set_periodi
                0x000196a8       0x44 ym/microbit-dal/source/microbit-dal.a(MicroBitSystemTimer.cpp.o)
                0x000196a8                system_timer_set_period(int)
 .text._Z17system_timer_initi
                0x000196ec       0x54 ym/microbit-dal/source/microbit-dal.a(MicroBitSystemTimer.cpp.o)
                0x000196ec                system_timer_init(int)
 .text._Z23system_timer_get_periodv
                0x00019740        0xc ym/microbit-dal/source/microbit-dal.a(MicroBitSystemTimer.cpp.o)
                0x00019740                system_timer_get_period()
 .text._Z11update_timev
                0x0001974c       0x44 ym/microbit-dal/source/microbit-dal.a(MicroBitSystemTimer.cpp.o)
                0x0001974c                update_time()
 .text._Z17system_timer_tickv
                0x00019790       0x24 ym/microbit-dal/source/microbit-dal.a(MicroBitSystemTimer.cpp.o)
                0x00019790                system_timer_tick()
 .text._Z25system_timer_current_timev
                0x000197b4       0x1c ym/microbit-dal/source/microbit-dal.a(MicroBitSystemTimer.cpp.o)
                0x000197b4                system_timer_current_time()
 .text._Z28system_timer_current_time_usv
                0x000197d0       0x14 ym/microbit-dal/source/microbit-dal.a(MicroBitSystemTimer.cpp.o)
                0x000197d0                system_timer_current_time_us()
 .text._Z26system_timer_add_componentP17MicroBitComponent
                0x000197e4       0x3c ym/microbit-dal/source/microbit-dal.a(MicroBitSystemTimer.cpp.o)
                0x000197e4                system_timer_add_component(MicroBitComponent*)
 .text._Z29system_timer_remove_componentP17MicroBitComponent
                0x00019820       0x1c ym/microbit-dal/source/microbit-dal.a(MicroBitSystemTimer.cpp.o)
                0x00019820                system_timer_remove_component(MicroBitComponent*)
 .text._ZN13ManagedStringC2EPKc
                0x0001983c       0x20 ym/microbit-dal/source/microbit-dal.a(ManagedString.cpp.o)
                0x0001983c                ManagedString::ManagedString(char const*)
                0x0001983c                ManagedString::ManagedString(char const*)
 .text._ZN13ManagedStringC2EPKcs
                0x0001985c       0x54 ym/microbit-dal/source/microbit-dal.a(ManagedString.cpp.o)
                0x0001985c                ManagedString::ManagedString(char const*, short)
                0x0001985c                ManagedString::ManagedString(char const*, short)
 .text._ZN13ManagedStringC2Ev
                0x000198b0        0xc ym/microbit-dal/source/microbit-dal.a(ManagedString.cpp.o)
                0x000198b0                ManagedString::ManagedString()
                0x000198b0                ManagedString::ManagedString()
 .text._ZN13ManagedString9substringEss
                0x000198bc       0x38 ym/microbit-dal/source/microbit-dal.a(ManagedString.cpp.o)
                0x000198bc                ManagedString::substring(short, short)
 .text.startup._GLOBAL__sub_I__ZN13ManagedString9initEmptyEv
                0x000198f4       0x28 ym/microbit-dal/source/microbit-dal.a(ManagedString.cpp.o)
 .text._ZN13MicroBitEvent4fireEv
                0x0001991c       0x28 ym/microbit-dal/source/microbit-dal.a(MicroBitEvent.cpp.o)
                0x0001991c                MicroBitEvent::fire()
 .text._ZN13MicroBitImageC2Ev
                0x00019944        0xc ym/microbit-dal/source/microbit-dal.a(MicroBitImage.cpp.o)
                0x00019944                MicroBitImage::MicroBitImage()
                0x00019944                MicroBitImage::MicroBitImage()
 .text._ZN13MicroBitImageC2EP9ImageData
                0x00019950       0x1c ym/microbit-dal/source/microbit-dal.a(MicroBitImage.cpp.o)
                0x00019950                MicroBitImage::MicroBitImage(ImageData*)
                0x00019950                MicroBitImage::MicroBitImage(ImageData*)
 .text._ZN13MicroBitImage13setPixelValueEssh
                0x0001996c       0x2c ym/microbit-dal/source/microbit-dal.a(MicroBitImage.cpp.o)
                0x0001996c                MicroBitImage::setPixelValue(short, short, unsigned char)
 .text._ZN13MicroBitImage10printImageEssPKh
                0x00019998       0x60 ym/microbit-dal/source/microbit-dal.a(MicroBitImage.cpp.o)
                0x00019998                MicroBitImage::printImage(short, short, unsigned char const*)
 .text._ZN13MicroBitImage4initEssPKh
                0x000199f8       0x4c ym/microbit-dal/source/microbit-dal.a(MicroBitImage.cpp.o)
                0x000199f8                MicroBitImage::init(short, short, unsigned char const*)
 .text._ZN13MicroBitImageC2EPKc
                0x00019a44       0xa0 ym/microbit-dal/source/microbit-dal.a(MicroBitImage.cpp.o)
                0x00019a44                MicroBitImage::MicroBitImage(char const*)
                0x00019a44                MicroBitImage::MicroBitImage(char const*)
 .text._ZN13MicroBitImage5printEcss
                0x00019ae4       0x90 ym/microbit-dal/source/microbit-dal.a(MicroBitImage.cpp.o)
                0x00019ae4                MicroBitImage::print(char, short, short)
 .text._ZN13MicroBitImage9shiftLeftEs
                0x00019b74       0x50 ym/microbit-dal/source/microbit-dal.a(MicroBitImage.cpp.o)
                0x00019b74                MicroBitImage::shiftLeft(short)
 .text.startup._GLOBAL__sub_I__ZN13MicroBitImage10EmptyImageE
                0x00019bc4       0x28 ym/microbit-dal/source/microbit-dal.a(MicroBitImage.cpp.o)
 .text.startup._GLOBAL__sub_I__ZN12PacketBuffer11EmptyPacketE
                0x00019bec       0x24 ym/microbit-dal/source/microbit-dal.a(PacketBuffer.cpp.o)
 .text._ZL16isReadOnlyInlineP10RefCounted.isra.0
                0x00019c10       0x24 ym/microbit-dal/source/microbit-dal.a(RefCounted.cpp.o)
 .text._ZN21MicroBitAccelerometer9configureEv
                0x00019c34        0x8 ym/microbit-dal/source/microbit-dal.a(MicroBitAccelerometer.cpp.o)
                0x00019c34                MicroBitAccelerometer::configure()
 .text._ZN21MicroBitAccelerometer13requestUpdateEv
                0x00019c3c       0x10 ym/microbit-dal/source/microbit-dal.a(MicroBitAccelerometer.cpp.o)
                0x00019c3c                MicroBitAccelerometer::requestUpdate()
 .text._ZN21MicroBitAccelerometerC2ER15CoordinateSpacet
                0x00019c4c       0x50 ym/microbit-dal/source/microbit-dal.a(MicroBitAccelerometer.cpp.o)
                0x00019c4c                MicroBitAccelerometer::MicroBitAccelerometer(CoordinateSpace&, unsigned short)
                0x00019c4c                MicroBitAccelerometer::MicroBitAccelerometer(CoordinateSpace&, unsigned short)
 .text._ZN21MicroBitAccelerometer10autoDetectER11MicroBitI2C
                0x00019c9c      0x168 ym/microbit-dal/source/microbit-dal.a(MicroBitAccelerometer.cpp.o)
                0x00019c9c                MicroBitAccelerometer::autoDetect(MicroBitI2C&)
 .text._ZN21MicroBitAccelerometer20instantaneousPostureEv
                0x00019e04      0x19c ym/microbit-dal/source/microbit-dal.a(MicroBitAccelerometer.cpp.o)
                0x00019e04                MicroBitAccelerometer::instantaneousPosture()
 .text._ZN14MicroBitButton10systemTickEv
                0x00019fa0       0xd8 ym/microbit-dal/source/microbit-dal.a(MicroBitButton.cpp.o)
                0x00019fa0                MicroBitButton::systemTick()
 .text._ZN14MicroBitButtonD2Ev
                0x0001a078       0x18 ym/microbit-dal/source/microbit-dal.a(MicroBitButton.cpp.o)
                0x0001a078                MicroBitButton::~MicroBitButton()
                0x0001a078                MicroBitButton::~MicroBitButton()
 .text._ZN14MicroBitButtonC2E7PinNamet32MicroBitButtonEventConfiguration7PinMode
                0x0001a090       0x58 ym/microbit-dal/source/microbit-dal.a(MicroBitButton.cpp.o)
                0x0001a090                MicroBitButton::MicroBitButton(PinName, unsigned short, MicroBitButtonEventConfiguration, PinMode)
                0x0001a090                MicroBitButton::MicroBitButton(PinName, unsigned short, MicroBitButtonEventConfiguration, PinMode)
 .text._ZN15MicroBitCompass9configureEv
                0x0001a0e8        0x8 ym/microbit-dal/source/microbit-dal.a(MicroBitCompass.cpp.o)
                0x0001a0e8                MicroBitCompass::configure()
 .text._ZN15MicroBitCompass13requestUpdateEv
                0x0001a0f0       0x10 ym/microbit-dal/source/microbit-dal.a(MicroBitCompass.cpp.o)
                0x0001a0f0                MicroBitCompass::requestUpdate()
 .text._ZN15MicroBitCompassC2ER15CoordinateSpacet
                0x0001a100       0x44 ym/microbit-dal/source/microbit-dal.a(MicroBitCompass.cpp.o)
                0x0001a100                MicroBitCompass::MicroBitCompass(CoordinateSpace&, unsigned short)
                0x0001a100                MicroBitCompass::MicroBitCompass(CoordinateSpace&, unsigned short)
 .text._ZN15MicroBitCompass10autoDetectER11MicroBitI2C
                0x0001a144      0x160 ym/microbit-dal/source/microbit-dal.a(MicroBitCompass.cpp.o)
                0x0001a144                MicroBitCompass::autoDetect(MicroBitI2C&)
 .text._ZN25MicroBitCompassCalibrator11calibrateUXE13MicroBitEvent
                0x0001a2a4      0x2a0 ym/microbit-dal/source/microbit-dal.a(MicroBitCompassCalibrator.cpp.o)
                0x0001a2a4                MicroBitCompassCalibrator::calibrateUX(MicroBitEvent)
 .text._ZN10EventModel6listenI25MicroBitCompassCalibratorEEittPT_MS2_Fv13MicroBitEventEt
                0x0001a544       0xa8 ym/microbit-dal/source/microbit-dal.a(MicroBitCompassCalibrator.cpp.o)
                0x0001a544                int EventModel::listen<MicroBitCompassCalibrator>(unsigned short, unsigned short, MicroBitCompassCalibrator*, void (MicroBitCompassCalibrator::*)(MicroBitEvent), unsigned short)
 .text._ZN25MicroBitCompassCalibratorC2ER15MicroBitCompassR21MicroBitAccelerometerR15MicroBitDisplayR15MicroBitStorage
                0x0001a5ec       0x80 ym/microbit-dal/source/microbit-dal.a(MicroBitCompassCalibrator.cpp.o)
                0x0001a5ec                MicroBitCompassCalibrator::MicroBitCompassCalibrator(MicroBitCompass&, MicroBitAccelerometer&, MicroBitDisplay&, MicroBitStorage&)
                0x0001a5ec                MicroBitCompassCalibrator::MicroBitCompassCalibrator(MicroBitCompass&, MicroBitAccelerometer&, MicroBitDisplay&, MicroBitStorage&)
 .text._ZN15MicroBitDisplay15renderGreyscaleEv
                0x0001a66c       0xfc ym/microbit-dal/source/microbit-dal.a(MicroBitDisplay.cpp.o)
                0x0001a66c                MicroBitDisplay::renderGreyscale()
 .text._ZN15MicroBitDisplayD2Ev
                0x0001a768       0x50 ym/microbit-dal/source/microbit-dal.a(MicroBitDisplay.cpp.o)
                0x0001a768                MicroBitDisplay::~MicroBitDisplay()
                0x0001a768                MicroBitDisplay::~MicroBitDisplay()
 .text._ZN15MicroBitDisplayC2EtRK9MatrixMap
                0x0001a7b8       0xd8 ym/microbit-dal/source/microbit-dal.a(MicroBitDisplay.cpp.o)
                0x0001a7b8                MicroBitDisplay::MicroBitDisplay(unsigned short, MatrixMap const&)
                0x0001a7b8                MicroBitDisplay::MicroBitDisplay(unsigned short, MatrixMap const&)
 .text._ZN15MicroBitDisplay6renderEv
                0x0001a890       0xf4 ym/microbit-dal/source/microbit-dal.a(MicroBitDisplay.cpp.o)
                0x0001a890                MicroBitDisplay::render()
 .text._ZN15MicroBitDisplay26sendAnimationCompleteEventEv
                0x0001a984       0x24 ym/microbit-dal/source/microbit-dal.a(MicroBitDisplay.cpp.o)
                0x0001a984                MicroBitDisplay::sendAnimationCompleteEvent()
 .text._ZN15MicroBitDisplay13stopAnimationEv
                0x0001a9a8       0x38 ym/microbit-dal/source/microbit-dal.a(MicroBitDisplay.cpp.o)
                0x0001a9a8                MicroBitDisplay::stopAnimation()
 .text._ZN15MicroBitDisplay18waitForFreeDisplayEv
                0x0001a9e0       0x20 ym/microbit-dal/source/microbit-dal.a(MicroBitDisplay.cpp.o)
                0x0001a9e0                MicroBitDisplay::waitForFreeDisplay()
 .text._ZN15MicroBitDisplay9fiberWaitEv
                0x0001aa00       0x2c ym/microbit-dal/source/microbit-dal.a(MicroBitDisplay.cpp.o)
                0x0001aa00                MicroBitDisplay::fiberWait()
 .text._ZN15MicroBitDisplay10printAsyncE13MicroBitImageiiii
                0x0001aa2c       0x54 ym/microbit-dal/source/microbit-dal.a(MicroBitDisplay.cpp.o)
                0x0001aa2c                MicroBitDisplay::printAsync(MicroBitImage, int, int, int, int)
 .text._ZN15MicroBitDisplay5printE13MicroBitImageiiii
                0x0001aa80       0x68 ym/microbit-dal/source/microbit-dal.a(MicroBitDisplay.cpp.o)
                0x0001aa80                MicroBitDisplay::print(MicroBitImage, int, int, int, int)
 .text._ZN15MicroBitDisplay11scrollAsyncE13ManagedStringi
                0x0001aae8       0x54 ym/microbit-dal/source/microbit-dal.a(MicroBitDisplay.cpp.o)
                0x0001aae8                MicroBitDisplay::scrollAsync(ManagedString, int)
 .text._ZN15MicroBitDisplay12animateAsyncE13MicroBitImageiiii
                0x0001ab3c       0x74 ym/microbit-dal/source/microbit-dal.a(MicroBitDisplay.cpp.o)
                0x0001ab3c                MicroBitDisplay::animateAsync(MicroBitImage, int, int, int, int)
 .text._ZN15MicroBitDisplay7animateE13MicroBitImageiiii
                0x0001abb0       0x60 ym/microbit-dal/source/microbit-dal.a(MicroBitDisplay.cpp.o)
                0x0001abb0                MicroBitDisplay::animate(MicroBitImage, int, int, int, int)
 .text._ZN15MicroBitDisplay13setBrightnessEi
                0x0001ac10       0x14 ym/microbit-dal/source/microbit-dal.a(MicroBitDisplay.cpp.o)
                0x0001ac10                MicroBitDisplay::setBrightness(int)
 .text._ZN11MicroBitI2C4readEiPcib
                0x0001ac24       0x20 ym/microbit-dal/source/microbit-dal.a(MicroBitI2C.cpp.o)
                0x0001ac24                MicroBitI2C::read(int, char*, int, bool)
 .text._ZN11MicroBitI2C5writeEiPKcib
                0x0001ac44       0x20 ym/microbit-dal/source/microbit-dal.a(MicroBitI2C.cpp.o)
                0x0001ac44                MicroBitI2C::write(int, char const*, int, bool)
 .text._ZN11MicroBitI2C12readRegisterEhhPhi
                0x0001ac64       0x4c ym/microbit-dal/source/microbit-dal.a(MicroBitI2C.cpp.o)
                0x0001ac64                MicroBitI2C::readRegister(unsigned char, unsigned char, unsigned char*, int)
 .text._ZN18MicroBitMessageBus6removeEP16MicroBitListener
                0x0001acb0       0x94 ym/microbit-dal/source/microbit-dal.a(MicroBitMessageBus.cpp.o)
                0x0001acb0                MicroBitMessageBus::remove(MicroBitListener*)
 .text._ZN18MicroBitMessageBus3addEP16MicroBitListener
                0x0001ad44       0xd8 ym/microbit-dal/source/microbit-dal.a(MicroBitMessageBus.cpp.o)
                0x0001ad44                MicroBitMessageBus::add(MicroBitListener*)
 .text._ZN18MicroBitMessageBusD2Ev
                0x0001ae1c       0x20 ym/microbit-dal/source/microbit-dal.a(MicroBitMessageBus.cpp.o)
                0x0001ae1c                MicroBitMessageBus::~MicroBitMessageBus()
                0x0001ae1c                MicroBitMessageBus::~MicroBitMessageBus()
 .text._ZThn8_N18MicroBitMessageBusD1Ev
                0x0001ae3c       0x10 ym/microbit-dal/source/microbit-dal.a(MicroBitMessageBus.cpp.o)
                0x0001ae3c                non-virtual thunk to MicroBitMessageBus::~MicroBitMessageBus()
 .text._ZThn8_N18MicroBitMessageBusD0Ev
                0x0001ae4c       0x10 ym/microbit-dal/source/microbit-dal.a(MicroBitMessageBus.cpp.o)
                0x0001ae4c                non-virtual thunk to MicroBitMessageBus::~MicroBitMessageBus()
 .text._ZN18MicroBitMessageBusC2Ev
                0x0001ae5c       0x3c ym/microbit-dal/source/microbit-dal.a(MicroBitMessageBus.cpp.o)
                0x0001ae5c                MicroBitMessageBus::MicroBitMessageBus()
                0x0001ae5c                MicroBitMessageBus::MicroBitMessageBus()
 .text._ZN18MicroBitMessageBus7processER13MicroBitEventb
                0x0001ae98       0x88 ym/microbit-dal/source/microbit-dal.a(MicroBitMessageBus.cpp.o)
                0x0001ae98                MicroBitMessageBus::process(MicroBitEvent&, bool)
 .text._ZThn8_N18MicroBitMessageBus8idleTickEv
                0x0001af20       0x10 ym/microbit-dal/source/microbit-dal.a(MicroBitMessageBus.cpp.o)
                0x0001af20                non-virtual thunk to MicroBitMessageBus::idleTick()
 .text._ZN10EventModel6listenI19MicroBitMultiButtonEEittPT_MS2_Fv13MicroBitEventEt
                0x0001af30       0xa8 ym/microbit-dal/source/microbit-dal.a(MicroBitMultiButton.cpp.o)
                0x0001af30                int EventModel::listen<MicroBitMultiButton>(unsigned short, unsigned short, MicroBitMultiButton*, void (MicroBitMultiButton::*)(MicroBitEvent), unsigned short)
 .text._ZN19MicroBitMultiButtonC2Ettt
                0x0001afd8       0x70 ym/microbit-dal/source/microbit-dal.a(MicroBitMultiButton.cpp.o)
                0x0001afd8                MicroBitMultiButton::MicroBitMultiButton(unsigned short, unsigned short, unsigned short)
                0x0001afd8                MicroBitMultiButton::MicroBitMultiButton(unsigned short, unsigned short, unsigned short)
 .text._ZN11MicroBitPinC2Ei7PinName13PinCapability
                0x0001b048       0x1c ym/microbit-dal/source/microbit-dal.a(MicroBitPin.cpp.o)
                0x0001b048                MicroBitPin::MicroBitPin(int, PinName, PinCapability)
                0x0001b048                MicroBitPin::MicroBitPin(int, PinName, PinCapability)
 .text._ZN11MicroBitPin10disconnectEv
                0x0001b064       0x88 ym/microbit-dal/source/microbit-dal.a(MicroBitPin.cpp.o)
                0x0001b064                MicroBitPin::disconnect()
 .text._ZN11MicroBitPin15getDigitalValueEv
                0x0001b0ec       0x70 ym/microbit-dal/source/microbit-dal.a(MicroBitPin.cpp.o)
                0x0001b0ec                MicroBitPin::getDigitalValue()
 .text._ZN11MicroBitPin7setPullE7PinMode
                0x0001b15c       0x2c ym/microbit-dal/source/microbit-dal.a(MicroBitPin.cpp.o)
                0x0001b15c                MicroBitPin::setPull(PinMode)
 .text._ZN13MicroBitRadioC2Et
                0x0001b188       0x40 ym/microbit-dal/source/microbit-dal.a(MicroBitRadio.cpp.o)
                0x0001b188                MicroBitRadio::MicroBitRadio(unsigned short)
                0x0001b188                MicroBitRadio::MicroBitRadio(unsigned short)
 .text._ZN13MicroBitRadio7setRSSIEi
                0x0001b1c8       0x14 ym/microbit-dal/source/microbit-dal.a(MicroBitRadio.cpp.o)
                0x0001b1c8                MicroBitRadio::setRSSI(int)
 .text._ZN13MicroBitRadio7getRSSIEv
                0x0001b1dc       0x14 ym/microbit-dal/source/microbit-dal.a(MicroBitRadio.cpp.o)
                0x0001b1dc                MicroBitRadio::getRSSI()
 .text._ZN13MicroBitRadio10queueRxBufEv
                0x0001b1f0       0x60 ym/microbit-dal/source/microbit-dal.a(MicroBitRadio.cpp.o)
                0x0001b1f0                MicroBitRadio::queueRxBuf()
 .text.RADIO_IRQHandler
                0x0001b250       0x64 ym/microbit-dal/source/microbit-dal.a(MicroBitRadio.cpp.o)
                0x0001b250                RADIO_IRQHandler
 .text._ZN13MicroBitRadio4recvEv
                0x0001b2b4       0x28 ym/microbit-dal/source/microbit-dal.a(MicroBitRadio.cpp.o)
                0x0001b2b4                MicroBitRadio::recv()
 .text._ZN14MicroBitSerial4baudEi
                0x0001b2dc       0x14 ym/microbit-dal/source/microbit-dal.a(MicroBitSerial.cpp.o)
                0x0001b2dc                MicroBitSerial::baud(int)
 .text._ZN14MicroBitSerialC2E7PinNameS0_hh
                0x0001b2f0       0x50 ym/microbit-dal/source/microbit-dal.a(MicroBitSerial.cpp.o)
                0x0001b2f0                MicroBitSerial::MicroBitSerial(PinName, PinName, unsigned char, unsigned char)
                0x0001b2f0                MicroBitSerial::MicroBitSerial(PinName, PinName, unsigned char, unsigned char)
 .text._ZN15MicroBitStorage4sizeEv
                0x0001b340       0x60 ym/microbit-dal/source/microbit-dal.a(MicroBitStorage.cpp.o)
                0x0001b340                MicroBitStorage::size()
 .text._ZN15MicroBitStorage3putEPKcPhi
                0x0001b3a0      0x1ac ym/microbit-dal/source/microbit-dal.a(MicroBitStorage.cpp.o)
                0x0001b3a0                MicroBitStorage::put(char const*, unsigned char*, int)
 .text._ZN15MicroBitStorage6removeEPKc
                0x0001b54c       0xd8 ym/microbit-dal/source/microbit-dal.a(MicroBitStorage.cpp.o)
                0x0001b54c                MicroBitStorage::remove(char const*)
 .text._ZN19MicroBitThermometerC2ER15MicroBitStoraget
                0x0001b624       0x48 ym/microbit-dal/source/microbit-dal.a(MicroBitThermometer.cpp.o)
                0x0001b624                MicroBitThermometer::MicroBitThermometer(MicroBitStorage&, unsigned short)
                0x0001b624                MicroBitThermometer::MicroBitThermometer(MicroBitStorage&, unsigned short)
 .text._ZN19MicroBitThermometer12updateSampleEv
                0x0001b66c       0x8c ym/microbit-dal/source/microbit-dal.a(MicroBitThermometer.cpp.o)
                0x0001b66c                MicroBitThermometer::updateSample()
 .text._ZL18nvmc_event_handlerm
                0x0001b6f8       0x10 ym/microbit-dal/source/microbit-dal.a(MicroBitFlash.cpp.o)
 .text._ZN13MicroBitFlashC2Ev
                0x0001b708       0x24 ym/microbit-dal/source/microbit-dal.a(MicroBitFlash.cpp.o)
                0x0001b708                MicroBitFlash::MicroBitFlash()
                0x0001b708                MicroBitFlash::MicroBitFlash()
 .text._ZN13MicroBitFlash10erase_pageEPm
                0x0001b72c       0x6c ym/microbit-dal/source/microbit-dal.a(MicroBitFlash.cpp.o)
                0x0001b72c                MicroBitFlash::erase_page(unsigned long*)
 .text._ZN13MicroBitFlash10flash_burnEPmS0_i
                0x0001b798       0x7c ym/microbit-dal/source/microbit-dal.a(MicroBitFlash.cpp.o)
                0x0001b798                MicroBitFlash::flash_burn(unsigned long*, unsigned long*, int)
 .text._ZN13MicroBitFlash11flash_writeEPvS0_iS0_
                0x0001b814       0xe4 ym/microbit-dal/source/microbit-dal.a(MicroBitFlash.cpp.o)
                0x0001b814                MicroBitFlash::flash_write(void*, void*, int, void*)
 .text._ZN12MicroBitFileC2E13ManagedStringi
                0x0001b8f8       0x48 ym/microbit-dal/source/microbit-dal.a(MicroBitFile.cpp.o)
                0x0001b8f8                MicroBitFile::MicroBitFile(ManagedString, int)
                0x0001b8f8                MicroBitFile::MicroBitFile(ManagedString, int)
 .text._ZN12MicroBitFile5writeEPKci
                0x0001b940       0x24 ym/microbit-dal/source/microbit-dal.a(MicroBitFile.cpp.o)
                0x0001b940                MicroBitFile::write(char const*, int)
 .text._ZN12MicroBitFile4readEPci
                0x0001b964       0x34 ym/microbit-dal/source/microbit-dal.a(MicroBitFile.cpp.o)
                0x0001b964                MicroBitFile::read(char*, int)
 .text._ZN12MicroBitFile6appendEPKci
                0x0001b998       0x38 ym/microbit-dal/source/microbit-dal.a(MicroBitFile.cpp.o)
                0x0001b998                MicroBitFile::append(char const*, int)
 .text._ZN12MicroBitFile5closeEv
                0x0001b9d0       0x2c ym/microbit-dal/source/microbit-dal.a(MicroBitFile.cpp.o)
                0x0001b9d0                MicroBitFile::close()
 .text._ZN18MicroBitFileSystem11getFreePageEv
                0x0001b9fc       0xa4 ym/microbit-dal/source/microbit-dal.a(MicroBitFileSystem.cpp.o)
                0x0001b9fc                MicroBitFileSystem::getFreePage()
 .text._ZN18MicroBitFileSystem6formatEv
                0x0001baa0       0x88 ym/microbit-dal/source/microbit-dal.a(MicroBitFileSystem.cpp.o)
                0x0001baa0                MicroBitFileSystem::format()
 .text._ZN18MicroBitFileSystem17getDirectoryEntryEPKcPK14DirectoryEntry
                0x0001bb28       0x74 ym/microbit-dal/source/microbit-dal.a(MicroBitFileSystem.cpp.o)
                0x0001bb28                MicroBitFileSystem::getDirectoryEntry(char const*, DirectoryEntry const*)
 .text._ZN18MicroBitFileSystem4loadEv
                0x0001bb9c       0x54 ym/microbit-dal/source/microbit-dal.a(MicroBitFileSystem.cpp.o)
                0x0001bb9c                MicroBitFileSystem::load()
 .text._ZN18MicroBitFileSystem4initEmi
                0x0001bbf0       0x7c ym/microbit-dal/source/microbit-dal.a(MicroBitFileSystem.cpp.o)
                0x0001bbf0                MicroBitFileSystem::init(unsigned long, int)
 .text._ZN18MicroBitFileSystemC2Emi
                0x0001bc6c       0x30 ym/microbit-dal/source/microbit-dal.a(MicroBitFileSystem.cpp.o)
                0x0001bc6c                MicroBitFileSystem::MicroBitFileSystem(unsigned long, int)
                0x0001bc6c                MicroBitFileSystem::MicroBitFileSystem(unsigned long, int)
 .text._ZN18MicroBitFileSystem12recycleBlockEti
                0x0001bc9c      0x104 ym/microbit-dal/source/microbit-dal.a(MicroBitFileSystem.cpp.o)
                0x0001bc9c                MicroBitFileSystem::recycleBlock(unsigned short, int)
 .text._ZN18MicroBitFileSystem12getFreeBlockEv
                0x0001bda0       0x48 ym/microbit-dal/source/microbit-dal.a(MicroBitFileSystem.cpp.o)
                0x0001bda0                MicroBitFileSystem::getFreeBlock()
 .text._ZN18MicroBitFileSystem20createDirectoryEntryEP14DirectoryEntry
                0x0001bde8       0xa4 ym/microbit-dal/source/microbit-dal.a(MicroBitFileSystem.cpp.o)
                0x0001bde8                MicroBitFileSystem::createDirectoryEntry(DirectoryEntry*)
 .text._ZN18MicroBitFileSystem10createFileEPKcP14DirectoryEntryb
                0x0001be8c       0x84 ym/microbit-dal/source/microbit-dal.a(MicroBitFileSystem.cpp.o)
                0x0001be8c                MicroBitFileSystem::createFile(char const*, DirectoryEntry*, bool)
 .text._ZN18MicroBitFileSystem11writeBufferEP14FileDescriptorPhi
                0x0001bf10       0xdc ym/microbit-dal/source/microbit-dal.a(MicroBitFileSystem.cpp.o)
                0x0001bf10                MicroBitFileSystem::writeBuffer(FileDescriptor*, unsigned char*, int)
 .text._ZN18MicroBitFileSystem5flushEi
                0x0001bfec       0x94 ym/microbit-dal/source/microbit-dal.a(MicroBitFileSystem.cpp.o)
                0x0001bfec                MicroBitFileSystem::flush(int)
 .text._ZN18MicroBitFileSystem4seekEiih
                0x0001c080       0x58 ym/microbit-dal/source/microbit-dal.a(MicroBitFileSystem.cpp.o)
                0x0001c080                MicroBitFileSystem::seek(int, int, unsigned char)
 .text._ZN18MicroBitFileSystem4readEiPhi
                0x0001c0d8       0xcc ym/microbit-dal/source/microbit-dal.a(MicroBitFileSystem.cpp.o)
                0x0001c0d8                MicroBitFileSystem::read(int, unsigned char*, int)
 .text._ZN18MicroBitFileSystem4openEPKcm
                0x0001c1a4       0xd4 ym/microbit-dal/source/microbit-dal.a(MicroBitFileSystem.cpp.o)
                0x0001c1a4                MicroBitFileSystem::open(char const*, unsigned long)
 .text._ZN18MicroBitFileSystem5writeEiPhi
                0x0001c278       0x4c ym/microbit-dal/source/microbit-dal.a(MicroBitFileSystem.cpp.o)
                0x0001c278                MicroBitFileSystem::write(int, unsigned char*, int)
 .text._ZN18MicroBitFileSystem6removeEPKc
                0x0001c2c4       0x5c ym/microbit-dal/source/microbit-dal.a(MicroBitFileSystem.cpp.o)
                0x0001c2c4                MicroBitFileSystem::remove(char const*)
 .text.startup._GLOBAL__sub_I__ZN18MicroBitFileSystem17defaultFileSystemE
                0x0001c320       0x14 ym/microbit-dal/source/microbit-dal.a(MicroBitFileSystem.cpp.o)
 .text._ZThn68_N8FXOS87008idleTickEv
                0x0001c334       0x10 ym/microbit-dal/source/microbit-dal.a(FXOS8700.cpp.o)
                0x0001c334                non-virtual thunk to FXOS8700::idleTick()
 .text._ZN8FXOS87009configureEv
                0x0001c344       0xe4 ym/microbit-dal/source/microbit-dal.a(FXOS8700.cpp.o)
                0x0001c344                FXOS8700::configure()
 .text._ZThn68_N8FXOS87009configureEv
                0x0001c428       0x10 ym/microbit-dal/source/microbit-dal.a(FXOS8700.cpp.o)
                0x0001c428                non-virtual thunk to FXOS8700::configure()
 .text._ZN8FXOS8700D2Ev
                0x0001c438       0x24 ym/microbit-dal/source/microbit-dal.a(FXOS8700.cpp.o)
                0x0001c438                FXOS8700::~FXOS8700()
                0x0001c438                FXOS8700::~FXOS8700()
 .text._ZThn68_N8FXOS8700D1Ev
                0x0001c45c       0x10 ym/microbit-dal/source/microbit-dal.a(FXOS8700.cpp.o)
                0x0001c45c                non-virtual thunk to FXOS8700::~FXOS8700()
 .text._ZThn68_N8FXOS8700D0Ev
                0x0001c46c       0x10 ym/microbit-dal/source/microbit-dal.a(FXOS8700.cpp.o)
                0x0001c46c                non-virtual thunk to FXOS8700::~FXOS8700()
 .text._ZN8FXOS870013requestUpdateEv
                0x0001c47c       0xcc ym/microbit-dal/source/microbit-dal.a(FXOS8700.cpp.o)
                0x0001c47c                FXOS8700::requestUpdate()
 .text._ZThn68_N8FXOS870013requestUpdateEv
                0x0001c548       0x10 ym/microbit-dal/source/microbit-dal.a(FXOS8700.cpp.o)
                0x0001c548                non-virtual thunk to FXOS8700::requestUpdate()
 .text._ZN8FXOS8700C2ER11MicroBitI2C11MicroBitPinR15CoordinateSpacettt
                0x0001c558       0x80 ym/microbit-dal/source/microbit-dal.a(FXOS8700.cpp.o)
                0x0001c558                FXOS8700::FXOS8700(MicroBitI2C&, MicroBitPin, CoordinateSpace&, unsigned short, unsigned short, unsigned short)
                0x0001c558                FXOS8700::FXOS8700(MicroBitI2C&, MicroBitPin, CoordinateSpace&, unsigned short, unsigned short, unsigned short)
 .text._ZN7MMA86539configureEv
                0x0001c5d8       0xb0 ym/microbit-dal/source/microbit-dal.a(MMA8653.cpp.o)
                0x0001c5d8                MMA8653::configure()
 .text._ZN7MMA8653D2Ev
                0x0001c688       0x18 ym/microbit-dal/source/microbit-dal.a(MMA8653.cpp.o)
                0x0001c688                MMA8653::~MMA8653()
                0x0001c688                MMA8653::~MMA8653()
 .text._ZN7MMA865313requestUpdateEv
                0x0001c6a0       0x78 ym/microbit-dal/source/microbit-dal.a(MMA8653.cpp.o)
                0x0001c6a0                MMA8653::requestUpdate()
 .text._ZN7MMA8653C2ER11MicroBitI2C11MicroBitPinR15CoordinateSpacett
                0x0001c718       0x5c ym/microbit-dal/source/microbit-dal.a(MMA8653.cpp.o)
                0x0001c718                MMA8653::MMA8653(MicroBitI2C&, MicroBitPin, CoordinateSpace&, unsigned short, unsigned short)
                0x0001c718                MMA8653::MMA8653(MicroBitI2C&, MicroBitPin, CoordinateSpace&, unsigned short, unsigned short)
 .text._ZN7MAG3110D2Ev
                0x0001c774       0x18 ym/microbit-dal/source/microbit-dal.a(MAG3110.cpp.o)
                0x0001c774                MAG3110::~MAG3110()
                0x0001c774                MAG3110::~MAG3110()
 .text._ZN7MAG31109configureEv
                0x0001c78c       0xa0 ym/microbit-dal/source/microbit-dal.a(MAG3110.cpp.o)
                0x0001c78c                MAG3110::configure()
 .text._ZN7MAG311013requestUpdateEv
                0x0001c82c       0x7c ym/microbit-dal/source/microbit-dal.a(MAG3110.cpp.o)
                0x0001c82c                MAG3110::requestUpdate()
 .text._ZN7MAG3110C2ER11MicroBitI2C11MicroBitPinR15CoordinateSpacett
                0x0001c8a8       0x54 ym/microbit-dal/source/microbit-dal.a(MAG3110.cpp.o)
                0x0001c8a8                MAG3110::MAG3110(MicroBitI2C&, MicroBitPin, CoordinateSpace&, unsigned short, unsigned short)
                0x0001c8a8                MAG3110::MAG3110(MicroBitI2C&, MicroBitPin, CoordinateSpace&, unsigned short, unsigned short)
 .text._ZN19LSM303Accelerometer9configureEv
                0x0001c8fc       0xa0 ym/microbit-dal/source/microbit-dal.a(LSM303Accelerometer.cpp.o)
                0x0001c8fc                LSM303Accelerometer::configure()
 .text._ZN19LSM303AccelerometerD2Ev
                0x0001c99c       0x18 ym/microbit-dal/source/microbit-dal.a(LSM303Accelerometer.cpp.o)
                0x0001c99c                LSM303Accelerometer::~LSM303Accelerometer()
                0x0001c99c                LSM303Accelerometer::~LSM303Accelerometer()
 .text._ZN19LSM303Accelerometer13requestUpdateEv
                0x0001c9b4       0x94 ym/microbit-dal/source/microbit-dal.a(LSM303Accelerometer.cpp.o)
                0x0001c9b4                LSM303Accelerometer::requestUpdate()
 .text._ZN19LSM303AccelerometerC2ER11MicroBitI2C11MicroBitPinR15CoordinateSpacett
                0x0001ca48       0x5c ym/microbit-dal/source/microbit-dal.a(LSM303Accelerometer.cpp.o)
                0x0001ca48                LSM303Accelerometer::LSM303Accelerometer(MicroBitI2C&, MicroBitPin, CoordinateSpace&, unsigned short, unsigned short)
                0x0001ca48                LSM303Accelerometer::LSM303Accelerometer(MicroBitI2C&, MicroBitPin, CoordinateSpace&, unsigned short, unsigned short)
 .text._ZN18LSM303Magnetometer9configureEv
                0x0001caa4       0x60 ym/microbit-dal/source/microbit-dal.a(LSM303Magnetometer.cpp.o)
                0x0001caa4                LSM303Magnetometer::configure()
 .text._ZN18LSM303MagnetometerD2Ev
                0x0001cb04       0x18 ym/microbit-dal/source/microbit-dal.a(LSM303Magnetometer.cpp.o)
                0x0001cb04                LSM303Magnetometer::~LSM303Magnetometer()
                0x0001cb04                LSM303Magnetometer::~LSM303Magnetometer()
 .text._ZN18LSM303Magnetometer13requestUpdateEv
                0x0001cb1c       0x70 ym/microbit-dal/source/microbit-dal.a(LSM303Magnetometer.cpp.o)
                0x0001cb1c                LSM303Magnetometer::requestUpdate()
 .text._ZN18LSM303MagnetometerC2ER11MicroBitI2C11MicroBitPinR15CoordinateSpacett
                0x0001cb8c       0x54 ym/microbit-dal/source/microbit-dal.a(LSM303Magnetometer.cpp.o)
                0x0001cb8c                LSM303Magnetometer::LSM303Magnetometer(MicroBitI2C&, MicroBitPin, CoordinateSpace&, unsigned short, unsigned short)
                0x0001cb8c                LSM303Magnetometer::LSM303Magnetometer(MicroBitI2C&, MicroBitPin, CoordinateSpace&, unsigned short, unsigned short)
 .text._ZN18MicroBitBLEManagerD2Ev
                0x0001cbe0       0x20 ym/microbit-dal/source/microbit-dal.a(MicroBitBLEManager.cpp.o)
                0x0001cbe0                MicroBitBLEManager::~MicroBitBLEManager()
                0x0001cbe0                MicroBitBLEManager::~MicroBitBLEManager()
 .text._ZL25bleSysAttrMissingCallbackPK32GattSysAttrMissingCallbackParams
                0x0001cc00       0xc8 ym/microbit-dal/source/microbit-dal.a(MicroBitBLEManager.cpp.o)
 .text._ZN18MicroBitBLEManager8idleTickEv
                0x0001ccc8      0x110 ym/microbit-dal/source/microbit-dal.a(MicroBitBLEManager.cpp.o)
                0x0001ccc8                MicroBitBLEManager::idleTick()
 .text._ZN3Gap22setAdvertisingIntervalEt
                0x0001cdd8       0x38 ym/microbit-dal/source/microbit-dal.a(MicroBitBLEManager.cpp.o)
                0x0001cdd8                Gap::setAdvertisingInterval(unsigned short)
 .text._ZN18GattCharacteristicC2ERK4UUIDPhtthPP13GattAttributejb
                0x0001ce10       0x8c ym/microbit-dal/source/microbit-dal.a(MicroBitBLEManager.cpp.o)
                0x0001ce10                GattCharacteristic::GattCharacteristic(UUID const&, unsigned char*, unsigned short, unsigned short, unsigned char, GattAttribute**, unsigned int, bool)
                0x0001ce10                GattCharacteristic::GattCharacteristic(UUID const&, unsigned char*, unsigned short, unsigned short, unsigned char, GattAttribute**, unsigned int, bool)
 .text._ZN24DeviceInformationServiceC2ER3BLEPKcS3_S3_S3_S3_S3_
                0x0001ce9c      0x1dc ym/microbit-dal/source/microbit-dal.a(MicroBitBLEManager.cpp.o)
                0x0001ce9c                DeviceInformationService::DeviceInformationService(BLE&, char const*, char const*, char const*, char const*, char const*, char const*)
                0x0001ce9c                DeviceInformationService::DeviceInformationService(BLE&, char const*, char const*, char const*, char const*, char const*, char const*)
 .text._ZN18MicroBitBLEManagerC2ER15MicroBitStorage
                0x0001d078       0x3c ym/microbit-dal/source/microbit-dal.a(MicroBitBLEManager.cpp.o)
                0x0001d078                MicroBitBLEManager::MicroBitBLEManager(MicroBitStorage&)
                0x0001d078                MicroBitBLEManager::MicroBitBLEManager(MicroBitStorage&)
 .text._ZL24bleDisconnectionCallbackPKN3Gap29DisconnectionCallbackParams_tE
                0x0001d0b4       0x3c ym/microbit-dal/source/microbit-dal.a(MicroBitBLEManager.cpp.o)
 .text._ZN18MicroBitBLEManager16setTransmitPowerEi
                0x0001d0f0       0x3c ym/microbit-dal/source/microbit-dal.a(MicroBitBLEManager.cpp.o)
                0x0001d0f0                MicroBitBLEManager::setTransmitPower(int)
 .text._ZN18MicroBitBLEManager4initE13ManagedStringS0_R10EventModelb
                0x0001d12c      0x2d4 ym/microbit-dal/source/microbit-dal.a(MicroBitBLEManager.cpp.o)
                0x0001d12c                MicroBitBLEManager::init(ManagedString, ManagedString, EventModel&, bool)
 .text._ZL22passkeyDisplayCallbacktPKh
                0x0001d400       0x34 ym/microbit-dal/source/microbit-dal.a(MicroBitBLEManager.cpp.o)
 .text._ZL30securitySetupCompletedCallbacktN15SecurityManager26SecurityCompletionStatus_tE
                0x0001d434       0x40 ym/microbit-dal/source/microbit-dal.a(MicroBitBLEManager.cpp.o)
 .text._ZN18MicroBitBLEManager27showManagementModeAnimationER15MicroBitDisplay
                0x0001d474       0xa8 ym/microbit-dal/source/microbit-dal.a(MicroBitBLEManager.cpp.o)
                0x0001d474                MicroBitBLEManager::showManagementModeAnimation(MicroBitDisplay&)
 .text._ZN18MicroBitBLEManager11pairingModeER15MicroBitDisplayR14MicroBitButton
                0x0001d51c      0x268 ym/microbit-dal/source/microbit-dal.a(MicroBitBLEManager.cpp.o)
                0x0001d51c                MicroBitBLEManager::pairingMode(MicroBitDisplay&, MicroBitButton&)
 .text._ZN18MicroBitDFUServiceC2ER3BLE
                0x0001d784      0x16c ym/microbit-dal/source/microbit-dal.a(MicroBitDFUService.cpp.o)
                0x0001d784                MicroBitDFUService::MicroBitDFUService(BLE&)
                0x0001d784                MicroBitDFUService::MicroBitDFUService(BLE&)
 .text._ZN20MicroBitEventServiceC2ER3BLER10EventModel
                0x0001d8f0      0x200 ym/microbit-dal/source/microbit-dal.a(MicroBitEventService.cpp.o)
                0x0001d8f0                MicroBitEventService::MicroBitEventService(BLE&, EventModel&)
                0x0001d8f0                MicroBitEventService::MicroBitEventService(BLE&, EventModel&)
 .text._ZN16MicroBitListenerC2I20MicroBitEventServiceEEttPT_MS2_Fv13MicroBitEventEt
                0x0001daf0       0x68 ym/microbit-dal/source/microbit-dal.a(MicroBitEventService.cpp.o)
                0x0001daf0                MicroBitListener::MicroBitListener<MicroBitEventService>(unsigned short, unsigned short, MicroBitEventService*, void (MicroBitEventService::*)(MicroBitEvent), unsigned short)
                0x0001daf0                MicroBitListener::MicroBitListener<MicroBitEventService>(unsigned short, unsigned short, MicroBitEventService*, void (MicroBitEventService::*)(MicroBitEvent), unsigned short)
 .text._ZN20MicroBitEventService13onDataWrittenEPK23GattWriteCallbackParams
                0x0001db58       0x90 ym/microbit-dal/source/microbit-dal.a(MicroBitEventService.cpp.o)
                0x0001db58                MicroBitEventService::onDataWritten(GattWriteCallbackParams const*)
 .text._ZN20MicroBitEventService8idleTickEv
                0x0001dbe8       0x54 ym/microbit-dal/source/microbit-dal.a(MicroBitEventService.cpp.o)
                0x0001dbe8                MicroBitEventService::idleTick()
 .text._Z15on_confirmationt
                0x0001dc3c       0x34 ym/microbit-dal/source/microbit-dal.a(MicroBitUARTService.cpp.o)
                0x0001dc3c                on_confirmation(unsigned short)
 .text._ZN19MicroBitUARTServiceC2ER3BLEhh
                0x0001dc70      0x180 ym/microbit-dal/source/microbit-dal.a(MicroBitUARTService.cpp.o)
                0x0001dc70                MicroBitUARTService::MicroBitUARTService(BLE&, unsigned char, unsigned char)
                0x0001dc70                MicroBitUARTService::MicroBitUARTService(BLE&, unsigned char, unsigned char)
 .text._ZN19MicroBitUARTService7eventOnE13ManagedString18MicroBitSerialMode
                0x0001ddf0       0x2c ym/microbit-dal/source/microbit-dal.a(MicroBitUARTService.cpp.o)
                0x0001ddf0                MicroBitUARTService::eventOn(ManagedString, MicroBitSerialMode)
 .text._ZN19MicroBitUARTService9readUntilE13ManagedString18MicroBitSerialMode
                0x0001de1c      0x124 ym/microbit-dal/source/microbit-dal.a(MicroBitUARTService.cpp.o)
                0x0001de1c                MicroBitUARTService::readUntil(ManagedString, MicroBitSerialMode)
 .text._ZN19MicroBitUARTService14txBufferedSizeEv
                0x0001df40       0x20 ym/microbit-dal/source/microbit-dal.a(MicroBitUARTService.cpp.o)
                0x0001df40                MicroBitUARTService::txBufferedSize()
 .text._ZN19MicroBitUARTService4sendEPKhi18MicroBitSerialMode
                0x0001df60      0x17c ym/microbit-dal/source/microbit-dal.a(MicroBitUARTService.cpp.o)
                0x0001df60                MicroBitUARTService::send(unsigned char const*, int, MicroBitSerialMode)
 .text          0x0001e0dc      0x124 ym/microbit-dal/source/microbit-dal.a(CortexContextSwitch.s.obj)
                0x0001e0dc                swap_context
                0x0001e15e                save_context
                0x0001e1a2                save_register_context
                0x0001e1d2                restore_register_context
 .text._Z14string_reversePc
                0x0001e200       0x2c ym/microbit-dal/source/microbit-dal.a(MicroBitCompat.cpp.o)
                0x0001e200                string_reverse(char*)
 .text._Z4itoaiPc
                0x0001e22c       0x68 ym/microbit-dal/source/microbit-dal.a(MicroBitCompat.cpp.o)
                0x0001e22c                itoa(int, char*)
 .text._ZNK13KeyValueTable4findEm
                0x0001e294       0x28 ym/microbit-dal/source/microbit-dal.a(MicroBitUtil.cpp.o)
                0x0001e294                KeyValueTable::find(unsigned long) const
 .text._ZN3BLE8InstanceEj
                0x0001e2bc       0x60 ym/ble/source/ble.a(BLE.cpp.o)
                0x0001e2bc                BLE::Instance(unsigned int)
 .text._ZN3BLEC2Ej
                0x0001e31c       0x2c ym/ble/source/ble.a(BLE.cpp.o)
                0x0001e31c                BLE::BLE(unsigned int)
                0x0001e31c                BLE::BLE(unsigned int)
 .text._ZNK3BLE3gapEv
                0x0001e348       0x20 ym/ble/source/ble.a(BLE.cpp.o)
                0x0001e348                BLE::gap() const
 .text._ZNK3BLE10gattServerEv
                0x0001e368       0x20 ym/ble/source/ble.a(BLE.cpp.o)
                0x0001e368                BLE::gattServer() const
 .text._ZNK3BLE15securityManagerEv
                0x0001e388       0x20 ym/ble/source/ble.a(BLE.cpp.o)
                0x0001e388                BLE::securityManager() const
 .text._ZL16sys_evt_dispatchm
                0x0001e3a8       0x1c ym/ble-nrf51822/source/ble-nrf51822.a(btle.cpp.o)
 .text._ZL12btle_handlerP9ble_evt_t
                0x0001e3c4      0x18c ym/ble-nrf51822/source/ble-nrf51822.a(btle.cpp.o)
 .text.btle_set_gatt_table_size
                0x0001e550       0x14 ym/ble-nrf51822/source/ble-nrf51822.a(btle.cpp.o)
                0x0001e550                btle_set_gatt_table_size
 .text.btle_set_user_evt_handler
                0x0001e564        0xc ym/ble-nrf51822/source/ble-nrf51822.a(btle.cpp.o)
                0x0001e564                btle_set_user_evt_handler
 .text.btle_init
                0x0001e570       0xa4 ym/ble-nrf51822/source/ble-nrf51822.a(btle.cpp.o)
                0x0001e570                btle_init
 .text.app_error_handler
                0x0001e614       0x20 ym/ble-nrf51822/source/ble-nrf51822.a(btle.cpp.o)
                0x0001e614                app_error_handler
 .text._ZN15nRF5xGattServer4readEtPhPt
                0x0001e634       0x18 ym/ble-nrf51822/source/ble-nrf51822.a(nRF5xGattServer.cpp.o)
                0x0001e634                nRF5xGattServer::read(unsigned short, unsigned char*, unsigned short*)
 .text._ZN15nRF5xGattServer5writeEtPKhtb
                0x0001e64c       0x1c ym/ble-nrf51822/source/ble-nrf51822.a(nRF5xGattServer.cpp.o)
                0x0001e64c                nRF5xGattServer::write(unsigned short, unsigned char const*, unsigned short, bool)
 .text._ZN15nRF5xGattServer5writeEttPKhtb
                0x0001e668       0xf0 ym/ble-nrf51822/source/ble-nrf51822.a(nRF5xGattServer.cpp.o)
                0x0001e668                nRF5xGattServer::write(unsigned short, unsigned short, unsigned char const*, unsigned short, bool)
 .text._ZN15nRF5xGattServer10addServiceER11GattService
                0x0001e758      0x1dc ym/ble-nrf51822/source/ble-nrf51822.a(nRF5xGattServer.cpp.o)
                0x0001e758                nRF5xGattServer::addService(GattService&)
 .text._ZN26FunctionPointerWithContextItEC2EPFvtE
                0x0001e934       0x20 ym/ble-nrf51822/source/ble-nrf51822.a(nRF5xGattServer.cpp.o)
                0x0001e934                FunctionPointerWithContext<unsigned short>::FunctionPointerWithContext(void (*)(unsigned short))
                0x0001e934                FunctionPointerWithContext<unsigned short>::FunctionPointerWithContext(void (*)(unsigned short))
 .text._ZN15nRF5xGattServer5resetEv
                0x0001e954       0x50 ym/ble-nrf51822/source/ble-nrf51822.a(nRF5xGattServer.cpp.o)
                0x0001e954                nRF5xGattServer::reset()
 .text._ZNK3Gap25getMaxAdvertisingIntervalEv
                0x0001e9a4        0x8 ym/ble-nrf51822/source/ble-nrf51822.a(nRF5xn.cpp.o)
                0x0001e9a4                Gap::getMaxAdvertisingInterval() const
 .text._ZN10GattClient16discoverServicesEt26FunctionPointerWithContextIPK17DiscoveredServiceERK4UUID
                0x0001e9ac       0x60 ym/ble-nrf51822/source/ble-nrf51822.a(nRF5xn.cpp.o)
                0x0001e9ac                GattClient::discoverServices(unsigned short, FunctionPointerWithContext<DiscoveredService const*>, UUID const&)
 .text._ZN6nRF5xn18getSecurityManagerEv
                0x0001ea0c       0x34 ym/ble-nrf51822/source/ble-nrf51822.a(nRF5xn.cpp.o)
                0x0001ea0c                nRF5xn::getSecurityManager()
 .text._ZN6nRF5xn13getGattClientEv
                0x0001ea40       0x48 ym/ble-nrf51822/source/ble-nrf51822.a(nRF5xn.cpp.o)
                0x0001ea40                nRF5xn::getGattClient()
 .text._ZN6nRF5xn10getVersionEv
                0x0001ea88       0x74 ym/ble-nrf51822/source/ble-nrf51822.a(nRF5xn.cpp.o)
                0x0001ea88                nRF5xn::getVersion()
 .text._ZN38CallChainOfFunctionPointersWithContextIPK23GattWriteCallbackParamsED2Ev
                0x0001eafc       0x14 ym/ble-nrf51822/source/ble-nrf51822.a(nRF5xn.cpp.o)
                0x0001eafc                CallChainOfFunctionPointersWithContext<GattWriteCallbackParams const*>::~CallChainOfFunctionPointersWithContext()
                0x0001eafc                CallChainOfFunctionPointersWithContext<GattWriteCallbackParams const*>::~CallChainOfFunctionPointersWithContext()
 .text._ZN38CallChainOfFunctionPointersWithContextIPK22GattReadCallbackParamsED2Ev
                0x0001eb10       0x14 ym/ble-nrf51822/source/ble-nrf51822.a(nRF5xn.cpp.o)
                0x0001eb10                CallChainOfFunctionPointersWithContext<GattReadCallbackParams const*>::~CallChainOfFunctionPointersWithContext()
                0x0001eb10                CallChainOfFunctionPointersWithContext<GattReadCallbackParams const*>::~CallChainOfFunctionPointersWithContext()
 .text._ZN38CallChainOfFunctionPointersWithContextIjED2Ev
                0x0001eb24       0x20 ym/ble-nrf51822/source/ble-nrf51822.a(nRF5xn.cpp.o)
                0x0001eb24                CallChainOfFunctionPointersWithContext<unsigned int>::~CallChainOfFunctionPointersWithContext()
                0x0001eb24                CallChainOfFunctionPointersWithContext<unsigned int>::~CallChainOfFunctionPointersWithContext()
 .text._ZN38CallChainOfFunctionPointersWithContextIPK32GattSysAttrMissingCallbackParamsED2Ev
                0x0001eb44       0x20 ym/ble-nrf51822/source/ble-nrf51822.a(nRF5xn.cpp.o)
                0x0001eb44                CallChainOfFunctionPointersWithContext<GattSysAttrMissingCallbackParams const*>::~CallChainOfFunctionPointersWithContext()
                0x0001eb44                CallChainOfFunctionPointersWithContext<GattSysAttrMissingCallbackParams const*>::~CallChainOfFunctionPointersWithContext()
 .text._ZN38CallChainOfFunctionPointersWithContextIPK10GattServerED2Ev
                0x0001eb64       0x20 ym/ble-nrf51822/source/ble-nrf51822.a(nRF5xn.cpp.o)
                0x0001eb64                CallChainOfFunctionPointersWithContext<GattServer const*>::~CallChainOfFunctionPointersWithContext()
                0x0001eb64                CallChainOfFunctionPointersWithContext<GattServer const*>::~CallChainOfFunctionPointersWithContext()
 .text._ZN38CallChainOfFunctionPointersWithContextIPK21GattHVXCallbackParamsED2Ev
                0x0001eb84       0x20 ym/ble-nrf51822/source/ble-nrf51822.a(nRF5xn.cpp.o)
                0x0001eb84                CallChainOfFunctionPointersWithContext<GattHVXCallbackParams const*>::~CallChainOfFunctionPointersWithContext()
                0x0001eb84                CallChainOfFunctionPointersWithContext<GattHVXCallbackParams const*>::~CallChainOfFunctionPointersWithContext()
 .text._ZN38CallChainOfFunctionPointersWithContextIN3Gap15TimeoutSource_tEED2Ev
                0x0001eba4       0x20 ym/ble-nrf51822/source/ble-nrf51822.a(nRF5xn.cpp.o)
                0x0001eba4                CallChainOfFunctionPointersWithContext<Gap::TimeoutSource_t>::~CallChainOfFunctionPointersWithContext()
                0x0001eba4                CallChainOfFunctionPointersWithContext<Gap::TimeoutSource_t>::~CallChainOfFunctionPointersWithContext()
 .text._ZN38CallChainOfFunctionPointersWithContextIPKN3Gap26ConnectionCallbackParams_tEED2Ev
                0x0001ebc4       0x20 ym/ble-nrf51822/source/ble-nrf51822.a(nRF5xn.cpp.o)
                0x0001ebc4                CallChainOfFunctionPointersWithContext<Gap::ConnectionCallbackParams_t const*>::~CallChainOfFunctionPointersWithContext()
                0x0001ebc4                CallChainOfFunctionPointersWithContext<Gap::ConnectionCallbackParams_t const*>::~CallChainOfFunctionPointersWithContext()
 .text._ZN38CallChainOfFunctionPointersWithContextIPKN3Gap29DisconnectionCallbackParams_tEED2Ev
                0x0001ebe4       0x20 ym/ble-nrf51822/source/ble-nrf51822.a(nRF5xn.cpp.o)
                0x0001ebe4                CallChainOfFunctionPointersWithContext<Gap::DisconnectionCallbackParams_t const*>::~CallChainOfFunctionPointersWithContext()
                0x0001ebe4                CallChainOfFunctionPointersWithContext<Gap::DisconnectionCallbackParams_t const*>::~CallChainOfFunctionPointersWithContext()
 .text._ZN38CallChainOfFunctionPointersWithContextIPK3GapED2Ev
                0x0001ec04       0x20 ym/ble-nrf51822/source/ble-nrf51822.a(nRF5xn.cpp.o)
                0x0001ec04                CallChainOfFunctionPointersWithContext<Gap const*>::~CallChainOfFunctionPointersWithContext()
                0x0001ec04                CallChainOfFunctionPointersWithContext<Gap const*>::~CallChainOfFunctionPointersWithContext()
 .text._ZN38CallChainOfFunctionPointersWithContextIPK15SecurityManagerED2Ev
                0x0001ec24       0x20 ym/ble-nrf51822/source/ble-nrf51822.a(nRF5xn.cpp.o)
                0x0001ec24                CallChainOfFunctionPointersWithContext<SecurityManager const*>::~CallChainOfFunctionPointersWithContext()
                0x0001ec24                CallChainOfFunctionPointersWithContext<SecurityManager const*>::~CallChainOfFunctionPointersWithContext()
 .text._ZN38CallChainOfFunctionPointersWithContextIPK10GattClientED2Ev
                0x0001ec44       0x20 ym/ble-nrf51822/source/ble-nrf51822.a(nRF5xn.cpp.o)
                0x0001ec44                CallChainOfFunctionPointersWithContext<GattClient const*>::~CallChainOfFunctionPointersWithContext()
                0x0001ec44                CallChainOfFunctionPointersWithContext<GattClient const*>::~CallChainOfFunctionPointersWithContext()
 .text._ZNK6nRF5xn18getSecurityManagerEv
                0x0001ec64       0x34 ym/ble-nrf51822/source/ble-nrf51822.a(nRF5xn.cpp.o)
                0x0001ec64                nRF5xn::getSecurityManager() const
 .text._ZN6nRF5xnD2Ev
                0x0001ec98       0x60 ym/ble-nrf51822/source/ble-nrf51822.a(nRF5xn.cpp.o)
                0x0001ec98                nRF5xn::~nRF5xn()
                0x0001ec98                nRF5xn::~nRF5xn()
 .text._ZN3Gap5resetEv
                0x0001ecf8       0xe4 ym/ble-nrf51822/source/ble-nrf51822.a(nRF5xn.cpp.o)
                0x0001ecf8                Gap::reset()
 .text._ZN6nRF5xnC2Ev
                0x0001eddc      0x13c ym/ble-nrf51822/source/ble-nrf51822.a(nRF5xn.cpp.o)
                0x0001eddc                nRF5xn::nRF5xn()
                0x0001eddc                nRF5xn::nRF5xn()
 .text._ZN6nRF5xn8InstanceEj
                0x0001ef18       0x24 ym/ble-nrf51822/source/ble-nrf51822.a(nRF5xn.cpp.o)
                0x0001ef18                nRF5xn::Instance(unsigned int)
 .text._ZN15nRF5xGattServerC2Ev
                0x0001ef3c       0xc0 ym/ble-nrf51822/source/ble-nrf51822.a(nRF5xn.cpp.o)
                0x0001ef3c                nRF5xGattServer::nRF5xGattServer()
                0x0001ef3c                nRF5xGattServer::nRF5xGattServer()
 .text.custom_convert_to_nordic_uuid
                0x0001effc       0xa4 ym/ble-nrf51822/source/ble-nrf51822.a(custom_helper.cpp.o)
                0x0001effc                custom_convert_to_nordic_uuid
 .text.custom_add_in_descriptor
                0x0001f0a0       0x60 ym/ble-nrf51822/source/ble-nrf51822.a(custom_helper.cpp.o)
                0x0001f0a0                custom_add_in_descriptor
 .text._Z13btle_gap_initv
                0x0001f100       0x4c ym/ble-nrf51822/source/ble-nrf51822.a(btle_gap.cpp.o)
                0x0001f100                btle_gap_init()
 .text._Z27btle_hasInitializedSecurityv
                0x0001f14c        0xc ym/ble-nrf51822/source/ble-nrf51822.a(btle_security.cpp.o)
                0x0001f14c                btle_hasInitializedSecurity()
 .text._Z23btle_initializeSecuritybbN15SecurityManager24SecurityIOCapabilities_tEPKh
                0x0001f158       0xc4 ym/ble-nrf51822/source/ble-nrf51822.a(btle_security.cpp.o)
                0x0001f158                btle_initializeSecurity(bool, bool, SecurityManager::SecurityIOCapabilities_t, unsigned char const*)
 .text._Z25btle_purgeAllBondingStatev
                0x0001f21c       0x20 ym/ble-nrf51822/source/ble-nrf51822.a(btle_security.cpp.o)
                0x0001f21c                btle_purgeAllBondingState()
 .text._Z20btle_getLinkSecuritytPN15SecurityManager20LinkSecurityStatus_tE
                0x0001f23c       0x54 ym/ble-nrf51822/source/ble-nrf51822.a(btle_security.cpp.o)
                0x0001f23c                btle_getLinkSecurity(unsigned short, SecurityManager::LinkSecurityStatus_t*)
 .text._Z20btle_setLinkSecuritytN15SecurityManager14SecurityMode_tE
                0x0001f290       0x4c ym/ble-nrf51822/source/ble-nrf51822.a(btle_security.cpp.o)
                0x0001f290                btle_setLinkSecurity(unsigned short, SecurityManager::SecurityMode_t)
 .text._Z33btle_createWhitelistFromBondTableP19ble_gap_whitelist_t
                0x0001f2dc       0x2c ym/ble-nrf51822/source/ble-nrf51822.a(btle_security.cpp.o)
                0x0001f2dc                btle_createWhitelistFromBondTable(ble_gap_whitelist_t*)
 .text._ZN8nRF5xGap25getPermittedTxPowerValuesEPPKaPj
                0x0001f308       0x10 ym/ble-nrf51822/source/ble-nrf51822.a(nRF5xGap.cpp.o)
                0x0001f308                nRF5xGap::getPermittedTxPowerValues(signed char const**, unsigned int*)
 .text._Z31radioNotificationStaticCallbackb
                0x0001f318       0x3c ym/ble-nrf51822/source/ble-nrf51822.a(nRF5xGap.cpp.o)
                0x0001f318                radioNotificationStaticCallback(bool)
 .text._ZN8nRF5xGap21initRadioNotificationEv
                0x0001f354       0x20 ym/ble-nrf51822/source/ble-nrf51822.a(nRF5xGap.cpp.o)
                0x0001f354                nRF5xGap::initRadioNotification()
 .text._ZN8nRF5xGap22generateStackWhitelistER19ble_gap_whitelist_t
                0x0001f374       0xdc ym/ble-nrf51822/source/ble-nrf51822.a(nRF5xGap.cpp.o)
                0x0001f374                nRF5xGap::generateStackWhitelist(ble_gap_whitelist_t&)
 .text._ZN8nRF5xGap16startAdvertisingERK20GapAdvertisingParams
                0x0001f450       0xa8 ym/ble-nrf51822/source/ble-nrf51822.a(nRF5xGap.cpp.o)
                0x0001f450                nRF5xGap::startAdvertising(GapAdvertisingParams const&)
 .text._ZN8nRF5xGap7connectEPKhN11BLEProtocol11AddressType4TypeEPKN3Gap18ConnectionParams_tEPK17GapScanningParams
                0x0001f4f8      0x100 ym/ble-nrf51822/source/ble-nrf51822.a(nRF5xGap.cpp.o)
                0x0001f4f8                nRF5xGap::connect(unsigned char const*, BLEProtocol::AddressType::Type, Gap::ConnectionParams_t const*, GapScanningParams const*)
 .text._ZN17GapScanningParamsC2Etttb
                0x0001f5f8       0x60 ym/ble/source/ble.a(GapScanningParams.cpp.o)
                0x0001f5f8                GapScanningParams::GapScanningParams(unsigned short, unsigned short, unsigned short, bool)
                0x0001f5f8                GapScanningParams::GapScanningParams(unsigned short, unsigned short, unsigned short, bool)
 .text.intern_softdevice_events_execute
                0x0001f658       0xa0 ym/nrf51-sdk/source/nrf51-sdk.a(softdevice_handler.c.o)
                0x0001f658                intern_softdevice_events_execute
 .text.softdevice_handler_init
                0x0001f6f8       0x48 ym/nrf51-sdk/source/nrf51-sdk.a(softdevice_handler.c.o)
                0x0001f6f8                softdevice_handler_init
 .text.softdevice_handler_sd_disable
                0x0001f740       0x18 ym/nrf51-sdk/source/nrf51-sdk.a(softdevice_handler.c.o)
                0x0001f740                softdevice_handler_sd_disable
 .text.softdevice_ble_evt_handler_set
                0x0001f758       0x14 ym/nrf51-sdk/source/nrf51-sdk.a(softdevice_handler.c.o)
                0x0001f758                softdevice_ble_evt_handler_set
 .text.softdevice_sys_evt_handler_set
                0x0001f76c       0x14 ym/nrf51-sdk/source/nrf51-sdk.a(softdevice_handler.c.o)
                0x0001f76c                softdevice_sys_evt_handler_set
 .text.SWI2_IRQHandler
                0x0001f780       0x24 ym/nrf51-sdk/source/nrf51-sdk.a(softdevice_handler.c.o)
                0x0001f780                SWI2_IRQHandler
 .text.SWI1_IRQHandler
                0x0001f7a4       0x20 ym/nrf51-sdk/source/nrf51-sdk.a(ble_radio_notification.c.o)
                0x0001f7a4                SWI1_IRQHandler
 .text.ble_radio_notification_init
                0x0001f7c4       0x38 ym/nrf51-sdk/source/nrf51-sdk.a(ble_radio_notification.c.o)
                0x0001f7c4                ble_radio_notification_init
 .text.pstorage_flash_page_end
                0x0001f7fc       0x20 ym/nrf51-sdk/source/nrf51-sdk.a(pstorage.c.o)
 .text.swap_sub_state_entry_action_run
                0x0001f81c       0x18 ym/nrf51-sdk/source/nrf51-sdk.a(pstorage.c.o)
 .text.app_notify
                0x0001f834       0x2c ym/nrf51-sdk/source/nrf51-sdk.a(pstorage.c.o)
 .text.is_page_erase_required
                0x0001f860       0x50 ym/nrf51-sdk/source/nrf51-sdk.a(pstorage.c.o)
 .text.swap_sub_state_err_busy_process
                0x0001f8b0       0x18 ym/nrf51-sdk/source/nrf51-sdk.a(pstorage.c.o)
 .text.data_to_swap_write_state_run
                0x0001f8c8       0x30 ym/nrf51-sdk/source/nrf51-sdk.a(pstorage.c.o)
 .text.swap_erase_state_run
                0x0001f8f8       0x24 ym/nrf51-sdk/source/nrf51-sdk.a(pstorage.c.o)
 .text.flash_api_err_code_process
                0x0001f91c       0x40 ym/nrf51-sdk/source/nrf51-sdk.a(pstorage.c.o)
 .text.store_cmd_flash_write_execute
                0x0001f95c       0x54 ym/nrf51-sdk/source/nrf51-sdk.a(pstorage.c.o)
 .text.state_restore_head_entry_run
                0x0001f9b0       0x34 ym/nrf51-sdk/source/nrf51-sdk.a(pstorage.c.o)
 .text.state_restore_tail_entry_run
                0x0001f9e4       0x48 ym/nrf51-sdk/source/nrf51-sdk.a(pstorage.c.o)
 .text.state_write_data_swap_entry_run
                0x0001fa2c       0x2c ym/nrf51-sdk/source/nrf51-sdk.a(pstorage.c.o)
 .text.state_data_erase_entry_run
                0x0001fa58       0x14 ym/nrf51-sdk/source/nrf51-sdk.a(pstorage.c.o)
 .text.state_entry_action_run
                0x0001fa6c       0xc4 ym/nrf51-sdk/source/nrf51-sdk.a(pstorage.c.o)
 .text.clear_operation_execute
                0x0001fb30      0x114 ym/nrf51-sdk/source/nrf51-sdk.a(pstorage.c.o)
 .text.cmd_process
                0x0001fc44       0x3c ym/nrf51-sdk/source/nrf51-sdk.a(pstorage.c.o)
 .text.cmd_queue_enqueue
                0x0001fc80       0x54 ym/nrf51-sdk/source/nrf51-sdk.a(pstorage.c.o)
 .text.command_end_procedure_run
                0x0001fcd4       0x54 ym/nrf51-sdk/source/nrf51-sdk.a(pstorage.c.o)
 .text.clear_post_processing_run
                0x0001fd28       0x2c ym/nrf51-sdk/source/nrf51-sdk.a(pstorage.c.o)
 .text.head_restore_state_run
                0x0001fd54       0x9c ym/nrf51-sdk/source/nrf51-sdk.a(pstorage.c.o)
 .text.tail_restore_state_run
                0x0001fdf0       0x1c ym/nrf51-sdk/source/nrf51-sdk.a(pstorage.c.o)
 .text.data_page_erase_state_run
                0x0001fe0c       0x78 ym/nrf51-sdk/source/nrf51-sdk.a(pstorage.c.o)
 .text.flash_operation_success_run
                0x0001fe84       0x98 ym/nrf51-sdk/source/nrf51-sdk.a(pstorage.c.o)
 .text.pstorage_sys_event_handler
                0x0001ff1c       0x68 ym/nrf51-sdk/source/nrf51-sdk.a(pstorage.c.o)
                0x0001ff1c                pstorage_sys_event_handler
 .text.pstorage_init
                0x0001ff84       0x80 ym/nrf51-sdk/source/nrf51-sdk.a(pstorage.c.o)
                0x0001ff84                pstorage_init
 .text.pstorage_register
                0x00020004       0xbc ym/nrf51-sdk/source/nrf51-sdk.a(pstorage.c.o)
                0x00020004                pstorage_register
 .text.pstorage_block_identifier_get
                0x000200c0       0x4c ym/nrf51-sdk/source/nrf51-sdk.a(pstorage.c.o)
                0x000200c0                pstorage_block_identifier_get
 .text.pstorage_store
                0x0002010c       0x78 ym/nrf51-sdk/source/nrf51-sdk.a(pstorage.c.o)
                0x0002010c                pstorage_store
 .text.pstorage_update
                0x00020184       0x78 ym/nrf51-sdk/source/nrf51-sdk.a(pstorage.c.o)
                0x00020184                pstorage_update
 .text.pstorage_load
                0x000201fc       0x94 ym/nrf51-sdk/source/nrf51-sdk.a(pstorage.c.o)
                0x000201fc                pstorage_load
 .text.pstorage_clear
                0x00020290       0x84 ym/nrf51-sdk/source/nrf51-sdk.a(pstorage.c.o)
                0x00020290                pstorage_clear
 .text.dfu_app_on_dfu_evt
                0x00020314      0x16c ym/nrf51-sdk/source/nrf51-sdk.a(dfu_app_handler.c.o)
                0x00020314                dfu_app_on_dfu_evt
 .text.ble_dfu_response_send
                0x00020480       0x68 ym/nrf51-sdk/source/nrf51-sdk.a(ble_dfu.c.o)
                0x00020480                ble_dfu_response_send
 .text.gatts_context_store
                0x000204e8       0xc0 ym/nrf51-sdk/source/nrf51-sdk.a(device_manager_peripheral.c.o)
 .text.device_context_store
                0x000205a8       0xb0 ym/nrf51-sdk/source/nrf51-sdk.a(device_manager_peripheral.c.o)
 .text.gatts_context_apply
                0x00020658       0xc0 ym/nrf51-sdk/source/nrf51-sdk.a(device_manager_peripheral.c.o)
 .text.gatts_context_load
                0x00020718       0x34 ym/nrf51-sdk/source/nrf51-sdk.a(device_manager_peripheral.c.o)
 .text.peer_instance_init
                0x0002074c       0x48 ym/nrf51-sdk/source/nrf51-sdk.a(device_manager_peripheral.c.o)
 .text.device_instance_free
                0x00020794       0x2c ym/nrf51-sdk/source/nrf51-sdk.a(device_manager_peripheral.c.o)
 .text.dm_pstorage_cb_handler
                0x000207c0      0x124 ym/nrf51-sdk/source/nrf51-sdk.a(device_manager_peripheral.c.o)
 .text.dm_init  0x000208e4       0xd4 ym/nrf51-sdk/source/nrf51-sdk.a(device_manager_peripheral.c.o)
                0x000208e4                dm_init
 .text.dm_register
                0x000209b8       0x70 ym/nrf51-sdk/source/nrf51-sdk.a(device_manager_peripheral.c.o)
                0x000209b8                dm_register
 .text.dm_security_status_req
                0x00020a28       0x74 ym/nrf51-sdk/source/nrf51-sdk.a(device_manager_peripheral.c.o)
                0x00020a28                dm_security_status_req
 .text.dm_whitelist_create
                0x00020a9c       0xbc ym/nrf51-sdk/source/nrf51-sdk.a(device_manager_peripheral.c.o)
                0x00020a9c                dm_whitelist_create
 .text.dm_device_delete_all
                0x00020b58       0x54 ym/nrf51-sdk/source/nrf51-sdk.a(device_manager_peripheral.c.o)
                0x00020b58                dm_device_delete_all
 .text.dm_application_context_set
                0x00020bac        0x8 ym/nrf51-sdk/source/nrf51-sdk.a(device_manager_peripheral.c.o)
                0x00020bac                dm_application_context_set
 .text.dm_peer_addr_get
                0x00020bb4       0x8c ym/nrf51-sdk/source/nrf51-sdk.a(device_manager_peripheral.c.o)
                0x00020bb4                dm_peer_addr_get
 .text.dm_distributed_keys_get
                0x00020c40       0xb0 ym/nrf51-sdk/source/nrf51-sdk.a(device_manager_peripheral.c.o)
                0x00020c40                dm_distributed_keys_get
 .text.bond_data_load
                0x00020cf0       0x48 ym/nrf51-sdk/source/nrf51-sdk.a(device_manager_peripheral.c.o)
                0x00020cf0                bond_data_load
 .text.address_to_device_id
                0x00020d38       0x2c ym/nrf51-sdk/source/nrf51-sdk.a(device_manager_peripheral.c.o)
                0x00020d38                address_to_device_id
 .text.dm_ble_evt_handler
                0x00020d64      0x388 ym/nrf51-sdk/source/nrf51-sdk.a(device_manager_peripheral.c.o)
                0x00020d64                dm_ble_evt_handler
 .text.dm_handle_get
                0x000210ec       0x48 ym/nrf51-sdk/source/nrf51-sdk.a(device_manager_peripheral.c.o)
                0x000210ec                dm_handle_get
 .text.bootloader_util_app_start
                0x00021134       0x3c ym/nrf51-sdk/source/nrf51-sdk.a(bootloader_util.c.o)
                0x00021134                bootloader_util_app_start
 .text._ZN4mbed3I2CC2E7PinNameS1_
                0x00021170       0x30 ym/mbed-classic/existing/mbed-classic.a(I2C.cpp.o)
                0x00021170                mbed::I2C::I2C(PinName, PinName)
                0x00021170                mbed::I2C::I2C(PinName, PinName)
 .text._ZN4mbed3I2C6aquireEv
                0x000211a0       0x1c ym/mbed-classic/existing/mbed-classic.a(I2C.cpp.o)
                0x000211a0                mbed::I2C::aquire()
 .text._ZN4mbed11InterruptInD2Ev
                0x000211bc       0x18 ym/mbed-classic/existing/mbed-classic.a(InterruptIn.cpp.o)
                0x000211bc                mbed::InterruptIn::~InterruptIn()
                0x000211bc                mbed::InterruptIn::~InterruptIn()
 .text._ZN4mbed11InterruptInC2E7PinName
                0x000211d4       0x48 ym/mbed-classic/existing/mbed-classic.a(InterruptIn.cpp.o)
                0x000211d4                mbed::InterruptIn::InterruptIn(PinName)
                0x000211d4                mbed::InterruptIn::InterruptIn(PinName)
 .text._ZN4mbed9RawSerialC2E7PinNameS1_
                0x0002121c       0x14 ym/mbed-classic/existing/mbed-classic.a(RawSerial.cpp.o)
                0x0002121c                mbed::RawSerial::RawSerial(PinName, PinName)
                0x0002121c                mbed::RawSerial::RawSerial(PinName, PinName)
 .text._ZN4mbed10SerialBaseC2E7PinNameS1_
                0x00021230       0x3c ym/mbed-classic/existing/mbed-classic.a(SerialBase.cpp.o)
                0x00021230                mbed::SerialBase::SerialBase(PinName, PinName)
                0x00021230                mbed::SerialBase::SerialBase(PinName, PinName)
 .text._ZN4mbed6TickerD2Ev
                0x0002126c       0x1c ym/mbed-classic/existing/mbed-classic.a(Ticker.cpp.o)
                0x0002126c                mbed::Ticker::~Ticker()
                0x0002126c                mbed::Ticker::~Ticker()
 .text._ZN4mbed7TimeoutD2Ev
                0x00021288       0x1c ym/mbed-classic/existing/mbed-classic.a(Timeout.cpp.o)
                0x00021288                mbed::Timeout::~Timeout()
                0x00021288                mbed::Timeout::~Timeout()
 .text._ZN4mbed10TimerEventC2Ev
                0x000212a4       0x2c ym/mbed-classic/existing/mbed-classic.a(TimerEvent.cpp.o)
                0x000212a4                mbed::TimerEvent::TimerEvent()
                0x000212a4                mbed::TimerEvent::TimerEvent()
 .text._ZN4mbed10TimerEventD2Ev
                0x000212d0       0x18 ym/mbed-classic/existing/mbed-classic.a(TimerEvent.cpp.o)
                0x000212d0                mbed::TimerEvent::~TimerEvent()
                0x000212d0                mbed::TimerEvent::~TimerEvent()
 .text.get_us_ticker_data
                0x000212e8        0x8 ym/mbed-classic/existing/mbed-classic.a(us_ticker_api.c.o)
                0x000212e8                get_us_ticker_data
 .text.us_ticker_irq_handler
                0x000212f0       0x10 ym/mbed-classic/existing/mbed-classic.a(us_ticker_api.c.o)
                0x000212f0                us_ticker_irq_handler
 .text          0x00021300       0x48 ym/mbed-classic/existing/mbed-classic.a(startup_NRF51822.S.obj)
                0x00021300                Reset_Handler
                0x0002133c                NMI_Handler
                0x0002133e                HardFault_Handler
                0x00021340                SVC_Handler
                0x00021342                PendSV_Handler
                0x00021344                SysTick_Handler
                0x00021346                POWER_CLOCK_IRQHandler
                0x00021346                RTC0_IRQHandler
                0x00021346                SWI4_IRQHandler
                0x00021346                TEMP_IRQHandler
                0x00021346                QDEC_IRQHandler
                0x00021346                SWI5_IRQHandler
                0x00021346                TIMER0_IRQHandler
                0x00021346                LPCOMP_IRQHandler
                0x00021346                SWI0_IRQHandler
                0x00021346                ECB_IRQHandler
                0x00021346                Default_Handler
                0x00021346                ADC_IRQHandler
                0x00021346                SWI3_IRQHandler
                0x00021346                CCM_AAR_IRQHandler
                0x00021346                WDT_IRQHandler
                0x00021346                SPI0_TWI0_IRQHandler
                0x00021346                RNG_IRQHandler
                0x00021346                SPI1_TWI1_IRQHandler
                0x00021346                RTC1_IRQHandler
 .text.gpio_init
                0x00021348       0x30 ym/mbed-classic/existing/mbed-classic.a(gpio_api.c.o)
                0x00021348                gpio_init
 .text.GPIOTE_IRQHandler
                0x00021378       0xf4 ym/mbed-classic/existing/mbed-classic.a(gpio_irq_api.c.o)
                0x00021378                GPIOTE_IRQHandler
 .text.gpio_irq_init
                0x0002146c       0x60 ym/mbed-classic/existing/mbed-classic.a(gpio_irq_api.c.o)
                0x0002146c                gpio_irq_init
 .text.gpio_irq_free
                0x000214cc       0x10 ym/mbed-classic/existing/mbed-classic.a(gpio_irq_api.c.o)
                0x000214cc                gpio_irq_free
 .text.gpio_irq_set
                0x000214dc       0x9c ym/mbed-classic/existing/mbed-classic.a(gpio_irq_api.c.o)
                0x000214dc                gpio_irq_set
 .text.i2c_do_write
                0x00021578       0x28 ym/mbed-classic/existing/mbed-classic.a(i2c_api.c.o)
                0x00021578                i2c_do_write
 .text.i2c_do_read
                0x000215a0       0x3c ym/mbed-classic/existing/mbed-classic.a(i2c_api.c.o)
                0x000215a0                i2c_do_read
 .text.i2c_frequency
                0x000215dc       0x48 ym/mbed-classic/existing/mbed-classic.a(i2c_api.c.o)
                0x000215dc                i2c_frequency
 .text.twi_master_init
                0x00021624       0x48 ym/mbed-classic/existing/mbed-classic.a(i2c_api.c.o)
                0x00021624                twi_master_init
 .text.i2c_init
                0x0002166c       0xc4 ym/mbed-classic/existing/mbed-classic.a(i2c_api.c.o)
                0x0002166c                i2c_init
 .text.i2c_reset
                0x00021730       0x30 ym/mbed-classic/existing/mbed-classic.a(i2c_api.c.o)
                0x00021730                i2c_reset
 .text.i2c_stop
                0x00021760       0x34 ym/mbed-classic/existing/mbed-classic.a(i2c_api.c.o)
                0x00021760                i2c_stop
 .text.checkError
                0x00021794       0x28 ym/mbed-classic/existing/mbed-classic.a(i2c_api.c.o)
                0x00021794                checkError
 .text.port_init
                0x000217bc       0x28 ym/mbed-classic/existing/mbed-classic.a(port_api.c.o)
                0x000217bc                port_init
 .text.pwm_disconnect
                0x000217e4       0x60 ym/mbed-classic/existing/mbed-classic.a(pwmout_api.c.o)
 .text.TIMER2_IRQHandler
                0x00021844       0x68 ym/mbed-classic/existing/mbed-classic.a(pwmout_api.c.o)
                0x00021844                TIMER2_IRQHandler
 .text.serial_baud.part.0
                0x000218ac       0x38 ym/mbed-classic/existing/mbed-classic.a(serial_api.c.o)
 .text.serial_init
                0x000218e4       0xb8 ym/mbed-classic/existing/mbed-classic.a(serial_api.c.o)
                0x000218e4                serial_init
 .text.serial_baud
                0x0002199c       0x20 ym/mbed-classic/existing/mbed-classic.a(serial_api.c.o)
                0x0002199c                serial_baud
 .text.UART0_IRQHandler
                0x000219bc       0x4c ym/mbed-classic/existing/mbed-classic.a(serial_api.c.o)
                0x000219bc                UART0_IRQHandler
 .text.serial_irq_handler
                0x00021a08       0x18 ym/mbed-classic/existing/mbed-classic.a(serial_api.c.o)
                0x00021a08                serial_irq_handler
 .text.twi_master_clear_bus
                0x00021a20       0xb0 ym/mbed-classic/existing/mbed-classic.a(twi_master.c.o)
 .text.twi_master_init_and_clear
                0x00021ad0       0x74 ym/mbed-classic/existing/mbed-classic.a(twi_master.c.o)
                0x00021ad0                twi_master_init_and_clear
 .text.tmr1_getCounter64
                0x00021b44       0x50 ym/mbed-classic/existing/mbed-classic.a(us_ticker.c.o)
 .text.TIMER1_IRQHandler
                0x00021b94       0x50 ym/mbed-classic/existing/mbed-classic.a(us_ticker.c.o)
                0x00021b94                TIMER1_IRQHandler
 .text.us_ticker_init
                0x00021be4       0x8c ym/mbed-classic/existing/mbed-classic.a(us_ticker.c.o)
                0x00021be4                us_ticker_init
 .text.us_ticker_read
                0x00021c70       0x18 ym/mbed-classic/existing/mbed-classic.a(us_ticker.c.o)
                0x00021c70                us_ticker_read
 .text.us_ticker_set_interrupt
                0x00021c88       0x54 ym/mbed-classic/existing/mbed-classic.a(us_ticker.c.o)
                0x00021c88                us_ticker_set_interrupt
 .text.SystemInit
                0x00021cdc       0xac ym/mbed-classic/existing/mbed-classic.a(system_nrf51.c.o)
                0x00021cdc                SystemInit
 .text._ZSt15get_new_handlerv
                0x00021d88        0xc c:/progra~2/gnuarm~1/92020-~1/bin/../lib/gcc/arm-none-eabi/9.3.1/../../../../arm-none-eabi/lib/thumb/v6-m/nofp\libstdc++_nano.a(new_handler.o)
                0x00021d88                std::get_new_handler()
 .text          0x00021d94       0x14 c:/progra~2/gnuarm~1/92020-~1/bin/../lib/gcc/arm-none-eabi/9.3.1/thumb/v6-m/nofp\libgcc.a(_thumb1_case_uqi.o)
                0x00021d94                __gnu_thumb1_case_uqi
 .text          0x00021da8       0x14 c:/progra~2/gnuarm~1/92020-~1/bin/../lib/gcc/arm-none-eabi/9.3.1/thumb/v6-m/nofp\libgcc.a(_thumb1_case_uhi.o)
                0x00021da8                __gnu_thumb1_case_uhi
 .text          0x00021dbc      0x114 c:/progra~2/gnuarm~1/92020-~1/bin/../lib/gcc/arm-none-eabi/9.3.1/thumb/v6-m/nofp\libgcc.a(_udivsi3.o)
                0x00021dbc                __aeabi_uidiv
                0x00021dbc                __udivsi3
                0x00021ec8                __aeabi_uidivmod
 .text          0x00021ed0      0x1d4 c:/progra~2/gnuarm~1/92020-~1/bin/../lib/gcc/arm-none-eabi/9.3.1/thumb/v6-m/nofp\libgcc.a(_divsi3.o)
                0x00021ed0                __divsi3
                0x00021ed0                __aeabi_idiv
                0x0002209c                __aeabi_idivmod
 .text          0x000220a4        0x4 c:/progra~2/gnuarm~1/92020-~1/bin/../lib/gcc/arm-none-eabi/9.3.1/thumb/v6-m/nofp\libgcc.a(_dvmd_tls.o)
                0x000220a4                __aeabi_idiv0
                0x000220a4                __aeabi_ldiv0
 .text          0x000220a8       0x74 c:/progra~2/gnuarm~1/92020-~1/bin/../lib/gcc/arm-none-eabi/9.3.1/thumb/v6-m/nofp\libgcc.a(_arm_cmpsf2.o)
                0x000220a8                __aeabi_cfrcmple
                0x000220b0                __aeabi_cfcmpeq
                0x000220b0                __aeabi_cfcmple
                0x000220c0                __aeabi_fcmpeq
                0x000220cc                __aeabi_fcmplt
                0x000220e0                __aeabi_fcmple
                0x000220f4                __aeabi_fcmpgt
                0x00022108                __aeabi_fcmpge
 .text          0x0002211c       0x40 c:/progra~2/gnuarm~1/92020-~1/bin/../lib/gcc/arm-none-eabi/9.3.1/thumb/v6-m/nofp\libgcc.a(_aeabi_uldivmod.o)
                0x0002211c                __aeabi_uldivmod
 .text          0x0002215c      0x198 c:/progra~2/gnuarm~1/92020-~1/bin/../lib/gcc/arm-none-eabi/9.3.1/thumb/v6-m/nofp\libgcc.a(_udivmoddi4.o)
                0x0002215c                __udivmoddi4
 .text          0x000222f4      0x338 c:/progra~2/gnuarm~1/92020-~1/bin/../lib/gcc/arm-none-eabi/9.3.1/thumb/v6-m/nofp\libgcc.a(addsf3.o)
                0x000222f4                __aeabi_fadd
 .text          0x0002262c      0x218 c:/progra~2/gnuarm~1/92020-~1/bin/../lib/gcc/arm-none-eabi/9.3.1/thumb/v6-m/nofp\libgcc.a(divsf3.o)
                0x0002262c                __aeabi_fdiv
 .text          0x00022844       0x50 c:/progra~2/gnuarm~1/92020-~1/bin/../lib/gcc/arm-none-eabi/9.3.1/thumb/v6-m/nofp\libgcc.a(eqsf2.o)
                0x00022844                __eqsf2
                0x00022844                __nesf2
 .text          0x00022894       0x98 c:/progra~2/gnuarm~1/92020-~1/bin/../lib/gcc/arm-none-eabi/9.3.1/thumb/v6-m/nofp\libgcc.a(gesf2.o)
                0x00022894                __gesf2
                0x00022894                __gtsf2