Archive member included to satisfy reference by file (symbol)

ym/microbit/source/microbit.a(MicroBit.cpp.o)
                              source/CMakeFiles/microbit-samples.dir/C_/Users/peppe.ggu/Desktop/microbitprove/microbit-samples/source/main.cpp.o (MicroBit::MicroBit())
ym/microbit-dal/source/microbit-dal.a(MicroBitDevice.cpp.o)
                              ym/microbit/source/microbit.a(MicroBit.cpp.o) (microbit_serial_number())
ym/microbit-dal/source/microbit-dal.a(MicroBitFiber.cpp.o)
                              ym/microbit/source/microbit.a(MicroBit.cpp.o) (scheduler_init(EventModel&))
ym/microbit-dal/source/microbit-dal.a(MicroBitFont.cpp.o)
                              ym/microbit-dal/source/microbit-dal.a(MicroBitDevice.cpp.o) (MicroBitFont::defaultFont)
ym/microbit-dal/source/microbit-dal.a(MicroBitHeapAllocator.cpp.o)
                              ym/microbit/source/microbit.a(MicroBit.cpp.o) (microbit_create_heap(unsigned long, unsigned long))
ym/microbit-dal/source/microbit-dal.a(MicroBitListener.cpp.o)
                              source/CMakeFiles/microbit-samples.dir/C_/Users/peppe.ggu/Desktop/microbitprove/microbit-samples/source/main.cpp.o (MicroBitListener::MicroBitListener(unsigned short, unsigned short, void (*)(MicroBitEvent), unsigned short))
ym/microbit-dal/source/microbit-dal.a(MicroBitSystemTimer.cpp.o)
                              ym/microbit-dal/source/microbit-dal.a(MicroBitFiber.cpp.o) (system_timer_current_time())
ym/microbit-dal/source/microbit-dal.a(ManagedString.cpp.o)
                              source/CMakeFiles/microbit-samples.dir/C_/Users/peppe.ggu/Desktop/microbitprove/microbit-samples/source/main.cpp.o (ManagedString::~ManagedString())
ym/microbit-dal/source/microbit-dal.a(MicroBitEvent.cpp.o)
                              ym/microbit/source/microbit.a(MicroBit.cpp.o) (MicroBitEvent::MicroBitEvent())
ym/microbit-dal/source/microbit-dal.a(MicroBitImage.cpp.o)
                              source/CMakeFiles/microbit-samples.dir/C_/Users/peppe.ggu/Desktop/microbitprove/microbit-samples/source/main.cpp.o (MicroBitImage::~MicroBitImage())
ym/microbit-dal/source/microbit-dal.a(PacketBuffer.cpp.o)
                              ym/microbit-dal/source/microbit-dal.a(ManagedString.cpp.o) (PacketBuffer::getBytes())
ym/microbit-dal/source/microbit-dal.a(RefCounted.cpp.o)
                              ym/microbit-dal/source/microbit-dal.a(ManagedString.cpp.o) (RefCounted::init())
ym/microbit-dal/source/microbit-dal.a(MicroBitAccelerometer.cpp.o)
                              ym/microbit/source/microbit.a(MicroBit.cpp.o) (MicroBitAccelerometer::autoDetect(MicroBitI2C&))
ym/microbit-dal/source/microbit-dal.a(MicroBitButton.cpp.o)
                              source/CMakeFiles/microbit-samples.dir/C_/Users/peppe.ggu/Desktop/microbitprove/microbit-samples/source/main.cpp.o (MicroBitButton::~MicroBitButton())
ym/microbit-dal/source/microbit-dal.a(MicroBitCompass.cpp.o)
                              ym/microbit/source/microbit.a(MicroBit.cpp.o) (MicroBitCompass::autoDetect(MicroBitI2C&))
ym/microbit-dal/source/microbit-dal.a(MicroBitCompassCalibrator.cpp.o)
                              ym/microbit/source/microbit.a(MicroBit.cpp.o) (MicroBitCompassCalibrator::MicroBitCompassCalibrator(MicroBitCompass&, MicroBitAccelerometer&, MicroBitDisplay&, MicroBitStorage&))
ym/microbit-dal/source/microbit-dal.a(MicroBitDisplay.cpp.o)
                              source/CMakeFiles/microbit-samples.dir/C_/Users/peppe.ggu/Desktop/microbitprove/microbit-samples/source/main.cpp.o (MicroBitDisplay::~MicroBitDisplay())
ym/microbit-dal/source/microbit-dal.a(MicroBitI2C.cpp.o)
                              ym/microbit/source/microbit.a(MicroBit.cpp.o) (MicroBitI2C::MicroBitI2C(PinName, PinName))
ym/microbit-dal/source/microbit-dal.a(MicroBitIO.cpp.o)
                              ym/microbit/source/microbit.a(MicroBit.cpp.o) (MicroBitIO::MicroBitIO(int, int, int, int, int, int, int, int, int, int, int, int, int, int, int, int, int, int, int))
ym/microbit-dal/source/microbit-dal.a(MicroBitLightSensor.cpp.o)
                              ym/microbit-dal/source/microbit-dal.a(MicroBitDisplay.cpp.o) (MicroBitLightSensor::read())
ym/microbit-dal/source/microbit-dal.a(MicroBitMessageBus.cpp.o)
                              ym/microbit/source/microbit.a(MicroBit.cpp.o) (MicroBitMessageBus::add(MicroBitListener*))
ym/microbit-dal/source/microbit-dal.a(MicroBitMultiButton.cpp.o)
                              ym/microbit/source/microbit.a(MicroBit.cpp.o) (MicroBitMultiButton::setEventConfiguration(MicroBitButtonEventConfiguration))
ym/microbit-dal/source/microbit-dal.a(MicroBitPin.cpp.o)
                              source/CMakeFiles/microbit-samples.dir/C_/Users/peppe.ggu/Desktop/microbitprove/microbit-samples/source/main.cpp.o (MicroBitPin::MicroBitPin(int, PinName, PinCapability))
ym/microbit-dal/source/microbit-dal.a(MicroBitRadio.cpp.o)
[...]
Memory Configuration

Name             Origin             Length             Attributes
FLASH            0x00018000         0x00028000         xr
RAM              0x20002000         0x00002000         xrw
*default*        0x00000000         0xffffffff

Linker script and memory map

LOAD c:/progra~2/gnuarm~1/92020-~1/bin/../lib/gcc/arm-none-eabi/9.3.1/thumb/v6-m/nofp/crti.o
LOAD c:/progra~2/gnuarm~1/92020-~1/bin/../lib/gcc/arm-none-eabi/9.3.1/thumb/v6-m/nofp/crtbegin.o
LOAD c:/progra~2/gnuarm~1/92020-~1/bin/../lib/gcc/arm-none-eabi/9.3.1/../../../../arm-none-eabi/lib/thumb/v6-m/nofp/crt0.o
START GROUP
LOAD source/CMakeFiles/microbit-samples.dir/C_/Users/peppe.ggu/Desktop/microbitprove/microbit-samples/source/main.cpp.o
LOAD source/CMakeFiles/microbit-samples.dir/C_/Users/peppe.ggu/Desktop/microbitprove/microbit-samples/source/Orologio.cpp.o
LOAD ym/microbit/source/microbit.a
LOAD ym/microbit-dal/source/microbit-dal.a
LOAD ym/ble/source/ble.a
LOAD ym/ble-nrf51822/source/ble-nrf51822.a
LOAD ym/ble/source/ble.a
LOAD ym/ble-nrf51822/source/ble-nrf51822.a
LOAD ym/nrf51-sdk/source/nrf51-sdk.a
LOAD ym/mbed-classic/existing/mbed-classic.a
LOAD c:/progra~2/gnuarm~1/92020-~1/bin/../lib/gcc/arm-none-eabi/9.3.1/../../../../arm-none-eabi/lib/thumb/v6-m/nofp\libnosys.a
LOAD c:/progra~2/gnuarm~1/92020-~1/bin/../lib/gcc/arm-none-eabi/9.3.1/../../../../arm-none-eabi/lib/thumb/v6-m/nofp\libstdc++_nano.a
LOAD c:/progra~2/gnuarm~1/92020-~1/bin/../lib/gcc/arm-none-eabi/9.3.1/../../../../arm-none-eabi/lib/thumb/v6-m/nofp\libsupc++_nano.a
LOAD c:/progra~2/gnuarm~1/92020-~1/bin/../lib/gcc/arm-none-eabi/9.3.1/thumb/v6-m/nofp\libgcc.a
LOAD c:/progra~2/gnuarm~1/92020-~1/bin/../lib/gcc/arm-none-eabi/9.3.1/../../../../arm-none-eabi/lib/thumb/v6-m/nofp\libstdc++_nano.a
LOAD c:/progra~2/gnuarm~1/92020-~1/bin/../lib/gcc/arm-none-eabi/9.3.1/../../../../arm-none-eabi/lib/thumb/v6-m/nofp\libsupc++_nano.a
LOAD c:/progra~2/gnuarm~1/92020-~1/bin/../lib/gcc/arm-none-eabi/9.3.1/../../../../arm-none-eabi/lib/thumb/v6-m/nofp\libm.a
LOAD c:/progra~2/gnuarm~1/92020-~1/bin/../lib/gcc/arm-none-eabi/9.3.1/../../../../arm-none-eabi/lib/thumb/v6-m/nofp\libc_nano.a
LOAD c:/progra~2/gnuarm~1/92020-~1/bin/../lib/gcc/arm-none-eabi/9.3.1/thumb/v6-m/nofp\libgcc.a
END GROUP
LOAD c:/progra~2/gnuarm~1/92020-~1/bin/../lib/gcc/arm-none-eabi/9.3.1/../../../../arm-none-eabi/lib/thumb/v6-m/nofp\libstdc++_nano.a
LOAD c:/progra~2/gnuarm~1/92020-~1/bin/../lib/gcc/arm-none-eabi/9.3.1/../../../../arm-none-eabi/lib/thumb/v6-m/nofp\libm.a
LOAD c:/progra~2/gnuarm~1/92020-~1/bin/../lib/gcc/arm-none-eabi/9.3.1/../../../../arm-none-eabi/lib/thumb/v6-m/nofp\libc_nano.a
START GROUP
LOAD c:/progra~2/gnuarm~1/92020-~1/bin/../lib/gcc/arm-none-eabi/9.3.1/thumb/v6-m/nofp\libgcc.a
LOAD c:/progra~2/gnuarm~1/92020-~1/bin/../lib/gcc/arm-none-eabi/9.3.1/../../../../arm-none-eabi/lib/thumb/v6-m/nofp\libc_nano.a
END GROUP
START GROUP
LOAD c:/progra~2/gnuarm~1/92020-~1/bin/../lib/gcc/arm-none-eabi/9.3.1/thumb/v6-m/nofp\libgcc.a
LOAD c:/progra~2/gnuarm~1/92020-~1/bin/../lib/gcc/arm-none-eabi/9.3.1/../../../../arm-none-eabi/lib/thumb/v6-m/nofp\libc_nano.a
END GROUP
LOAD c:/progra~2/gnuarm~1/92020-~1/bin/../lib/gcc/arm-none-eabi/9.3.1/thumb/v6-m/nofp/crtend.o
LOAD c:/progra~2/gnuarm~1/92020-~1/bin/../lib/gcc/arm-none-eabi/9.3.1/thumb/v6-m/nofp/crtn.o

.text           0x00018000    0x10b90
 *(SORT_BY_ALIGNMENT(.Vectors))
 .Vectors       0x00018000       0xc0 ym/mbed-classic/existing/mbed-classic.a(startup_NRF51822.S.obj)
                0x00018000                __Vectors
 *(SORT_BY_ALIGNMENT(.text*))
 .text          0x000180c0       0x48 c:/progra~2/gnuarm~1/92020-~1/bin/../lib/gcc/arm-none-eabi/9.3.1/thumb/v6-m/nofp/crtbegin.o
 .text          0x00018108       0x80 c:/progra~2/gnuarm~1/92020-~1/bin/../lib/gcc/arm-none-eabi/9.3.1/../../../../arm-none-eabi/lib/thumb/v6-m/nofp/crt0.o
                0x00018108                _stack_init
                0x00018114                _start
                0x00018114                _mainCRTStartup
 .text._Z12onDisconnect13MicroBitEvent
                0x00018188       0x1c source/CMakeFiles/microbit-samples.dir/C_/Users/peppe.ggu/Desktop/microbitprove/microbit-samples/source/main.cpp.o
                0x00018188                onDisconnect(MicroBitEvent)
 .text._ZN14MicroBitSerialD2Ev
                0x000181a4       0x18 source/CMakeFiles/microbit-samples.dir/C_/Users/peppe.ggu/Desktop/microbitprove/microbit-samples/source/main.cpp.o
                0x000181a4                MicroBitSerial::~MicroBitSerial()
                0x000181a4                MicroBitSerial::~MicroBitSerial()
 .text._ZN10EventModel6listenEiiPFv13MicroBitEventEt
                0x000181bc       0x5c source/CMakeFiles/microbit-samples.dir/C_/Users/peppe.ggu/Desktop/microbitprove/microbit-samples/source/main.cpp.o
                0x000181bc                EventModel::listen(int, int, void (*)(MicroBitEvent), unsigned short)
 .text._Z11onConnected13MicroBitEvent
                0x00018218      0x224 source/CMakeFiles/microbit-samples.dir/C_/Users/peppe.ggu/Desktop/microbitprove/microbit-samples/source/main.cpp.o
                0x00018218                onConnected(MicroBitEvent)
 .text.startup.main
                0x0001843c      0x3a8 source/CMakeFiles/microbit-samples.dir/C_/Users/peppe.ggu/Desktop/microbitprove/microbit-samples/source/main.cpp.o
                0x0001843c                main
 .text.startup._GLOBAL__sub_I_uBit
                0x000187e4       0x6c source/CMakeFiles/microbit-samples.dir/C_/Users/peppe.ggu/Desktop/microbitprove/microbit-samples/source/main.cpp.o
 .text._ZN8MicroBitD2Ev
                0x00018850       0x58 source/CMakeFiles/microbit-samples.dir/C_/Users/peppe.ggu/Desktop/microbitprove/microbit-samples/source/main.cpp.o
                0x00018850                MicroBit::~MicroBit()
                0x00018850                MicroBit::~MicroBit()
 .text._ZN8Orologio10startClockEv
                0x000188a8       0x74 source/CMakeFiles/microbit-samples.dir/C_/Users/peppe.ggu/Desktop/microbitprove/microbit-samples/source/Orologio.cpp.o
                0x000188a8                Orologio::startClock()
 .text._ZN8Orologio4initE4data
                0x0001891c       0x50 source/CMakeFiles/microbit-samples.dir/C_/Users/peppe.ggu/Desktop/microbitprove/microbit-samples/source/Orologio.cpp.o
                0x0001891c                Orologio::init(data)
 .text._ZN8Orologio6isInitEv
                0x0001896c        0xc source/CMakeFiles/microbit-samples.dir/C_/Users/peppe.ggu/Desktop/microbitprove/microbit-samples/source/Orologio.cpp.o
                0x0001896c                Orologio::isInit()
 .text._ZN8Orologio7getDataEv
                0x00018978       0x14 source/CMakeFiles/microbit-samples.dir/C_/Users/peppe.ggu/Desktop/microbitprove/microbit-samples/source/Orologio.cpp.o
                0x00018978                Orologio::getData()
 .text._ZN8Orologio7setDataE4data
                0x0001898c       0x2c source/CMakeFiles/microbit-samples.dir/C_/Users/peppe.ggu/Desktop/microbitprove/microbit-samples/source/Orologio.cpp.o
                0x0001898c                Orologio::setData(data)
 .text._ZN8MicroBitC2Ev
                0x000189b8      0x170 ym/microbit/source/microbit.a(MicroBit.cpp.o)
                0x000189b8                MicroBit::MicroBit()
                0x000189b8                MicroBit::MicroBit()
 .text._ZN8MicroBit4initEv
                0x00018b28      0x20c ym/microbit/source/microbit.a(MicroBit.cpp.o)
                0x00018b28                MicroBit::init()
 .text.NVIC_SystemReset
                0x00018d34       0x18 ym/microbit-dal/source/microbit-dal.a(MicroBitDevice.cpp.o)
 .text._Z22microbit_friendly_namev
                0x00018d4c       0x6c ym/microbit-dal/source/microbit-dal.a(MicroBitDevice.cpp.o)
                0x00018d4c                microbit_friendly_name()
 .text._Z14microbit_panici
                0x00018db8      0x154 ym/microbit-dal/source/microbit-dal.a(MicroBitDevice.cpp.o)
                0x00018db8                microbit_panic(int)
 .text._Z20microbit_seed_randomv
                0x00018f0c       0x60 ym/microbit-dal/source/microbit-dal.a(MicroBitDevice.cpp.o)
                0x00018f0c                microbit_seed_random()
 .text._Z14scheduler_tickv
                0x00018f6c       0x38 ym/microbit-dal/source/microbit-dal.a(MicroBitFiber.cpp.o)
                0x00018f6c                scheduler_tick()
 .text._Z15scheduler_event13MicroBitEvent
                0x00018fa4       0xcc ym/microbit-dal/source/microbit-dal.a(MicroBitFiber.cpp.o)
                0x00018fa4                scheduler_event(MicroBitEvent)
 .text._Z15getFiberContextv
                0x00019070       0x3c ym/microbit-dal/source/microbit-dal.a(MicroBitFiber.cpp.o)
                0x00019070                getFiberContext()
 .text._Z14scheduler_initR10EventModel
                0x000190ac       0xac ym/microbit-dal/source/microbit-dal.a(MicroBitFiber.cpp.o)
                0x000190ac                scheduler_init(EventModel&)
 .text._Z23fiber_scheduler_runningv
                0x00019158       0x10 ym/microbit-dal/source/microbit-dal.a(MicroBitFiber.cpp.o)
                0x00019158                fiber_scheduler_running()
 .text._Z14__create_fibermmmi
                0x00019168       0x50 ym/microbit-dal/source/microbit-dal.a(MicroBitFiber.cpp.o)
                0x00019168                __create_fiber(unsigned long, unsigned long, unsigned long, int)
 .text._Z12create_fiberPFvvES0_
                0x000191b8       0x24 ym/microbit-dal/source/microbit-dal.a(MicroBitFiber.cpp.o)
                0x000191b8                create_fiber(void (*)(), void (*)())
 .text._Z12create_fiberPFvPvES_S1_
                0x000191dc       0x24 ym/microbit-dal/source/microbit-dal.a(MicroBitFiber.cpp.o)
                0x000191dc                create_fiber(void (*)(void*), void*, void (*)(void*))
 .text._Z24scheduler_runqueue_emptyv
                0x00019200       0x10 ym/microbit-dal/source/microbit-dal.a(MicroBitFiber.cpp.o)
                0x00019200                scheduler_runqueue_empty()
 .text._Z24fiber_add_idle_componentP17MicroBitComponent
                0x00019210       0x1c ym/microbit-dal/source/microbit-dal.a(MicroBitFiber.cpp.o)
                0x00019210                fiber_add_idle_component(MicroBitComponent*)
 .text._Z27fiber_remove_idle_componentP17MicroBitComponent
                0x0001922c       0x1c ym/microbit-dal/source/microbit-dal.a(MicroBitFiber.cpp.o)
                0x0001922c                fiber_remove_idle_component(MicroBitComponent*)
 .text._Z4idlev
                0x00019248       0x30 ym/microbit-dal/source/microbit-dal.a(MicroBitFiber.cpp.o)
                0x00019248                idle()
 .text._Z8schedulev
                0x00019278       0xd4 ym/microbit-dal/source/microbit-dal.a(MicroBitFiber.cpp.o)
                0x00019278                schedule()
 .text._Z11fiber_sleepm
                0x0001934c       0x58 ym/microbit-dal/source/microbit-dal.a(MicroBitFiber.cpp.o)
                0x0001934c                fiber_sleep(unsigned long)
 .text._Z19fiber_wake_on_eventtt
                0x000193a4       0xa0 ym/microbit-dal/source/microbit-dal.a(MicroBitFiber.cpp.o)
                0x000193a4                fiber_wake_on_event(unsigned short, unsigned short)
 .text._Z13release_fiberv
                0x00019444       0x2c ym/microbit-dal/source/microbit-dal.a(MicroBitFiber.cpp.o)
                0x00019444                release_fiber()
 .text._Z13release_fiberPv
                0x00019470       0x14 ym/microbit-dal/source/microbit-dal.a(MicroBitFiber.cpp.o)
                0x00019470                release_fiber(void*)
 .text._Z6invokePFvPvES_
                0x00019484       0x90 ym/microbit-dal/source/microbit-dal.a(MicroBitFiber.cpp.o)
                0x00019484                invoke(void (*)(void*), void*)
 .text._ZN12MicroBitFont13getSystemFontEv
                0x00019514       0x10 ym/microbit-dal/source/microbit-dal.a(MicroBitFont.cpp.o)
                0x00019514                MicroBitFont::getSystemFont()
 .text.startup._GLOBAL__sub_I__ZN12MicroBitFont11defaultFontE
                0x00019524       0x18 ym/microbit-dal/source/microbit-dal.a(MicroBitFont.cpp.o)
 .text._Z20microbit_create_heapmm
                0x0001953c       0x5c ym/microbit-dal/source/microbit-dal.a(MicroBitHeapAllocator.cpp.o)
                0x0001953c                microbit_create_heap(unsigned long, unsigned long)
 .text.malloc   0x00019598       0x68 ym/microbit-dal/source/microbit-dal.a(MicroBitHeapAllocator.cpp.o)
                0x00019598                malloc
 .text.free     0x00019600       0x50 ym/microbit-dal/source/microbit-dal.a(MicroBitHeapAllocator.cpp.o)
                0x00019600                free
 .text._Z23system_timer_set_periodi
                0x00019650       0x44 ym/microbit-dal/source/microbit-dal.a(MicroBitSystemTimer.cpp.o)
                0x00019650                system_timer_set_period(int)
 .text._Z17system_timer_initi
                0x00019694       0x54 ym/microbit-dal/source/microbit-dal.a(MicroBitSystemTimer.cpp.o)
                0x00019694                system_timer_init(int)
 .text._Z23system_timer_get_periodv
                0x000196e8        0xc ym/microbit-dal/source/microbit-dal.a(MicroBitSystemTimer.cpp.o)
                0x000196e8                system_timer_get_period()
 .text._Z11update_timev
                0x000196f4       0x44 ym/microbit-dal/source/microbit-dal.a(MicroBitSystemTimer.cpp.o)
                0x000196f4                update_time()
 .text._Z17system_timer_tickv
                0x00019738       0x24 ym/microbit-dal/source/microbit-dal.a(MicroBitSystemTimer.cpp.o)
                0x00019738                system_timer_tick()
 .text._Z25system_timer_current_timev
                0x0001975c       0x1c ym/microbit-dal/source/microbit-dal.a(MicroBitSystemTimer.cpp.o)
                0x0001975c                system_timer_current_time()
 .text._Z28system_timer_current_time_usv
                0x00019778       0x14 ym/microbit-dal/source/microbit-dal.a(MicroBitSystemTimer.cpp.o)
                0x00019778                system_timer_current_time_us()
 .text._Z26system_timer_add_componentP17MicroBitComponent
                0x0001978c       0x3c ym/microbit-dal/source/microbit-dal.a(MicroBitSystemTimer.cpp.o)
                0x0001978c                system_timer_add_component(MicroBitComponent*)
 .text._Z29system_timer_remove_componentP17MicroBitComponent
                0x000197c8       0x1c ym/microbit-dal/source/microbit-dal.a(MicroBitSystemTimer.cpp.o)
                0x000197c8                system_timer_remove_component(MicroBitComponent*)
 .text._ZN13ManagedStringC2EPKc
                0x000197e4       0x20 ym/microbit-dal/source/microbit-dal.a(ManagedString.cpp.o)
                0x000197e4                ManagedString::ManagedString(char const*)
                0x000197e4                ManagedString::ManagedString(char const*)
 .text._ZN13ManagedStringC2EPKcs
                0x00019804       0x54 ym/microbit-dal/source/microbit-dal.a(ManagedString.cpp.o)
                0x00019804                ManagedString::ManagedString(char const*, short)
                0x00019804                ManagedString::ManagedString(char const*, short)
 .text._ZN13ManagedStringC2Ev
                0x00019858        0xc ym/microbit-dal/source/microbit-dal.a(ManagedString.cpp.o)
                0x00019858                ManagedString::ManagedString()
                0x00019858                ManagedString::ManagedString()
 .text._ZN13ManagedString9substringEss
                0x00019864       0x38 ym/microbit-dal/source/microbit-dal.a(ManagedString.cpp.o)
                0x00019864                ManagedString::substring(short, short)
 .text.startup._GLOBAL__sub_I__ZN13ManagedString9initEmptyEv
                0x0001989c       0x28 ym/microbit-dal/source/microbit-dal.a(ManagedString.cpp.o)
 .text._ZN13MicroBitEvent4fireEv
                0x000198c4       0x28 ym/microbit-dal/source/microbit-dal.a(MicroBitEvent.cpp.o)
                0x000198c4                MicroBitEvent::fire()
 .text._ZN13MicroBitImageC2Ev
                0x000198ec        0xc ym/microbit-dal/source/microbit-dal.a(MicroBitImage.cpp.o)
                0x000198ec                MicroBitImage::MicroBitImage()
                0x000198ec                MicroBitImage::MicroBitImage()
 .text._ZN13MicroBitImageC2EP9ImageData
                0x000198f8       0x1c ym/microbit-dal/source/microbit-dal.a(MicroBitImage.cpp.o)
                0x000198f8                MicroBitImage::MicroBitImage(ImageData*)
                0x000198f8                MicroBitImage::MicroBitImage(ImageData*)
 .text._ZN13MicroBitImage13setPixelValueEssh
                0x00019914       0x2c ym/microbit-dal/source/microbit-dal.a(MicroBitImage.cpp.o)
                0x00019914                MicroBitImage::setPixelValue(short, short, unsigned char)
 .text._ZN13MicroBitImage10printImageEssPKh
                0x00019940       0x60 ym/microbit-dal/source/microbit-dal.a(MicroBitImage.cpp.o)
                0x00019940                MicroBitImage::printImage(short, short, unsigned char const*)
 .text._ZN13MicroBitImage4initEssPKh
                0x000199a0       0x4c ym/microbit-dal/source/microbit-dal.a(MicroBitImage.cpp.o)
                0x000199a0                MicroBitImage::init(short, short, unsigned char const*)
 .text._ZN13MicroBitImageC2EPKc
                0x000199ec       0xa0 ym/microbit-dal/source/microbit-dal.a(MicroBitImage.cpp.o)
                0x000199ec                MicroBitImage::MicroBitImage(char const*)
                0x000199ec                MicroBitImage::MicroBitImage(char const*)
 .text._ZN13MicroBitImage5printEcss
                0x00019a8c       0x90 ym/microbit-dal/source/microbit-dal.a(MicroBitImage.cpp.o)
                0x00019a8c                MicroBitImage::print(char, short, short)
 .text._ZN13MicroBitImage9shiftLeftEs
                0x00019b1c       0x50 ym/microbit-dal/source/microbit-dal.a(MicroBitImage.cpp.o)
                0x00019b1c                MicroBitImage::shiftLeft(short)
 .text.startup._GLOBAL__sub_I__ZN13MicroBitImage10EmptyImageE
                0x00019b6c       0x28 ym/microbit-dal/source/microbit-dal.a(MicroBitImage.cpp.o)
 .text.startup._GLOBAL__sub_I__ZN12PacketBuffer11EmptyPacketE
                0x00019b94       0x24 ym/microbit-dal/source/microbit-dal.a(PacketBuffer.cpp.o)
 .text._ZL16isReadOnlyInlineP10RefCounted.isra.0
                0x00019bb8       0x24 ym/microbit-dal/source/microbit-dal.a(RefCounted.cpp.o)
 .text._ZN21MicroBitAccelerometer9configureEv
                0x00019bdc        0x8 ym/microbit-dal/source/microbit-dal.a(MicroBitAccelerometer.cpp.o)
                0x00019bdc                MicroBitAccelerometer::configure()
 .text._ZN21MicroBitAccelerometer13requestUpdateEv
                0x00019be4       0x10 ym/microbit-dal/source/microbit-dal.a(MicroBitAccelerometer.cpp.o)
                0x00019be4                MicroBitAccelerometer::requestUpdate()
 .text._ZN21MicroBitAccelerometerC2ER15CoordinateSpacet
                0x00019bf4       0x50 ym/microbit-dal/source/microbit-dal.a(MicroBitAccelerometer.cpp.o)
                0x00019bf4                MicroBitAccelerometer::MicroBitAccelerometer(CoordinateSpace&, unsigned short)
                0x00019bf4                MicroBitAccelerometer::MicroBitAccelerometer(CoordinateSpace&, unsigned short)
 .text._ZN21MicroBitAccelerometer10autoDetectER11MicroBitI2C
                0x00019c44      0x168 ym/microbit-dal/source/microbit-dal.a(MicroBitAccelerometer.cpp.o)
                0x00019c44                MicroBitAccelerometer::autoDetect(MicroBitI2C&)
 .text._ZN21MicroBitAccelerometer20instantaneousPostureEv
                0x00019dac      0x19c ym/microbit-dal/source/microbit-dal.a(MicroBitAccelerometer.cpp.o)
                0x00019dac                MicroBitAccelerometer::instantaneousPosture()
 .text._ZN14MicroBitButton10systemTickEv
                0x00019f48       0xd8 ym/microbit-dal/source/microbit-dal.a(MicroBitButton.cpp.o)
                0x00019f48                MicroBitButton::systemTick()
 .text._ZN14MicroBitButtonD2Ev
                0x0001a020       0x18 ym/microbit-dal/source/microbit-dal.a(MicroBitButton.cpp.o)
                0x0001a020                MicroBitButton::~MicroBitButton()
                0x0001a020                MicroBitButton::~MicroBitButton()
 .text._ZN14MicroBitButtonC2E7PinNamet32MicroBitButtonEventConfiguration7PinMode
                0x0001a038       0x58 ym/microbit-dal/source/microbit-dal.a(MicroBitButton.cpp.o)
                0x0001a038                MicroBitButton::MicroBitButton(PinName, unsigned short, MicroBitButtonEventConfiguration, PinMode)
                0x0001a038                MicroBitButton::MicroBitButton(PinName, unsigned short, MicroBitButtonEventConfiguration, PinMode)
 .text._ZN15MicroBitCompass9configureEv
                0x0001a090        0x8 ym/microbit-dal/source/microbit-dal.a(MicroBitCompass.cpp.o)
                0x0001a090                MicroBitCompass::configure()
 .text._ZN15MicroBitCompass13requestUpdateEv
                0x0001a098       0x10 ym/microbit-dal/source/microbit-dal.a(MicroBitCompass.cpp.o)
                0x0001a098                MicroBitCompass::requestUpdate()
 .text._ZN15MicroBitCompassC2ER15CoordinateSpacet
                0x0001a0a8       0x44 ym/microbit-dal/source/microbit-dal.a(MicroBitCompass.cpp.o)
                0x0001a0a8                MicroBitCompass::MicroBitCompass(CoordinateSpace&, unsigned short)
                0x0001a0a8                MicroBitCompass::MicroBitCompass(CoordinateSpace&, unsigned short)
 .text._ZN15MicroBitCompass10autoDetectER11MicroBitI2C
                0x0001a0ec      0x160 ym/microbit-dal/source/microbit-dal.a(MicroBitCompass.cpp.o)
                0x0001a0ec                MicroBitCompass::autoDetect(MicroBitI2C&)
 .text._ZN25MicroBitCompassCalibrator11calibrateUXE13MicroBitEvent
                0x0001a24c      0x2a0 ym/microbit-dal/source/microbit-dal.a(MicroBitCompassCalibrator.cpp.o)
                0x0001a24c                MicroBitCompassCalibrator::calibrateUX(MicroBitEvent)
 .text._ZN10EventModel6listenI25MicroBitCompassCalibratorEEittPT_MS2_Fv13MicroBitEventEt
                0x0001a4ec       0xa8 ym/microbit-dal/source/microbit-dal.a(MicroBitCompassCalibrator.cpp.o)
                0x0001a4ec                int EventModel::listen<MicroBitCompassCalibrator>(unsigned short, unsigned short, MicroBitCompassCalibrator*, void (MicroBitCompassCalibrator::*)(MicroBitEvent), unsigned short)
 .text._ZN25MicroBitCompassCalibratorC2ER15MicroBitCompassR21MicroBitAccelerometerR15MicroBitDisplayR15MicroBitStorage
                0x0001a594       0x80 ym/microbit-dal/source/microbit-dal.a(MicroBitCompassCalibrator.cpp.o)
                0x0001a594                MicroBitCompassCalibrator::MicroBitCompassCalibrator(MicroBitCompass&, MicroBitAccelerometer&, MicroBitDisplay&, MicroBitStorage&)
                0x0001a594                MicroBitCompassCalibrator::MicroBitCompassCalibrator(MicroBitCompass&, MicroBitAccelerometer&, MicroBitDisplay&, MicroBitStorage&)
 .text._ZN15MicroBitDisplay15renderGreyscaleEv
                0x0001a614       0xfc ym/microbit-dal/source/microbit-dal.a(MicroBitDisplay.cpp.o)
                0x0001a614                MicroBitDisplay::renderGreyscale()
 .text._ZN15MicroBitDisplayD2Ev
                0x0001a710       0x50 ym/microbit-dal/source/microbit-dal.a(MicroBitDisplay.cpp.o)
                0x0001a710                MicroBitDisplay::~MicroBitDisplay()
                0x0001a710                MicroBitDisplay::~MicroBitDisplay()
 .text._ZN15MicroBitDisplayC2EtRK9MatrixMap
                0x0001a760       0xd8 ym/microbit-dal/source/microbit-dal.a(MicroBitDisplay.cpp.o)
                0x0001a760                MicroBitDisplay::MicroBitDisplay(unsigned short, MatrixMap const&)
                0x0001a760                MicroBitDisplay::MicroBitDisplay(unsigned short, MatrixMap const&)
 .text._ZN15MicroBitDisplay6renderEv
                0x0001a838       0xf4 ym/microbit-dal/source/microbit-dal.a(MicroBitDisplay.cpp.o)
                0x0001a838                MicroBitDisplay::render()
 .text._ZN15MicroBitDisplay26sendAnimationCompleteEventEv
                0x0001a92c       0x24 ym/microbit-dal/source/microbit-dal.a(MicroBitDisplay.cpp.o)
                0x0001a92c                MicroBitDisplay::sendAnimationCompleteEvent()
 .text._ZN15MicroBitDisplay13stopAnimationEv
                0x0001a950       0x38 ym/microbit-dal/source/microbit-dal.a(MicroBitDisplay.cpp.o)
                0x0001a950                MicroBitDisplay::stopAnimation()
 .text._ZN15MicroBitDisplay18waitForFreeDisplayEv
                0x0001a988       0x20 ym/microbit-dal/source/microbit-dal.a(MicroBitDisplay.cpp.o)
                0x0001a988                MicroBitDisplay::waitForFreeDisplay()
 .text._ZN15MicroBitDisplay9fiberWaitEv
                0x0001a9a8       0x2c ym/microbit-dal/source/microbit-dal.a(MicroBitDisplay.cpp.o)
                0x0001a9a8                MicroBitDisplay::fiberWait()
 .text._ZN15MicroBitDisplay10printAsyncE13MicroBitImageiiii
                0x0001a9d4       0x54 ym/microbit-dal/source/microbit-dal.a(MicroBitDisplay.cpp.o)
                0x0001a9d4                MicroBitDisplay::printAsync(MicroBitImage, int, int, int, int)
 .text._ZN15MicroBitDisplay5printE13MicroBitImageiiii
                0x0001aa28       0x68 ym/microbit-dal/source/microbit-dal.a(MicroBitDisplay.cpp.o)
                0x0001aa28                MicroBitDisplay::print(MicroBitImage, int, int, int, int)
 .text._ZN15MicroBitDisplay11scrollAsyncE13ManagedStringi
                0x0001aa90       0x54 ym/microbit-dal/source/microbit-dal.a(MicroBitDisplay.cpp.o)
                0x0001aa90                MicroBitDisplay::scrollAsync(ManagedString, int)
 .text._ZN15MicroBitDisplay12animateAsyncE13MicroBitImageiiii
                0x0001aae4       0x74 ym/microbit-dal/source/microbit-dal.a(MicroBitDisplay.cpp.o)
                0x0001aae4                MicroBitDisplay::animateAsync(MicroBitImage, int, int, int, int)
 .text._ZN15MicroBitDisplay7animateE13MicroBitImageiiii
                0x0001ab58       0x60 ym/microbit-dal/source/microbit-dal.a(MicroBitDisplay.cpp.o)
                0x0001ab58                MicroBitDisplay::animate(MicroBitImage, int, int, int, int)
 .text._ZN15MicroBitDisplay13setBrightnessEi
                0x0001abb8       0x14 ym/microbit-dal/source/microbit-dal.a(MicroBitDisplay.cpp.o)
                0x0001abb8                MicroBitDisplay::setBrightness(int)
 .text._ZN11MicroBitI2C4readEiPcib
                0x0001abcc       0x20 ym/microbit-dal/source/microbit-dal.a(MicroBitI2C.cpp.o)
                0x0001abcc                MicroBitI2C::read(int, char*, int, bool)
 .text._ZN11MicroBitI2C5writeEiPKcib
                0x0001abec       0x20 ym/microbit-dal/source/microbit-dal.a(MicroBitI2C.cpp.o)
                0x0001abec                MicroBitI2C::write(int, char const*, int, bool)
 .text._ZN11MicroBitI2C12readRegisterEhhPhi
                0x0001ac0c       0x4c ym/microbit-dal/source/microbit-dal.a(MicroBitI2C.cpp.o)
                0x0001ac0c                MicroBitI2C::readRegister(unsigned char, unsigned char, unsigned char*, int)
 .text._ZN18MicroBitMessageBus6removeEP16MicroBitListener
                0x0001ac58       0x94 ym/microbit-dal/source/microbit-dal.a(MicroBitMessageBus.cpp.o)
                0x0001ac58                MicroBitMessageBus::remove(MicroBitListener*)
 .text._ZN18MicroBitMessageBus3addEP16MicroBitListener
                0x0001acec       0xd8 ym/microbit-dal/source/microbit-dal.a(MicroBitMessageBus.cpp.o)
                0x0001acec                MicroBitMessageBus::add(MicroBitListener*)
 .text._ZN18MicroBitMessageBusD2Ev
                0x0001adc4       0x20 ym/microbit-dal/source/microbit-dal.a(MicroBitMessageBus.cpp.o)
                0x0001adc4                MicroBitMessageBus::~MicroBitMessageBus()
                0x0001adc4                MicroBitMessageBus::~MicroBitMessageBus()
 .text._ZThn8_N18MicroBitMessageBusD1Ev
                0x0001ade4       0x10 ym/microbit-dal/source/microbit-dal.a(MicroBitMessageBus.cpp.o)
                0x0001ade4                non-virtual thunk to MicroBitMessageBus::~MicroBitMessageBus()
 .text._ZThn8_N18MicroBitMessageBusD0Ev
                0x0001adf4       0x10 ym/microbit-dal/source/microbit-dal.a(MicroBitMessageBus.cpp.o)
                0x0001adf4                non-virtual thunk to MicroBitMessageBus::~MicroBitMessageBus()
 .text._ZN18MicroBitMessageBusC2Ev
                0x0001ae04       0x3c ym/microbit-dal/source/microbit-dal.a(MicroBitMessageBus.cpp.o)
                0x0001ae04                MicroBitMessageBus::MicroBitMessageBus()
                0x0001ae04                MicroBitMessageBus::MicroBitMessageBus()
 .text._ZN18MicroBitMessageBus7processER13MicroBitEventb
                0x0001ae40       0x88 ym/microbit-dal/source/microbit-dal.a(MicroBitMessageBus.cpp.o)
                0x0001ae40                MicroBitMessageBus::process(MicroBitEvent&, bool)
 .text._ZThn8_N18MicroBitMessageBus8idleTickEv
                0x0001aec8       0x10 ym/microbit-dal/source/microbit-dal.a(MicroBitMessageBus.cpp.o)
                0x0001aec8                non-virtual thunk to MicroBitMessageBus::idleTick()
 .text._ZN10EventModel6listenI19MicroBitMultiButtonEEittPT_MS2_Fv13MicroBitEventEt
                0x0001aed8       0xa8 ym/microbit-dal/source/microbit-dal.a(MicroBitMultiButton.cpp.o)
                0x0001aed8                int EventModel::listen<MicroBitMultiButton>(unsigned short, unsigned short, MicroBitMultiButton*, void (MicroBitMultiButton::*)(MicroBitEvent), unsigned short)
 .text._ZN19MicroBitMultiButtonC2Ettt
                0x0001af80       0x70 ym/microbit-dal/source/microbit-dal.a(MicroBitMultiButton.cpp.o)
                0x0001af80                MicroBitMultiButton::MicroBitMultiButton(unsigned short, unsigned short, unsigned short)
                0x0001af80                MicroBitMultiButton::MicroBitMultiButton(unsigned short, unsigned short, unsigned short)
 .text._ZN11MicroBitPinC2Ei7PinName13PinCapability
                0x0001aff0       0x1c ym/microbit-dal/source/microbit-dal.a(MicroBitPin.cpp.o)
                0x0001aff0                MicroBitPin::MicroBitPin(int, PinName, PinCapability)
                0x0001aff0                MicroBitPin::MicroBitPin(int, PinName, PinCapability)
 .text._ZN11MicroBitPin10disconnectEv
                0x0001b00c       0x88 ym/microbit-dal/source/microbit-dal.a(MicroBitPin.cpp.o)
                0x0001b00c                MicroBitPin::disconnect()
 .text._ZN11MicroBitPin15setDigitalValueEi
                0x0001b094       0x70 ym/microbit-dal/source/microbit-dal.a(MicroBitPin.cpp.o)
                0x0001b094                MicroBitPin::setDigitalValue(int)
 .text._ZN11MicroBitPin15getDigitalValueEv
                0x0001b104       0x70 ym/microbit-dal/source/microbit-dal.a(MicroBitPin.cpp.o)
                0x0001b104                MicroBitPin::getDigitalValue()
 .text._ZN11MicroBitPin7setPullE7PinMode
                0x0001b174       0x2c ym/microbit-dal/source/microbit-dal.a(MicroBitPin.cpp.o)
                0x0001b174                MicroBitPin::setPull(PinMode)
 .text._ZN13MicroBitRadioC2Et
                0x0001b1a0       0x40 ym/microbit-dal/source/microbit-dal.a(MicroBitRadio.cpp.o)
                0x0001b1a0                MicroBitRadio::MicroBitRadio(unsigned short)
                0x0001b1a0                MicroBitRadio::MicroBitRadio(unsigned short)
 .text._ZN13MicroBitRadio7setRSSIEi
                0x0001b1e0       0x14 ym/microbit-dal/source/microbit-dal.a(MicroBitRadio.cpp.o)
                0x0001b1e0                MicroBitRadio::setRSSI(int)
 .text._ZN13MicroBitRadio7getRSSIEv
                0x0001b1f4       0x14 ym/microbit-dal/source/microbit-dal.a(MicroBitRadio.cpp.o)
                0x0001b1f4                MicroBitRadio::getRSSI()
 .text._ZN13MicroBitRadio10queueRxBufEv
                0x0001b208       0x60 ym/microbit-dal/source/microbit-dal.a(MicroBitRadio.cpp.o)
                0x0001b208                MicroBitRadio::queueRxBuf()
 .text.RADIO_IRQHandler
                0x0001b268       0x64 ym/microbit-dal/source/microbit-dal.a(MicroBitRadio.cpp.o)
                0x0001b268                RADIO_IRQHandler
 .text._ZN13MicroBitRadio4recvEv
                0x0001b2cc       0x28 ym/microbit-dal/source/microbit-dal.a(MicroBitRadio.cpp.o)
                0x0001b2cc                MicroBitRadio::recv()
 .text._ZN14MicroBitSerial4baudEi
                0x0001b2f4       0x14 ym/microbit-dal/source/microbit-dal.a(MicroBitSerial.cpp.o)
                0x0001b2f4                MicroBitSerial::baud(int)
 .text._ZN14MicroBitSerialC2E7PinNameS0_hh
                0x0001b308       0x50 ym/microbit-dal/source/microbit-dal.a(MicroBitSerial.cpp.o)
                0x0001b308                MicroBitSerial::MicroBitSerial(PinName, PinName, unsigned char, unsigned char)
                0x0001b308                MicroBitSerial::MicroBitSerial(PinName, PinName, unsigned char, unsigned char)
 .text._ZN15MicroBitStorage4sizeEv
                0x0001b358       0x60 ym/microbit-dal/source/microbit-dal.a(MicroBitStorage.cpp.o)
                0x0001b358                MicroBitStorage::size()
 .text._ZN15MicroBitStorage3putEPKcPhi
                0x0001b3b8      0x1ac ym/microbit-dal/source/microbit-dal.a(MicroBitStorage.cpp.o)
                0x0001b3b8                MicroBitStorage::put(char const*, unsigned char*, int)
 .text._ZN15MicroBitStorage6removeEPKc
                0x0001b564       0xd8 ym/microbit-dal/source/microbit-dal.a(MicroBitStorage.cpp.o)
                0x0001b564                MicroBitStorage::remove(char const*)
 .text._ZN19MicroBitThermometerC2ER15MicroBitStoraget
                0x0001b63c       0x48 ym/microbit-dal/source/microbit-dal.a(MicroBitThermometer.cpp.o)
                0x0001b63c                MicroBitThermometer::MicroBitThermometer(MicroBitStorage&, unsigned short)
                0x0001b63c                MicroBitThermometer::MicroBitThermometer(MicroBitStorage&, unsigned short)
 .text._ZN19MicroBitThermometer12updateSampleEv
                0x0001b684       0x8c ym/microbit-dal/source/microbit-dal.a(MicroBitThermometer.cpp.o)
                0x0001b684                MicroBitThermometer::updateSample()
 .text._ZL18nvmc_event_handlerm
                0x0001b710       0x10 ym/microbit-dal/source/microbit-dal.a(MicroBitFlash.cpp.o)
 .text._ZN13MicroBitFlashC2Ev
                0x0001b720       0x24 ym/microbit-dal/source/microbit-dal.a(MicroBitFlash.cpp.o)
                0x0001b720                MicroBitFlash::MicroBitFlash()
                0x0001b720                MicroBitFlash::MicroBitFlash()
 .text._ZN13MicroBitFlash10erase_pageEPm
                0x0001b744       0x6c ym/microbit-dal/source/microbit-dal.a(MicroBitFlash.cpp.o)
                0x0001b744                MicroBitFlash::erase_page(unsigned long*)
 .text._ZN13MicroBitFlash10flash_burnEPmS0_i
                0x0001b7b0       0x7c ym/microbit-dal/source/microbit-dal.a(MicroBitFlash.cpp.o)
                0x0001b7b0                MicroBitFlash::flash_burn(unsigned long*, unsigned long*, int)
 .text._ZN13MicroBitFlash11flash_writeEPvS0_iS0_
                0x0001b82c       0xe4 ym/microbit-dal/source/microbit-dal.a(MicroBitFlash.cpp.o)
                0x0001b82c                MicroBitFlash::flash_write(void*, void*, int, void*)
 .text._ZN12MicroBitFileC2E13ManagedStringi
                0x0001b910       0x48 ym/microbit-dal/source/microbit-dal.a(MicroBitFile.cpp.o)
                0x0001b910                MicroBitFile::MicroBitFile(ManagedString, int)
                0x0001b910                MicroBitFile::MicroBitFile(ManagedString, int)
 .text._ZN12MicroBitFile5writeEPKci
                0x0001b958       0x24 ym/microbit-dal/source/microbit-dal.a(MicroBitFile.cpp.o)
                0x0001b958                MicroBitFile::write(char const*, int)
 .text._ZN12MicroBitFile4readEPci
                0x0001b97c       0x34 ym/microbit-dal/source/microbit-dal.a(MicroBitFile.cpp.o)
                0x0001b97c                MicroBitFile::read(char*, int)
 .text._ZN12MicroBitFile6appendEPKci
                0x0001b9b0       0x38 ym/microbit-dal/source/microbit-dal.a(MicroBitFile.cpp.o)
                0x0001b9b0                MicroBitFile::append(char const*, int)
 .text._ZN12MicroBitFile5closeEv
                0x0001b9e8       0x2c ym/microbit-dal/source/microbit-dal.a(MicroBitFile.cpp.o)
                0x0001b9e8                MicroBitFile::close()
 .text._ZN18MicroBitFileSystem11getFreePageEv
                0x0001ba14       0xa4 ym/microbit-dal/source/microbit-dal.a(MicroBitFileSystem.cpp.o)
                0x0001ba14                MicroBitFileSystem::getFreePage()
 .text._ZN18MicroBitFileSystem6formatEv
                0x0001bab8       0x88 ym/microbit-dal/source/microbit-dal.a(MicroBitFileSystem.cpp.o)
                0x0001bab8                MicroBitFileSystem::format()
 .text._ZN18MicroBitFileSystem17getDirectoryEntryEPKcPK14DirectoryEntry
                0x0001bb40       0x74 ym/microbit-dal/source/microbit-dal.a(MicroBitFileSystem.cpp.o)
                0x0001bb40                MicroBitFileSystem::getDirectoryEntry(char const*, DirectoryEntry const*)
 .text._ZN18MicroBitFileSystem4loadEv
                0x0001bbb4       0x54 ym/microbit-dal/source/microbit-dal.a(MicroBitFileSystem.cpp.o)
                0x0001bbb4                MicroBitFileSystem::load()
 .text._ZN18MicroBitFileSystem4initEmi
                0x0001bc08       0x7c ym/microbit-dal/source/microbit-dal.a(MicroBitFileSystem.cpp.o)
                0x0001bc08                MicroBitFileSystem::init(unsigned long, int)
 .text._ZN18MicroBitFileSystemC2Emi
                0x0001bc84       0x30 ym/microbit-dal/source/microbit-dal.a(MicroBitFileSystem.cpp.o)
                0x0001bc84                MicroBitFileSystem::MicroBitFileSystem(unsigned long, int)
                0x0001bc84                MicroBitFileSystem::MicroBitFileSystem(unsigned long, int)
 .text._ZN18MicroBitFileSystem12recycleBlockEti
                0x0001bcb4      0x104 ym/microbit-dal/source/microbit-dal.a(MicroBitFileSystem.cpp.o)
                0x0001bcb4                MicroBitFileSystem::recycleBlock(unsigned short, int)
 .text._ZN18MicroBitFileSystem12getFreeBlockEv
                0x0001bdb8       0x48 ym/microbit-dal/source/microbit-dal.a(MicroBitFileSystem.cpp.o)
                0x0001bdb8                MicroBitFileSystem::getFreeBlock()
 .text._ZN18MicroBitFileSystem20createDirectoryEntryEP14DirectoryEntry
                0x0001be00       0xa4 ym/microbit-dal/source/microbit-dal.a(MicroBitFileSystem.cpp.o)
                0x0001be00                MicroBitFileSystem::createDirectoryEntry(DirectoryEntry*)
 .text._ZN18MicroBitFileSystem10createFileEPKcP14DirectoryEntryb
                0x0001bea4       0x84 ym/microbit-dal/source/microbit-dal.a(MicroBitFileSystem.cpp.o)
                0x0001bea4                MicroBitFileSystem::createFile(char const*, DirectoryEntry*, bool)
 .text._ZN18MicroBitFileSystem11writeBufferEP14FileDescriptorPhi
                0x0001bf28       0xdc ym/microbit-dal/source/microbit-dal.a(MicroBitFileSystem.cpp.o)
                0x0001bf28                MicroBitFileSystem::writeBuffer(FileDescriptor*, unsigned char*, int)
 .text._ZN18MicroBitFileSystem5flushEi
                0x0001c004       0x94 ym/microbit-dal/source/microbit-dal.a(MicroBitFileSystem.cpp.o)
                0x0001c004                MicroBitFileSystem::flush(int)
 .text._ZN18MicroBitFileSystem4seekEiih
                0x0001c098       0x58 ym/microbit-dal/source/microbit-dal.a(MicroBitFileSystem.cpp.o)
                0x0001c098                MicroBitFileSystem::seek(int, int, unsigned char)
 .text._ZN18MicroBitFileSystem4readEiPhi
                0x0001c0f0       0xcc ym/microbit-dal/source/microbit-dal.a(MicroBitFileSystem.cpp.o)
                0x0001c0f0                MicroBitFileSystem::read(int, unsigned char*, int)
 .text._ZN18MicroBitFileSystem4openEPKcm
                0x0001c1bc       0xd4 ym/microbit-dal/source/microbit-dal.a(MicroBitFileSystem.cpp.o)
                0x0001c1bc                MicroBitFileSystem::open(char const*, unsigned long)
 .text._ZN18MicroBitFileSystem5writeEiPhi
                0x0001c290       0x4c ym/microbit-dal/source/microbit-dal.a(MicroBitFileSystem.cpp.o)
                0x0001c290                MicroBitFileSystem::write(int, unsigned char*, int)
 .text._ZN18MicroBitFileSystem6removeEPKc
                0x0001c2dc       0x5c ym/microbit-dal/source/microbit-dal.a(MicroBitFileSystem.cpp.o)
                0x0001c2dc                MicroBitFileSystem::remove(char const*)
 .text.startup._GLOBAL__sub_I__ZN18MicroBitFileSystem17defaultFileSystemE
                0x0001c338       0x14 ym/microbit-dal/source/microbit-dal.a(MicroBitFileSystem.cpp.o)
 .text._ZThn68_N8FXOS87008idleTickEv
                0x0001c34c       0x10 ym/microbit-dal/source/microbit-dal.a(FXOS8700.cpp.o)
                0x0001c34c                non-virtual thunk to FXOS8700::idleTick()
 .text._ZN8FXOS87009configureEv
                0x0001c35c       0xe4 ym/microbit-dal/source/microbit-dal.a(FXOS8700.cpp.o)
                0x0001c35c                FXOS8700::configure()
 .text._ZThn68_N8FXOS87009configureEv
                0x0001c440       0x10 ym/microbit-dal/source/microbit-dal.a(FXOS8700.cpp.o)
                0x0001c440                non-virtual thunk to FXOS8700::configure()
 .text._ZN8FXOS8700D2Ev
                0x0001c450       0x24 ym/microbit-dal/source/microbit-dal.a(FXOS8700.cpp.o)
                0x0001c450                FXOS8700::~FXOS8700()
                0x0001c450                FXOS8700::~FXOS8700()
 .text._ZThn68_N8FXOS8700D1Ev
                0x0001c474       0x10 ym/microbit-dal/source/microbit-dal.a(FXOS8700.cpp.o)
                0x0001c474                non-virtual thunk to FXOS8700::~FXOS8700()
 .text._ZThn68_N8FXOS8700D0Ev
                0x0001c484       0x10 ym/microbit-dal/source/microbit-dal.a(FXOS8700.cpp.o)
                0x0001c484                non-virtual thunk to FXOS8700::~FXOS8700()
 .text._ZN8FXOS870013requestUpdateEv
                0x0001c494       0xcc ym/microbit-dal/source/microbit-dal.a(FXOS8700.cpp.o)
                0x0001c494                FXOS8700::requestUpdate()
 .text._ZThn68_N8FXOS870013requestUpdateEv
                0x0001c560       0x10 ym/microbit-dal/source/microbit-dal.a(FXOS8700.cpp.o)
                0x0001c560                non-virtual thunk to FXOS8700::requestUpdate()
 .text._ZN8FXOS8700C2ER11MicroBitI2C11MicroBitPinR15CoordinateSpacettt
                0x0001c570       0x80 ym/microbit-dal/source/microbit-dal.a(FXOS8700.cpp.o)
                0x0001c570                FXOS8700::FXOS8700(MicroBitI2C&, MicroBitPin, CoordinateSpace&, unsigned short, unsigned short, unsigned short)
                0x0001c570                FXOS8700::FXOS8700(MicroBitI2C&, MicroBitPin, CoordinateSpace&, unsigned short, unsigned short, unsigned short)
 .text._ZN7MMA86539configureEv
                0x0001c5f0       0xb0 ym/microbit-dal/source/microbit-dal.a(MMA8653.cpp.o)
                0x0001c5f0                MMA8653::configure()
 .text._ZN7MMA8653D2Ev
                0x0001c6a0       0x18 ym/microbit-dal/source/microbit-dal.a(MMA8653.cpp.o)
                0x0001c6a0                MMA8653::~MMA8653()
                0x0001c6a0                MMA8653::~MMA8653()
 .text._ZN7MMA865313requestUpdateEv
                0x0001c6b8       0x78 ym/microbit-dal/source/microbit-dal.a(MMA8653.cpp.o)
                0x0001c6b8                MMA8653::requestUpdate()
 .text._ZN7MMA8653C2ER11MicroBitI2C11MicroBitPinR15CoordinateSpacett
                0x0001c730       0x5c ym/microbit-dal/source/microbit-dal.a(MMA8653.cpp.o)
                0x0001c730                MMA8653::MMA8653(MicroBitI2C&, MicroBitPin, CoordinateSpace&, unsigned short, unsigned short)
                0x0001c730                MMA8653::MMA8653(MicroBitI2C&, MicroBitPin, CoordinateSpace&, unsigned short, unsigned short)
 .text._ZN7MAG3110D2Ev
                0x0001c78c       0x18 ym/microbit-dal/source/microbit-dal.a(MAG3110.cpp.o)
                0x0001c78c                MAG3110::~MAG3110()
                0x0001c78c                MAG3110::~MAG3110()
 .text._ZN7MAG31109configureEv
                0x0001c7a4       0xa0 ym/microbit-dal/source/microbit-dal.a(MAG3110.cpp.o)
                0x0001c7a4                MAG3110::configure()
 .text._ZN7MAG311013requestUpdateEv
                0x0001c844       0x7c ym/microbit-dal/source/microbit-dal.a(MAG3110.cpp.o)
                0x0001c844                MAG3110::requestUpdate()
 .text._ZN7MAG3110C2ER11MicroBitI2C11MicroBitPinR15CoordinateSpacett
                0x0001c8c0       0x54 ym/microbit-dal/source/microbit-dal.a(MAG3110.cpp.o)
                0x0001c8c0                MAG3110::MAG3110(MicroBitI2C&, MicroBitPin, CoordinateSpace&, unsigned short, unsigned short)
                0x0001c8c0                MAG3110::MAG3110(MicroBitI2C&, MicroBitPin, CoordinateSpace&, unsigned short, unsigned short)
 .text._ZN19LSM303Accelerometer9configureEv
                0x0001c914       0xa0 ym/microbit-dal/source/microbit-dal.a(LSM303Accelerometer.cpp.o)
                0x0001c914                LSM303Accelerometer::configure()
 .text._ZN19LSM303AccelerometerD2Ev
                0x0001c9b4       0x18 ym/microbit-dal/source/microbit-dal.a(LSM303Accelerometer.cpp.o)
                0x0001c9b4                LSM303Accelerometer::~LSM303Accelerometer()
                0x0001c9b4                LSM303Accelerometer::~LSM303Accelerometer()
 .text._ZN19LSM303Accelerometer13requestUpdateEv
                0x0001c9cc       0x94 ym/microbit-dal/source/microbit-dal.a(LSM303Accelerometer.cpp.o)
                0x0001c9cc                LSM303Accelerometer::requestUpdate()
 .text._ZN19LSM303AccelerometerC2ER11MicroBitI2C11MicroBitPinR15CoordinateSpacett
                0x0001ca60       0x5c ym/microbit-dal/source/microbit-dal.a(LSM303Accelerometer.cpp.o)
                0x0001ca60                LSM303Accelerometer::LSM303Accelerometer(MicroBitI2C&, MicroBitPin, CoordinateSpace&, unsigned short, unsigned short)
                0x0001ca60                LSM303Accelerometer::LSM303Accelerometer(MicroBitI2C&, MicroBitPin, CoordinateSpace&, unsigned short, unsigned short)
 .text._ZN18LSM303Magnetometer9configureEv
                0x0001cabc       0x60 ym/microbit-dal/source/microbit-dal.a(LSM303Magnetometer.cpp.o)
                0x0001cabc                LSM303Magnetometer::configure()
 .text._ZN18LSM303MagnetometerD2Ev
                0x0001cb1c       0x18 ym/microbit-dal/source/microbit-dal.a(LSM303Magnetometer.cpp.o)
                0x0001cb1c                LSM303Magnetometer::~LSM303Magnetometer()
                0x0001cb1c                LSM303Magnetometer::~LSM303Magnetometer()
 .text._ZN18LSM303Magnetometer13requestUpdateEv
                0x0001cb34       0x70 ym/microbit-dal/source/microbit-dal.a(LSM303Magnetometer.cpp.o)
                0x0001cb34                LSM303Magnetometer::requestUpdate()
 .text._ZN18LSM303MagnetometerC2ER11MicroBitI2C11MicroBitPinR15CoordinateSpacett
                0x0001cba4       0x54 ym/microbit-dal/source/microbit-dal.a(LSM303Magnetometer.cpp.o)
                0x0001cba4                LSM303Magnetometer::LSM303Magnetometer(MicroBitI2C&, MicroBitPin, CoordinateSpace&, unsigned short, unsigned short)
                0x0001cba4                LSM303Magnetometer::LSM303Magnetometer(MicroBitI2C&, MicroBitPin, CoordinateSpace&, unsigned short, unsigned short)
 .text._ZN18MicroBitBLEManagerD2Ev
                0x0001cbf8       0x20 ym/microbit-dal/source/microbit-dal.a(MicroBitBLEManager.cpp.o)
                0x0001cbf8                MicroBitBLEManager::~MicroBitBLEManager()
                0x0001cbf8                MicroBitBLEManager::~MicroBitBLEManager()
 .text._ZL25bleSysAttrMissingCallbackPK32GattSysAttrMissingCallbackParams
                0x0001cc18       0xc8 ym/microbit-dal/source/microbit-dal.a(MicroBitBLEManager.cpp.o)
 .text._ZN18MicroBitBLEManager8idleTickEv
                0x0001cce0      0x110 ym/microbit-dal/source/microbit-dal.a(MicroBitBLEManager.cpp.o)
                0x0001cce0                MicroBitBLEManager::idleTick()
 .text._ZN3Gap22setAdvertisingIntervalEt
                0x0001cdf0       0x38 ym/microbit-dal/source/microbit-dal.a(MicroBitBLEManager.cpp.o)
                0x0001cdf0                Gap::setAdvertisingInterval(unsigned short)
 .text._ZN18GattCharacteristicC2ERK4UUIDPhtthPP13GattAttributejb
                0x0001ce28       0x8c ym/microbit-dal/source/microbit-dal.a(MicroBitBLEManager.cpp.o)
                0x0001ce28                GattCharacteristic::GattCharacteristic(UUID const&, unsigned char*, unsigned short, unsigned short, unsigned char, GattAttribute**, unsigned int, bool)
                0x0001ce28                GattCharacteristic::GattCharacteristic(UUID const&, unsigned char*, unsigned short, unsigned short, unsigned char, GattAttribute**, unsigned int, bool)
 .text._ZN24DeviceInformationServiceC2ER3BLEPKcS3_S3_S3_S3_S3_
                0x0001ceb4      0x1dc ym/microbit-dal/source/microbit-dal.a(MicroBitBLEManager.cpp.o)
                0x0001ceb4                DeviceInformationService::DeviceInformationService(BLE&, char const*, char const*, char const*, char const*, char const*, char const*)
                0x0001ceb4                DeviceInformationService::DeviceInformationService(BLE&, char const*, char const*, char const*, char const*, char const*, char const*)
 .text._ZN18MicroBitBLEManagerC2ER15MicroBitStorage
                0x0001d090       0x3c ym/microbit-dal/source/microbit-dal.a(MicroBitBLEManager.cpp.o)
                0x0001d090                MicroBitBLEManager::MicroBitBLEManager(MicroBitStorage&)
                0x0001d090                MicroBitBLEManager::MicroBitBLEManager(MicroBitStorage&)
 .text._ZL24bleDisconnectionCallbackPKN3Gap29DisconnectionCallbackParams_tE
                0x0001d0cc       0x3c ym/microbit-dal/source/microbit-dal.a(MicroBitBLEManager.cpp.o)
 .text._ZN18MicroBitBLEManager16setTransmitPowerEi
                0x0001d108       0x3c ym/microbit-dal/source/microbit-dal.a(MicroBitBLEManager.cpp.o)
                0x0001d108                MicroBitBLEManager::setTransmitPower(int)
 .text._ZN18MicroBitBLEManager4initE13ManagedStringS0_R10EventModelb
                0x0001d144      0x2d4 ym/microbit-dal/source/microbit-dal.a(MicroBitBLEManager.cpp.o)
                0x0001d144                MicroBitBLEManager::init(ManagedString, ManagedString, EventModel&, bool)
 .text._ZL22passkeyDisplayCallbacktPKh
                0x0001d418       0x34 ym/microbit-dal/source/microbit-dal.a(MicroBitBLEManager.cpp.o)
 .text._ZL30securitySetupCompletedCallbacktN15SecurityManager26SecurityCompletionStatus_tE
                0x0001d44c       0x40 ym/microbit-dal/source/microbit-dal.a(MicroBitBLEManager.cpp.o)
 .text._ZN18MicroBitBLEManager27showManagementModeAnimationER15MicroBitDisplay
                0x0001d48c       0xa8 ym/microbit-dal/source/microbit-dal.a(MicroBitBLEManager.cpp.o)
                0x0001d48c                MicroBitBLEManager::showManagementModeAnimation(MicroBitDisplay&)
 .text._ZN18MicroBitBLEManager11pairingModeER15MicroBitDisplayR14MicroBitButton
                0x0001d534      0x268 ym/microbit-dal/source/microbit-dal.a(MicroBitBLEManager.cpp.o)
                0x0001d534                MicroBitBLEManager::pairingMode(MicroBitDisplay&, MicroBitButton&)
 .text._ZN18MicroBitDFUServiceC2ER3BLE
                0x0001d79c      0x16c ym/microbit-dal/source/microbit-dal.a(MicroBitDFUService.cpp.o)
                0x0001d79c                MicroBitDFUService::MicroBitDFUService(BLE&)
                0x0001d79c                MicroBitDFUService::MicroBitDFUService(BLE&)
 .text._ZN20MicroBitEventServiceC2ER3BLER10EventModel
                0x0001d908      0x200 ym/microbit-dal/source/microbit-dal.a(MicroBitEventService.cpp.o)
                0x0001d908                MicroBitEventService::MicroBitEventService(BLE&, EventModel&)
                0x0001d908                MicroBitEventService::MicroBitEventService(BLE&, EventModel&)
 .text._ZN16MicroBitListenerC2I20MicroBitEventServiceEEttPT_MS2_Fv13MicroBitEventEt
                0x0001db08       0x68 ym/microbit-dal/source/microbit-dal.a(MicroBitEventService.cpp.o)
                0x0001db08                MicroBitListener::MicroBitListener<MicroBitEventService>(unsigned short, unsigned short, MicroBitEventService*, void (MicroBitEventService::*)(MicroBitEvent), unsigned short)
                0x0001db08                MicroBitListener::MicroBitListener<MicroBitEventService>(unsigned short, unsigned short, MicroBitEventService*, void (MicroBitEventService::*)(MicroBitEvent), unsigned short)
 .text._ZN20MicroBitEventService13onDataWrittenEPK23GattWriteCallbackParams
                0x0001db70       0x90 ym/microbit-dal/source/microbit-dal.a(MicroBitEventService.cpp.o)
                0x0001db70                MicroBitEventService::onDataWritten(GattWriteCallbackParams const*)
 .text._ZN20MicroBitEventService8idleTickEv
                0x0001dc00       0x54 ym/microbit-dal/source/microbit-dal.a(MicroBitEventService.cpp.o)
                0x0001dc00                MicroBitEventService::idleTick()
 .text._Z15on_confirmationt
                0x0001dc54       0x34 ym/microbit-dal/source/microbit-dal.a(MicroBitUARTService.cpp.o)
                0x0001dc54                on_confirmation(unsigned short)
 .text._ZN19MicroBitUARTServiceC2ER3BLEhh
                0x0001dc88      0x180 ym/microbit-dal/source/microbit-dal.a(MicroBitUARTService.cpp.o)
                0x0001dc88                MicroBitUARTService::MicroBitUARTService(BLE&, unsigned char, unsigned char)
                0x0001dc88                MicroBitUARTService::MicroBitUARTService(BLE&, unsigned char, unsigned char)
 .text._ZN19MicroBitUARTService7eventOnE13ManagedString18MicroBitSerialMode
                0x0001de08       0x2c ym/microbit-dal/source/microbit-dal.a(MicroBitUARTService.cpp.o)
                0x0001de08                MicroBitUARTService::eventOn(ManagedString, MicroBitSerialMode)
 .text._ZN19MicroBitUARTService9readUntilE13ManagedString18MicroBitSerialMode
                0x0001de34      0x124 ym/microbit-dal/source/microbit-dal.a(MicroBitUARTService.cpp.o)
                0x0001de34                MicroBitUARTService::readUntil(ManagedString, MicroBitSerialMode)
 .text._ZN19MicroBitUARTService14txBufferedSizeEv
                0x0001df58       0x20 ym/microbit-dal/source/microbit-dal.a(MicroBitUARTService.cpp.o)
                0x0001df58                MicroBitUARTService::txBufferedSize()
 .text._ZN19MicroBitUARTService4sendEPKhi18MicroBitSerialMode
                0x0001df78      0x17c ym/microbit-dal/source/microbit-dal.a(MicroBitUARTService.cpp.o)
                0x0001df78                MicroBitUARTService::send(unsigned char const*, int, MicroBitSerialMode)
 .text          0x0001e0f4      0x124 ym/microbit-dal/source/microbit-dal.a(CortexContextSwitch.s.obj)
                0x0001e0f4                swap_context
                0x0001e176                save_context
                0x0001e1ba                save_register_context
                0x0001e1ea                restore_register_context
 .text._Z14string_reversePc
                0x0001e218       0x2c ym/microbit-dal/source/microbit-dal.a(MicroBitCompat.cpp.o)
                0x0001e218                string_reverse(char*)
 .text._Z4itoaiPc
                0x0001e244       0x68 ym/microbit-dal/source/microbit-dal.a(MicroBitCompat.cpp.o)
                0x0001e244                itoa(int, char*)
 .text._ZNK13KeyValueTable4findEm
                0x0001e2ac       0x28 ym/microbit-dal/source/microbit-dal.a(MicroBitUtil.cpp.o)
                0x0001e2ac                KeyValueTable::find(unsigned long) const
 .text._ZN3BLE8InstanceEj
                0x0001e2d4       0x60 ym/ble/source/ble.a(BLE.cpp.o)
                0x0001e2d4                BLE::Instance(unsigned int)
 .text._ZN3BLEC2Ej
                0x0001e334       0x2c ym/ble/source/ble.a(BLE.cpp.o)
                0x0001e334                BLE::BLE(unsigned int)
                0x0001e334                BLE::BLE(unsigned int)
 .text._ZNK3BLE3gapEv
                0x0001e360       0x20 ym/ble/source/ble.a(BLE.cpp.o)
                0x0001e360                BLE::gap() const
 .text._ZNK3BLE10gattServerEv
                0x0001e380       0x20 ym/ble/source/ble.a(BLE.cpp.o)
                0x0001e380                BLE::gattServer() const
 .text._ZNK3BLE15securityManagerEv
                0x0001e3a0       0x20 ym/ble/source/ble.a(BLE.cpp.o)
                0x0001e3a0                BLE::securityManager() const
 .text._ZL16sys_evt_dispatchm
                0x0001e3c0       0x1c ym/ble-nrf51822/source/ble-nrf51822.a(btle.cpp.o)
 .text._ZL12btle_handlerP9ble_evt_t
                0x0001e3dc      0x18c ym/ble-nrf51822/source/ble-nrf51822.a(btle.cpp.o)
 .text.btle_set_gatt_table_size
                0x0001e568       0x14 ym/ble-nrf51822/source/ble-nrf51822.a(btle.cpp.o)
                0x0001e568                btle_set_gatt_table_size
 .text.btle_set_user_evt_handler
                0x0001e57c        0xc ym/ble-nrf51822/source/ble-nrf51822.a(btle.cpp.o)
                0x0001e57c                btle_set_user_evt_handler
 .text.btle_init
                0x0001e588       0xa4 ym/ble-nrf51822/source/ble-nrf51822.a(btle.cpp.o)
                0x0001e588                btle_init
 .text.app_error_handler
                0x0001e62c       0x20 ym/ble-nrf51822/source/ble-nrf51822.a(btle.cpp.o)
                0x0001e62c                app_error_handler
 .text._ZN15nRF5xGattServer4readEtPhPt
                0x0001e64c       0x18 ym/ble-nrf51822/source/ble-nrf51822.a(nRF5xGattServer.cpp.o)
                0x0001e64c                nRF5xGattServer::read(unsigned short, unsigned char*, unsigned short*)
 .text._ZN15nRF5xGattServer5writeEtPKhtb
                0x0001e664       0x1c ym/ble-nrf51822/source/ble-nrf51822.a(nRF5xGattServer.cpp.o)
                0x0001e664                nRF5xGattServer::write(unsigned short, unsigned char const*, unsigned short, bool)
 .text._ZN15nRF5xGattServer5writeEttPKhtb
                0x0001e680       0xf0 ym/ble-nrf51822/source/ble-nrf51822.a(nRF5xGattServer.cpp.o)
                0x0001e680                nRF5xGattServer::write(unsigned short, unsigned short, unsigned char const*, unsigned short, bool)
 .text._ZN15nRF5xGattServer10addServiceER11GattService
                0x0001e770      0x1dc ym/ble-nrf51822/source/ble-nrf51822.a(nRF5xGattServer.cpp.o)
                0x0001e770                nRF5xGattServer::addService(GattService&)
 .text._ZN26FunctionPointerWithContextItEC2EPFvtE
                0x0001e94c       0x20 ym/ble-nrf51822/source/ble-nrf51822.a(nRF5xGattServer.cpp.o)
                0x0001e94c                FunctionPointerWithContext<unsigned short>::FunctionPointerWithContext(void (*)(unsigned short))
                0x0001e94c                FunctionPointerWithContext<unsigned short>::FunctionPointerWithContext(void (*)(unsigned short))
 .text._ZN15nRF5xGattServer5resetEv
                0x0001e96c       0x50 ym/ble-nrf51822/source/ble-nrf51822.a(nRF5xGattServer.cpp.o)
                0x0001e96c                nRF5xGattServer::reset()
 .text._ZNK3Gap25getMaxAdvertisingIntervalEv
                0x0001e9bc        0x8 ym/ble-nrf51822/source/ble-nrf51822.a(nRF5xn.cpp.o)
                0x0001e9bc                Gap::getMaxAdvertisingInterval() const
 .text._ZN10GattClient16discoverServicesEt26FunctionPointerWithContextIPK17DiscoveredServiceERK4UUID
                0x0001e9c4       0x60 ym/ble-nrf51822/source/ble-nrf51822.a(nRF5xn.cpp.o)
                0x0001e9c4                GattClient::discoverServices(unsigned short, FunctionPointerWithContext<DiscoveredService const*>, UUID const&)
 .text._ZN6nRF5xn18getSecurityManagerEv
                0x0001ea24       0x34 ym/ble-nrf51822/source/ble-nrf51822.a(nRF5xn.cpp.o)
                0x0001ea24                nRF5xn::getSecurityManager()
 .text._ZN6nRF5xn13getGattClientEv
                0x0001ea58       0x48 ym/ble-nrf51822/source/ble-nrf51822.a(nRF5xn.cpp.o)
                0x0001ea58                nRF5xn::getGattClient()
 .text._ZN6nRF5xn10getVersionEv
                0x0001eaa0       0x74 ym/ble-nrf51822/source/ble-nrf51822.a(nRF5xn.cpp.o)
                0x0001eaa0                nRF5xn::getVersion()
 .text._ZN38CallChainOfFunctionPointersWithContextIPK23GattWriteCallbackParamsED2Ev
                0x0001eb14       0x14 ym/ble-nrf51822/source/ble-nrf51822.a(nRF5xn.cpp.o)
                0x0001eb14                CallChainOfFunctionPointersWithContext<GattWriteCallbackParams const*>::~CallChainOfFunctionPointersWithContext()
                0x0001eb14                CallChainOfFunctionPointersWithContext<GattWriteCallbackParams const*>::~CallChainOfFunctionPointersWithContext()
 .text._ZN38CallChainOfFunctionPointersWithContextIPK22GattReadCallbackParamsED2Ev
                0x0001eb28       0x14 ym/ble-nrf51822/source/ble-nrf51822.a(nRF5xn.cpp.o)
                0x0001eb28                CallChainOfFunctionPointersWithContext<GattReadCallbackParams const*>::~CallChainOfFunctionPointersWithContext()
                0x0001eb28                CallChainOfFunctionPointersWithContext<GattReadCallbackParams const*>::~CallChainOfFunctionPointersWithContext()
 .text._ZN38CallChainOfFunctionPointersWithContextIjED2Ev
                0x0001eb3c       0x20 ym/ble-nrf51822/source/ble-nrf51822.a(nRF5xn.cpp.o)
                0x0001eb3c                CallChainOfFunctionPointersWithContext<unsigned int>::~CallChainOfFunctionPointersWithContext()
                0x0001eb3c                CallChainOfFunctionPointersWithContext<unsigned int>::~CallChainOfFunctionPointersWithContext()
 .text._ZN38CallChainOfFunctionPointersWithContextIPK32GattSysAttrMissingCallbackParamsED2Ev
                0x0001eb5c       0x20 ym/ble-nrf51822/source/ble-nrf51822.a(nRF5xn.cpp.o)
                0x0001eb5c                CallChainOfFunctionPointersWithContext<GattSysAttrMissingCallbackParams const*>::~CallChainOfFunctionPointersWithContext()
                0x0001eb5c                CallChainOfFunctionPointersWithContext<GattSysAttrMissingCallbackParams const*>::~CallChainOfFunctionPointersWithContext()
 .text._ZN38CallChainOfFunctionPointersWithContextIPK10GattServerED2Ev
                0x0001eb7c       0x20 ym/ble-nrf51822/source/ble-nrf51822.a(nRF5xn.cpp.o)
                0x0001eb7c                CallChainOfFunctionPointersWithContext<GattServer const*>::~CallChainOfFunctionPointersWithContext()
                0x0001eb7c                CallChainOfFunctionPointersWithContext<GattServer const*>::~CallChainOfFunctionPointersWithContext()
 .text._ZN38CallChainOfFunctionPointersWithContextIPK21GattHVXCallbackParamsED2Ev
                0x0001eb9c       0x20 ym/ble-nrf51822/source/ble-nrf51822.a(nRF5xn.cpp.o)
                0x0001eb9c                CallChainOfFunctionPointersWithContext<GattHVXCallbackParams const*>::~CallChainOfFunctionPointersWithContext()
                0x0001eb9c                CallChainOfFunctionPointersWithContext<GattHVXCallbackParams const*>::~CallChainOfFunctionPointersWithContext()
 .text._ZN38CallChainOfFunctionPointersWithContextIN3Gap15TimeoutSource_tEED2Ev
                0x0001ebbc       0x20 ym/ble-nrf51822/source/ble-nrf51822.a(nRF5xn.cpp.o)
                0x0001ebbc                CallChainOfFunctionPointersWithContext<Gap::TimeoutSource_t>::~CallChainOfFunctionPointersWithContext()
                0x0001ebbc                CallChainOfFunctionPointersWithContext<Gap::TimeoutSource_t>::~CallChainOfFunctionPointersWithContext()
 .text._ZN38CallChainOfFunctionPointersWithContextIPKN3Gap26ConnectionCallbackParams_tEED2Ev
                0x0001ebdc       0x20 ym/ble-nrf51822/source/ble-nrf51822.a(nRF5xn.cpp.o)
                0x0001ebdc                CallChainOfFunctionPointersWithContext<Gap::ConnectionCallbackParams_t const*>::~CallChainOfFunctionPointersWithContext()
                0x0001ebdc                CallChainOfFunctionPointersWithContext<Gap::ConnectionCallbackParams_t const*>::~CallChainOfFunctionPointersWithContext()
 .text._ZN38CallChainOfFunctionPointersWithContextIPKN3Gap29DisconnectionCallbackParams_tEED2Ev
                0x0001ebfc       0x20 ym/ble-nrf51822/source/ble-nrf51822.a(nRF5xn.cpp.o)
                0x0001ebfc                CallChainOfFunctionPointersWithContext<Gap::DisconnectionCallbackParams_t const*>::~CallChainOfFunctionPointersWithContext()
                0x0001ebfc                CallChainOfFunctionPointersWithContext<Gap::DisconnectionCallbackParams_t const*>::~CallChainOfFunctionPointersWithContext()
 .text._ZN38CallChainOfFunctionPointersWithContextIPK3GapED2Ev
                0x0001ec1c       0x20 ym/ble-nrf51822/source/ble-nrf51822.a(nRF5xn.cpp.o)
                0x0001ec1c                CallChainOfFunctionPointersWithContext<Gap const*>::~CallChainOfFunctionPointersWithContext()
                0x0001ec1c                CallChainOfFunctionPointersWithContext<Gap const*>::~CallChainOfFunctionPointersWithContext()
 .text._ZN38CallChainOfFunctionPointersWithContextIPK15SecurityManagerED2Ev
                0x0001ec3c       0x20 ym/ble-nrf51822/source/ble-nrf51822.a(nRF5xn.cpp.o)
                0x0001ec3c                CallChainOfFunctionPointersWithContext<SecurityManager const*>::~CallChainOfFunctionPointersWithContext()
                0x0001ec3c                CallChainOfFunctionPointersWithContext<SecurityManager const*>::~CallChainOfFunctionPointersWithContext()
 .text._ZN38CallChainOfFunctionPointersWithContextIPK10GattClientED2Ev
                0x0001ec5c       0x20 ym/ble-nrf51822/source/ble-nrf51822.a(nRF5xn.cpp.o)
                0x0001ec5c                CallChainOfFunctionPointersWithContext<GattClient const*>::~CallChainOfFunctionPointersWithContext()
                0x0001ec5c                CallChainOfFunctionPointersWithContext<GattClient const*>::~CallChainOfFunctionPointersWithContext()
 .text._ZNK6nRF5xn18getSecurityManagerEv
                0x0001ec7c       0x34 ym/ble-nrf51822/source/ble-nrf51822.a(nRF5xn.cpp.o)
                0x0001ec7c                nRF5xn::getSecurityManager() const
 .text._ZN6nRF5xnD2Ev
                0x0001ecb0       0x60 ym/ble-nrf51822/source/ble-nrf51822.a(nRF5xn.cpp.o)
                0x0001ecb0                nRF5xn::~nRF5xn()
                0x0001ecb0                nRF5xn::~nRF5xn()
 .text._ZN3Gap5resetEv
                0x0001ed10       0xe4 ym/ble-nrf51822/source/ble-nrf51822.a(nRF5xn.cpp.o)
                0x0001ed10                Gap::reset()
 .text._ZN6nRF5xnC2Ev
                0x0001edf4      0x13c ym/ble-nrf51822/source/ble-nrf51822.a(nRF5xn.cpp.o)
                0x0001edf4                nRF5xn::nRF5xn()
                0x0001edf4                nRF5xn::nRF5xn()
 .text._ZN6nRF5xn8InstanceEj
                0x0001ef30       0x24 ym/ble-nrf51822/source/ble-nrf51822.a(nRF5xn.cpp.o)
                0x0001ef30                nRF5xn::Instance(unsigned int)
 .text._ZN15nRF5xGattServerC2Ev
                0x0001ef54       0xc0 ym/ble-nrf51822/source/ble-nrf51822.a(nRF5xn.cpp.o)
                0x0001ef54                nRF5xGattServer::nRF5xGattServer()
                0x0001ef54                nRF5xGattServer::nRF5xGattServer()
 .text.custom_convert_to_nordic_uuid
                0x0001f014       0xa4 ym/ble-nrf51822/source/ble-nrf51822.a(custom_helper.cpp.o)
                0x0001f014                custom_convert_to_nordic_uuid
 .text.custom_add_in_descriptor
                0x0001f0b8       0x60 ym/ble-nrf51822/source/ble-nrf51822.a(custom_helper.cpp.o)
                0x0001f0b8                custom_add_in_descriptor
 .text._Z13btle_gap_initv
                0x0001f118       0x4c ym/ble-nrf51822/source/ble-nrf51822.a(btle_gap.cpp.o)
                0x0001f118                btle_gap_init()
 .text._Z27btle_hasInitializedSecurityv
                0x0001f164        0xc ym/ble-nrf51822/source/ble-nrf51822.a(btle_security.cpp.o)
                0x0001f164                btle_hasInitializedSecurity()
 .text._Z23btle_initializeSecuritybbN15SecurityManager24SecurityIOCapabilities_tEPKh
                0x0001f170       0xc4 ym/ble-nrf51822/source/ble-nrf51822.a(btle_security.cpp.o)
                0x0001f170                btle_initializeSecurity(bool, bool, SecurityManager::SecurityIOCapabilities_t, unsigned char const*)
 .text._Z25btle_purgeAllBondingStatev
                0x0001f234       0x20 ym/ble-nrf51822/source/ble-nrf51822.a(btle_security.cpp.o)
                0x0001f234                btle_purgeAllBondingState()
 .text._Z20btle_getLinkSecuritytPN15SecurityManager20LinkSecurityStatus_tE
                0x0001f254       0x54 ym/ble-nrf51822/source/ble-nrf51822.a(btle_security.cpp.o)
                0x0001f254                btle_getLinkSecurity(unsigned short, SecurityManager::LinkSecurityStatus_t*)
 .text._Z20btle_setLinkSecuritytN15SecurityManager14SecurityMode_tE
                0x0001f2a8       0x4c ym/ble-nrf51822/source/ble-nrf51822.a(btle_security.cpp.o)
                0x0001f2a8                btle_setLinkSecurity(unsigned short, SecurityManager::SecurityMode_t)
 .text._Z33btle_createWhitelistFromBondTableP19ble_gap_whitelist_t
                0x0001f2f4       0x2c ym/ble-nrf51822/source/ble-nrf51822.a(btle_security.cpp.o)
                0x0001f2f4                btle_createWhitelistFromBondTable(ble_gap_whitelist_t*)
 .text._ZN8nRF5xGap25getPermittedTxPowerValuesEPPKaPj
                0x0001f320       0x10 ym/ble-nrf51822/source/ble-nrf51822.a(nRF5xGap.cpp.o)
                0x0001f320                nRF5xGap::getPermittedTxPowerValues(signed char const**, unsigned int*)
 .text._Z31radioNotificationStaticCallbackb
                0x0001f330       0x3c ym/ble-nrf51822/source/ble-nrf51822.a(nRF5xGap.cpp.o)
                0x0001f330                radioNotificationStaticCallback(bool)
 .text._ZN8nRF5xGap21initRadioNotificationEv
                0x0001f36c       0x20 ym/ble-nrf51822/source/ble-nrf51822.a(nRF5xGap.cpp.o)
                0x0001f36c                nRF5xGap::initRadioNotification()
 .text._ZN8nRF5xGap22generateStackWhitelistER19ble_gap_whitelist_t
                0x0001f38c       0xdc ym/ble-nrf51822/source/ble-nrf51822.a(nRF5xGap.cpp.o)
                0x0001f38c                nRF5xGap::generateStackWhitelist(ble_gap_whitelist_t&)
 .text._ZN8nRF5xGap16startAdvertisingERK20GapAdvertisingParams
                0x0001f468       0xa8 ym/ble-nrf51822/source/ble-nrf51822.a(nRF5xGap.cpp.o)
                0x0001f468                nRF5xGap::startAdvertising(GapAdvertisingParams const&)
 .text._ZN8nRF5xGap7connectEPKhN11BLEProtocol11AddressType4TypeEPKN3Gap18ConnectionParams_tEPK17GapScanningParams
                0x0001f510      0x100 ym/ble-nrf51822/source/ble-nrf51822.a(nRF5xGap.cpp.o)
                0x0001f510                nRF5xGap::connect(unsigned char const*, BLEProtocol::AddressType::Type, Gap::ConnectionParams_t const*, GapScanningParams const*)
 .text._ZN17GapScanningParamsC2Etttb
                0x0001f610       0x60 ym/ble/source/ble.a(GapScanningParams.cpp.o)
                0x0001f610                GapScanningParams::GapScanningParams(unsigned short, unsigned short, unsigned short, bool)
                0x0001f610                GapScanningParams::GapScanningParams(unsigned short, unsigned short, unsigned short, bool)
 .text.intern_softdevice_events_execute
                0x0001f670       0xa0 ym/nrf51-sdk/source/nrf51-sdk.a(softdevice_handler.c.o)
                0x0001f670                intern_softdevice_events_execute
 .text.softdevice_handler_init
                0x0001f710       0x48 ym/nrf51-sdk/source/nrf51-sdk.a(softdevice_handler.c.o)
                0x0001f710                softdevice_handler_init
 .text.softdevice_handler_sd_disable
                0x0001f758       0x18 ym/nrf51-sdk/source/nrf51-sdk.a(softdevice_handler.c.o)
                0x0001f758                softdevice_handler_sd_disable
 .text.softdevice_ble_evt_handler_set
                0x0001f770       0x14 ym/nrf51-sdk/source/nrf51-sdk.a(softdevice_handler.c.o)
                0x0001f770                softdevice_ble_evt_handler_set
 .text.softdevice_sys_evt_handler_set
                0x0001f784       0x14 ym/nrf51-sdk/source/nrf51-sdk.a(softdevice_handler.c.o)
                0x0001f784                softdevice_sys_evt_handler_set
 .text.SWI2_IRQHandler
                0x0001f798       0x24 ym/nrf51-sdk/source/nrf51-sdk.a(softdevice_handler.c.o)
                0x0001f798                SWI2_IRQHandler
 .text.SWI1_IRQHandler
                0x0001f7bc       0x20 ym/nrf51-sdk/source/nrf51-sdk.a(ble_radio_notification.c.o)
                0x0001f7bc                SWI1_IRQHandler
 .text.ble_radio_notification_init
                0x0001f7dc       0x38 ym/nrf51-sdk/source/nrf51-sdk.a(ble_radio_notification.c.o)
                0x0001f7dc                ble_radio_notification_init
 .text.pstorage_flash_page_end
                0x0001f814       0x20 ym/nrf51-sdk/source/nrf51-sdk.a(pstorage.c.o)
 .text.swap_sub_state_entry_action_run
                0x0001f834       0x18 ym/nrf51-sdk/source/nrf51-sdk.a(pstorage.c.o)
 .text.app_notify
                0x0001f84c       0x2c ym/nrf51-sdk/source/nrf51-sdk.a(pstorage.c.o)
 .text.is_page_erase_required
                0x0001f878       0x50 ym/nrf51-sdk/source/nrf51-sdk.a(pstorage.c.o)
 .text.swap_sub_state_err_busy_process
                0x0001f8c8       0x18 ym/nrf51-sdk/source/nrf51-sdk.a(pstorage.c.o)
 .text.data_to_swap_write_state_run
                0x0001f8e0       0x30 ym/nrf51-sdk/source/nrf51-sdk.a(pstorage.c.o)
 .text.swap_erase_state_run
                0x0001f910       0x24 ym/nrf51-sdk/source/nrf51-sdk.a(pstorage.c.o)
 .text.flash_api_err_code_process
                0x0001f934       0x40 ym/nrf51-sdk/source/nrf51-sdk.a(pstorage.c.o)
 .text.store_cmd_flash_write_execute
                0x0001f974       0x54 ym/nrf51-sdk/source/nrf51-sdk.a(pstorage.c.o)
 .text.state_restore_head_entry_run
                0x0001f9c8       0x34 ym/nrf51-sdk/source/nrf51-sdk.a(pstorage.c.o)
 .text.state_restore_tail_entry_run
                0x0001f9fc       0x48 ym/nrf51-sdk/source/nrf51-sdk.a(pstorage.c.o)
 .text.state_write_data_swap_entry_run
                0x0001fa44       0x2c ym/nrf51-sdk/source/nrf51-sdk.a(pstorage.c.o)
 .text.state_data_erase_entry_run
                0x0001fa70       0x14 ym/nrf51-sdk/source/nrf51-sdk.a(pstorage.c.o)
 .text.state_entry_action_run
                0x0001fa84       0xc4 ym/nrf51-sdk/source/nrf51-sdk.a(pstorage.c.o)
 .text.clear_operation_execute
                0x0001fb48      0x114 ym/nrf51-sdk/source/nrf51-sdk.a(pstorage.c.o)
 .text.cmd_process
                0x0001fc5c       0x3c ym/nrf51-sdk/source/nrf51-sdk.a(pstorage.c.o)
 .text.cmd_queue_enqueue
                0x0001fc98       0x54 ym/nrf51-sdk/source/nrf51-sdk.a(pstorage.c.o)
 .text.command_end_procedure_run
                0x0001fcec       0x54 ym/nrf51-sdk/source/nrf51-sdk.a(pstorage.c.o)
 .text.clear_post_processing_run
                0x0001fd40       0x2c ym/nrf51-sdk/source/nrf51-sdk.a(pstorage.c.o)
 .text.head_restore_state_run
                0x0001fd6c       0x9c ym/nrf51-sdk/source/nrf51-sdk.a(pstorage.c.o)
 .text.tail_restore_state_run
                0x0001fe08       0x1c ym/nrf51-sdk/source/nrf51-sdk.a(pstorage.c.o)
 .text.data_page_erase_state_run
                0x0001fe24       0x78 ym/nrf51-sdk/source/nrf51-sdk.a(pstorage.c.o)
 .text.flash_operation_success_run
                0x0001fe9c       0x98 ym/nrf51-sdk/source/nrf51-sdk.a(pstorage.c.o)
 .text.pstorage_sys_event_handler
                0x0001ff34       0x68 ym/nrf51-sdk/source/nrf51-sdk.a(pstorage.c.o)
                0x0001ff34                pstorage_sys_event_handler
 .text.pstorage_init
                0x0001ff9c       0x80 ym/nrf51-sdk/source/nrf51-sdk.a(pstorage.c.o)
                0x0001ff9c                pstorage_init
 .text.pstorage_register
                0x0002001c       0xbc ym/nrf51-sdk/source/nrf51-sdk.a(pstorage.c.o)
                0x0002001c                pstorage_register
 .text.pstorage_block_identifier_get
                0x000200d8       0x4c ym/nrf51-sdk/source/nrf51-sdk.a(pstorage.c.o)
                0x000200d8                pstorage_block_identifier_get
 .text.pstorage_store
                0x00020124       0x78 ym/nrf51-sdk/source/nrf51-sdk.a(pstorage.c.o)
                0x00020124                pstorage_store
 .text.pstorage_update
                0x0002019c       0x78 ym/nrf51-sdk/source/nrf51-sdk.a(pstorage.c.o)
                0x0002019c                pstorage_update
 .text.pstorage_load
                0x00020214       0x94 ym/nrf51-sdk/source/nrf51-sdk.a(pstorage.c.o)
                0x00020214                pstorage_load
 .text.pstorage_clear
                0x000202a8       0x84 ym/nrf51-sdk/source/nrf51-sdk.a(pstorage.c.o)
                0x000202a8                pstorage_clear
 .text.dfu_app_on_dfu_evt
                0x0002032c      0x16c ym/nrf51-sdk/source/nrf51-sdk.a(dfu_app_handler.c.o)
                0x0002032c                dfu_app_on_dfu_evt
 .text.ble_dfu_response_send
                0x00020498       0x68 ym/nrf51-sdk/source/nrf51-sdk.a(ble_dfu.c.o)
                0x00020498                ble_dfu_response_send
 .text.gatts_context_store
                0x00020500       0xc0 ym/nrf51-sdk/source/nrf51-sdk.a(device_manager_peripheral.c.o)
 .text.device_context_store
                0x000205c0       0xb0 ym/nrf51-sdk/source/nrf51-sdk.a(device_manager_peripheral.c.o)
 .text.gatts_context_apply
                0x00020670       0xc0 ym/nrf51-sdk/source/nrf51-sdk.a(device_manager_peripheral.c.o)
 .text.gatts_context_load
                0x00020730       0x34 ym/nrf51-sdk/source/nrf51-sdk.a(device_manager_peripheral.c.o)
 .text.peer_instance_init
                0x00020764       0x48 ym/nrf51-sdk/source/nrf51-sdk.a(device_manager_peripheral.c.o)
 .text.device_instance_free
                0x000207ac       0x2c ym/nrf51-sdk/source/nrf51-sdk.a(device_manager_peripheral.c.o)
 .text.dm_pstorage_cb_handler
                0x000207d8      0x124 ym/nrf51-sdk/source/nrf51-sdk.a(device_manager_peripheral.c.o)
 .text.dm_init  0x000208fc       0xd4 ym/nrf51-sdk/source/nrf51-sdk.a(device_manager_peripheral.c.o)
                0x000208fc                dm_init
 .text.dm_register
                0x000209d0       0x70 ym/nrf51-sdk/source/nrf51-sdk.a(device_manager_peripheral.c.o)
                0x000209d0                dm_register
 .text.dm_security_status_req
                0x00020a40       0x74 ym/nrf51-sdk/source/nrf51-sdk.a(device_manager_peripheral.c.o)
                0x00020a40                dm_security_status_req
 .text.dm_whitelist_create
                0x00020ab4       0xbc ym/nrf51-sdk/source/nrf51-sdk.a(device_manager_peripheral.c.o)
                0x00020ab4                dm_whitelist_create
 .text.dm_device_delete_all
                0x00020b70       0x54 ym/nrf51-sdk/source/nrf51-sdk.a(device_manager_peripheral.c.o)
                0x00020b70                dm_device_delete_all
 .text.dm_application_context_set
                0x00020bc4        0x8 ym/nrf51-sdk/source/nrf51-sdk.a(device_manager_peripheral.c.o)
                0x00020bc4                dm_application_context_set
 .text.dm_peer_addr_get
                0x00020bcc       0x8c ym/nrf51-sdk/source/nrf51-sdk.a(device_manager_peripheral.c.o)
                0x00020bcc                dm_peer_addr_get
 .text.dm_distributed_keys_get
                0x00020c58       0xb0 ym/nrf51-sdk/source/nrf51-sdk.a(device_manager_peripheral.c.o)
                0x00020c58                dm_distributed_keys_get
 .text.bond_data_load
                0x00020d08       0x48 ym/nrf51-sdk/source/nrf51-sdk.a(device_manager_peripheral.c.o)
                0x00020d08                bond_data_load
 .text.address_to_device_id
                0x00020d50       0x2c ym/nrf51-sdk/source/nrf51-sdk.a(device_manager_peripheral.c.o)
                0x00020d50                address_to_device_id
 .text.dm_ble_evt_handler
                0x00020d7c      0x388 ym/nrf51-sdk/source/nrf51-sdk.a(device_manager_peripheral.c.o)
                0x00020d7c                dm_ble_evt_handler
 .text.dm_handle_get
                0x00021104       0x48 ym/nrf51-sdk/source/nrf51-sdk.a(device_manager_peripheral.c.o)
                0x00021104                dm_handle_get
 .text.bootloader_util_app_start
                0x0002114c       0x3c ym/nrf51-sdk/source/nrf51-sdk.a(bootloader_util.c.o)
                0x0002114c                bootloader_util_app_start
 .text._ZN4mbed3I2CC2E7PinNameS1_
                0x00021188       0x30 ym/mbed-classic/existing/mbed-classic.a(I2C.cpp.o)
                0x00021188                mbed::I2C::I2C(PinName, PinName)
                0x00021188                mbed::I2C::I2C(PinName, PinName)
 .text._ZN4mbed3I2C6aquireEv
                0x000211b8       0x1c ym/mbed-classic/existing/mbed-classic.a(I2C.cpp.o)
                0x000211b8                mbed::I2C::aquire()
 .text._ZN4mbed11InterruptInD2Ev
                0x000211d4       0x18 ym/mbed-classic/existing/mbed-classic.a(InterruptIn.cpp.o)
                0x000211d4                mbed::InterruptIn::~InterruptIn()
                0x000211d4                mbed::InterruptIn::~InterruptIn()
 .text._ZN4mbed11InterruptInC2E7PinName
                0x000211ec       0x48 ym/mbed-classic/existing/mbed-classic.a(InterruptIn.cpp.o)
                0x000211ec                mbed::InterruptIn::InterruptIn(PinName)
                0x000211ec                mbed::InterruptIn::InterruptIn(PinName)
 .text._ZN4mbed9RawSerialC2E7PinNameS1_
                0x00021234       0x14 ym/mbed-classic/existing/mbed-classic.a(RawSerial.cpp.o)
                0x00021234                mbed::RawSerial::RawSerial(PinName, PinName)
                0x00021234                mbed::RawSerial::RawSerial(PinName, PinName)
 .text._ZN4mbed10SerialBaseC2E7PinNameS1_
                0x00021248       0x3c ym/mbed-classic/existing/mbed-classic.a(SerialBase.cpp.o)
                0x00021248                mbed::SerialBase::SerialBase(PinName, PinName)
                0x00021248                mbed::SerialBase::SerialBase(PinName, PinName)
 .text._ZN4mbed6TickerD2Ev
                0x00021284       0x1c ym/mbed-classic/existing/mbed-classic.a(Ticker.cpp.o)
                0x00021284                mbed::Ticker::~Ticker()
                0x00021284                mbed::Ticker::~Ticker()
 .text._ZN4mbed7TimeoutD2Ev
                0x000212a0       0x1c ym/mbed-classic/existing/mbed-classic.a(Timeout.cpp.o)
                0x000212a0                mbed::Timeout::~Timeout()
                0x000212a0                mbed::Timeout::~Timeout()
 .text._ZN4mbed10TimerEventC2Ev
                0x000212bc       0x2c ym/mbed-classic/existing/mbed-classic.a(TimerEvent.cpp.o)
                0x000212bc                mbed::TimerEvent::TimerEvent()
                0x000212bc                mbed::TimerEvent::TimerEvent()
 .text._ZN4mbed10TimerEventD2Ev
                0x000212e8       0x18 ym/mbed-classic/existing/mbed-classic.a(TimerEvent.cpp.o)
                0x000212e8                mbed::TimerEvent::~TimerEvent()
                0x000212e8                mbed::TimerEvent::~TimerEvent()
 .text.get_us_ticker_data
                0x00021300        0x8 ym/mbed-classic/existing/mbed-classic.a(us_ticker_api.c.o)
                0x00021300                get_us_ticker_data
 .text.us_ticker_irq_handler
                0x00021308       0x10 ym/mbed-classic/existing/mbed-classic.a(us_ticker_api.c.o)
                0x00021308                us_ticker_irq_handler
 .text          0x00021318       0x48 ym/mbed-classic/existing/mbed-classic.a(startup_NRF51822.S.obj)
                0x00021318                Reset_Handler
                0x00021354                NMI_Handler
                0x00021356                HardFault_Handler
                0x00021358                SVC_Handler
                0x0002135a                PendSV_Handler
                0x0002135c                SysTick_Handler
                0x0002135e                POWER_CLOCK_IRQHandler
                0x0002135e                RTC0_IRQHandler
                0x0002135e                SWI4_IRQHandler
                0x0002135e                TEMP_IRQHandler
                0x0002135e                QDEC_IRQHandler
                0x0002135e                SWI5_IRQHandler
                0x0002135e                TIMER0_IRQHandler
                0x0002135e                LPCOMP_IRQHandler
                0x0002135e                SWI0_IRQHandler
                0x0002135e                ECB_IRQHandler
                0x0002135e                Default_Handler
                0x0002135e                ADC_IRQHandler
                0x0002135e                SWI3_IRQHandler
                0x0002135e                CCM_AAR_IRQHandler
                0x0002135e                WDT_IRQHandler
                0x0002135e                SPI0_TWI0_IRQHandler
                0x0002135e                RNG_IRQHandler
                0x0002135e                SPI1_TWI1_IRQHandler
                0x0002135e                RTC1_IRQHandler
 .text.gpio_init
                0x00021360       0x30 ym/mbed-classic/existing/mbed-classic.a(gpio_api.c.o)
                0x00021360                gpio_init
 .text.GPIOTE_IRQHandler
                0x00021390       0xf4 ym/mbed-classic/existing/mbed-classic.a(gpio_irq_api.c.o)
                0x00021390                GPIOTE_IRQHandler
 .text.gpio_irq_init
                0x00021484       0x60 ym/mbed-classic/existing/mbed-classic.a(gpio_irq_api.c.o)
                0x00021484                gpio_irq_init
 .text.gpio_irq_free
                0x000214e4       0x10 ym/mbed-classic/existing/mbed-classic.a(gpio_irq_api.c.o)
                0x000214e4                gpio_irq_free
 .text.gpio_irq_set
                0x000214f4       0x9c ym/mbed-classic/existing/mbed-classic.a(gpio_irq_api.c.o)
                0x000214f4                gpio_irq_set
 .text.i2c_do_write
                0x00021590       0x28 ym/mbed-classic/existing/mbed-classic.a(i2c_api.c.o)
                0x00021590                i2c_do_write
 .text.i2c_do_read
                0x000215b8       0x3c ym/mbed-classic/existing/mbed-classic.a(i2c_api.c.o)
                0x000215b8                i2c_do_read
 .text.i2c_frequency
                0x000215f4       0x48 ym/mbed-classic/existing/mbed-classic.a(i2c_api.c.o)
                0x000215f4                i2c_frequency
 .text.twi_master_init
                0x0002163c       0x48 ym/mbed-classic/existing/mbed-classic.a(i2c_api.c.o)
                0x0002163c                twi_master_init
 .text.i2c_init
                0x00021684       0xc4 ym/mbed-classic/existing/mbed-classic.a(i2c_api.c.o)
                0x00021684                i2c_init
 .text.i2c_reset
                0x00021748       0x30 ym/mbed-classic/existing/mbed-classic.a(i2c_api.c.o)
                0x00021748                i2c_reset
 .text.i2c_stop
                0x00021778       0x34 ym/mbed-classic/existing/mbed-classic.a(i2c_api.c.o)
                0x00021778                i2c_stop
 .text.checkError
                0x000217ac       0x28 ym/mbed-classic/existing/mbed-classic.a(i2c_api.c.o)
                0x000217ac                checkError
 .text.port_init
                0x000217d4       0x28 ym/mbed-classic/existing/mbed-classic.a(port_api.c.o)
                0x000217d4                port_init
 .text.pwm_disconnect
                0x000217fc       0x60 ym/mbed-classic/existing/mbed-classic.a(pwmout_api.c.o)
 .text.TIMER2_IRQHandler
                0x0002185c       0x68 ym/mbed-classic/existing/mbed-classic.a(pwmout_api.c.o)
                0x0002185c                TIMER2_IRQHandler
 .text.serial_baud.part.0
                0x000218c4       0x38 ym/mbed-classic/existing/mbed-classic.a(serial_api.c.o)
 .text.serial_init
                0x000218fc       0xb8 ym/mbed-classic/existing/mbed-classic.a(serial_api.c.o)
                0x000218fc                serial_init
 .text.serial_baud
                0x000219b4       0x20 ym/mbed-classic/existing/mbed-classic.a(serial_api.c.o)
                0x000219b4                serial_baud
 .text.UART0_IRQHandler
                0x000219d4       0x4c ym/mbed-classic/existing/mbed-classic.a(serial_api.c.o)
                0x000219d4                UART0_IRQHandler
 .text.serial_irq_handler
                0x00021a20       0x18 ym/mbed-classic/existing/mbed-classic.a(serial_api.c.o)
                0x00021a20                serial_irq_handler
 .text.twi_master_clear_bus
                0x00021a38       0xb0 ym/mbed-classic/existing/mbed-classic.a(twi_master.c.o)
 .text.twi_master_init_and_clear
                0x00021ae8       0x74 ym/mbed-classic/existing/mbed-classic.a(twi_master.c.o)
                0x00021ae8                twi_master_init_and_clear
 .text.tmr1_getCounter64
                0x00021b5c       0x50 ym/mbed-classic/existing/mbed-classic.a(us_ticker.c.o)
 .text.TIMER1_IRQHandler
                0x00021bac       0x50 ym/mbed-classic/existing/mbed-classic.a(us_ticker.c.o)
                0x00021bac                TIMER1_IRQHandler
 .text.us_ticker_init
                0x00021bfc       0x8c ym/mbed-classic/existing/mbed-classic.a(us_ticker.c.o)
                0x00021bfc                us_ticker_init
 .text.us_ticker_read
                0x00021c88       0x18 ym/mbed-classic/existing/mbed-classic.a(us_ticker.c.o)
                0x00021c88                us_ticker_read
 .text.us_ticker_set_interrupt
                0x00021ca0       0x54 ym/mbed-classic/existing/mbed-classic.a(us_ticker.c.o)
                0x00021ca0                us_ticker_set_interrupt
 .text.SystemInit
                0x00021cf4       0xac ym/mbed-classic/existing/mbed-classic.a(system_nrf51.c.o)
                0x00021cf4                SystemInit
 .text._ZSt15get_new_handlerv
                0x00021da0        0xc c:/progra~2/gnuarm~1/92020-~1/bin/../lib/gcc/arm-none-eabi/9.3.1/../../../../arm-none-eabi/lib/thumb/v6-m/nofp\libstdc++_nano.a(new_handler.o)
                0x00021da0                std::get_new_handler()
 .text          0x00021dac       0x14 c:/progra~2/gnuarm~1/92020-~1/bin/../lib/gcc/arm-none-eabi/9.3.1/thumb/v6-m/nofp\libgcc.a(_thumb1_case_uqi.o)
                0x00021dac                __gnu_thumb1_case_uqi
 .text          0x00021dc0       0x14 c:/progra~2/gnuarm~1/92020-~1/bin/../lib/gcc/arm-none-eabi/9.3.1/thumb/v6-m/nofp\libgcc.a(_thumb1_case_uhi.o)
                0x00021dc0                __gnu_thumb1_case_uhi
 .text          0x00021dd4      0x114 c:/progra~2/gnuarm~1/92020-~1/bin/../lib/gcc/arm-none-eabi/9.3.1/thumb/v6-m/nofp\libgcc.a(_udivsi3.o)
                0x00021dd4                __aeabi_uidiv
                0x00021dd4                __udivsi3
                0x00021ee0                __aeabi_uidivmod
 .text          0x00021ee8      0x1d4 c:/progra~2/gnuarm~1/92020-~1/bin/../lib/gcc/arm-none-eabi/9.3.1/thumb/v6-m/nofp\libgcc.a(_divsi3.o)
                0x00021ee8                __divsi3
                0x00021ee8                __aeabi_idiv
                0x000220b4                __aeabi_idivmod
 .text          0x000220bc        0x4 c:/progra~2/gnuarm~1/92020-~1/bin/../lib/gcc/arm-none-eabi/9.3.1/thumb/v6-m/nofp\libgcc.a(_dvmd_tls.o)
                0x000220bc                __aeabi_idiv0
                0x000220bc                __aeabi_ldiv0
 .text          0x000220c0       0x74 c:/progra~2/gnuarm~1/92020-~1/bin/../lib/gcc/arm-none-eabi/9.3.1/thumb/v6-m/nofp\libgcc.a(_arm_cmpsf2.o)
                0x000220c0                __aeabi_cfrcmple
                0x000220c8                __aeabi_cfcmpeq
                0x000220c8                __aeabi_cfcmple
                0x000220d8                __aeabi_fcmpeq
                0x000220e4                __aeabi_fcmplt
                0x000220f8                __aeabi_fcmple
                0x0002210c                __aeabi_fcmpgt
                0x00022120                __aeabi_fcmpge
 .text          0x00022134       0x40 c:/progra~2/gnuarm~1/92020-~1/bin/../lib/gcc/arm-none-eabi/9.3.1/thumb/v6-m/nofp\libgcc.a(_aeabi_uldivmod.o)
                0x00022134                __aeabi_uldivmod
 .text          0x00022174      0x198 c:/progra~2/gnuarm~1/92020-~1/bin/../lib/gcc/arm-none-eabi/9.3.1/thumb/v6-m/nofp\libgcc.a(_udivmoddi4.o)
                0x00022174                __udivmoddi4
 .text          0x0002230c      0x338 c:/progra~2/gnuarm~1/92020-~1/bin/../lib/gcc/arm-none-eabi/9.3.1/thumb/v6-m/nofp\libgcc.a(addsf3.o)
                0x0002230c                __aeabi_fadd
 .text          0x00022644      0x218 c:/progra~2/gnuarm~1/92020-~1/bin/../lib/gcc/arm-none-eabi/9.3.1/thumb/v6-m/nofp\libgcc.a(divsf3.o)